******************************************************************************
                  TI ARM Linker PC v20.2.6                     
******************************************************************************
>> Linked Wed Mar 22 10:09:19 2023

OUTPUT FILE NAME:   <Lab5.out>
ENTRY POINT SYMBOL: "_c_int00_noargs"  address: 000028a5


MEMORY CONFIGURATION

         name            origin    length      used     unused   attr    fill
----------------------  --------  ---------  --------  --------  ----  --------
  FLASH                 00000000   00040000  00002bc2  0003d43e  R  X
  SRAM                  20000000   00008000  00001301  00006cff  RW X


SEGMENT ALLOCATION MAP

run origin  load origin   length   init length attrs members
----------  ----------- ---------- ----------- ----- -------
00000000    00000000    00002bc8   00002bc8    r-x
  00000000    00000000    0000026c   0000026c    r-- .intvecs
  0000026c    0000026c    000027f8   000027f8    r-x .text
  00002a64    00002a64    0000011e   0000011e    r-- .const
  00002b88    00002b88    00000040   00000040    r-- .cinit
20000000    20000000    00001305   00000000    rw-
  20000000    20000000    0000026c   00000000    rw- .vtable
  20000270    20000270    00001000   00000000    rw- .stack
  20001270    20001270    0000008c   00000000    rw- .bss
  200012fc    200012fc    00000009   00000000    rw- .data


SECTION ALLOCATION MAP

 output                                  attributes/
section   page    origin      length       input sections
--------  ----  ----------  ----------   ----------------
.intvecs   0    00000000    0000026c     
                  00000000    0000026c     tm4c123gh6pm_startup_ccs.obj (.intvecs)

.text      0    0000026c    000027f8     
                  0000026c    00000a4e     rtsv7M4_T_le_v4SPD16_eabi.lib : _printfi.c.obj (.text:__TI_printfi)
                  00000cba    00000002                                   : div0.asm.obj (.text)
                  00000cbc    00000328     lcd.obj (.text)
                  00000fe4    000002a8     libcybotUART.lib : uart.obj (.text)
                  0000128c    00000270     rtsv7M4_T_le_v4SPD16_eabi.lib : _printfi.c.obj (.text:_pconv_a)
                  000014fc    00000248     Timer.obj (.text)
                  00001744    000001d0     rtsv7M4_T_le_v4SPD16_eabi.lib : _printfi.c.obj (.text:_pconv_g)
                  00001914    000001b6                                   : fd_add_t2.asm.obj (.text)
                  00001aca    00000002     --HOLE-- [fill = 0]
                  00001acc    0000013c                                   : _printfi.c.obj (.text:_pconv_e)
                  00001c08    00000136                                   : fd_div_t2.asm.obj (.text)
                  00001d3e    00000002     --HOLE-- [fill = 0]
                  00001d40    00000124                                   : _printfi.c.obj (.text:fcvt)
                  00001e64    00000110                                   : s_scalbn.c.obj (.text:scalbn)
                  00001f74    000000fc                                   : fd_mul_t2.asm.obj (.text)
                  00002070    000000c8     lab5_template.obj (.text)
                  00002138    000000b1     rtsv7M4_T_le_v4SPD16_eabi.lib : _printfi.c.obj (.text:_ltostr)
                  000021e9    00000001     --HOLE-- [fill = 0]
                  000021ea    0000009c                                   : memcpy_t2.asm.obj (.text)
                  00002286    00000096                                   : ull_div_t2.asm.obj (.text)
                  0000231c    00000086                                   : fd_cmp_t2.asm.obj (.text:__aeabi_cdcmple)
                  000023a2    00000086                                   : fd_cmp_t2.asm.obj (.text:__aeabi_cdrcmple)
                  00002428    0000007a                                   : memset_t2.asm.obj (.text)
                  000024a2    0000006e                                   : _printfi.c.obj (.text:_mcpy)
                  00002510    00000068                                   : copy_decompress_lzss.c.obj (.text:decompress:lzss:__TI_decompress_lzss)
                  00002578    00000064                                   : s_frexp.c.obj (.text:frexp)
                  000025dc    00000056                                   : _printfi.c.obj (.text:_pconv_f)
                  00002632    00000054                                   : _ltoa.c.obj (.text:__TI_ltoa)
                  00002686    00000052                                   : _printfi.c.obj (.text:_ecpy)
                  000026d8    0000004c                                   : atoi.c.obj (.text:atoi)
                  00002724    00000048                                   : fd_toi_t2.asm.obj (.text)
                  0000276c    00000044                                   : autoinit.c.obj (.text:__TI_auto_init_nobinit_nopinit:__TI_auto_init_nobinit_nopinit)
                  000027b0    00000040                                   : sprintf.c.obj (.text:sprintf)
                  000027f0    00000040                                   : vsnprintf.c.obj (.text:vsnprintf)
                  00002830    0000003e                                   : _printfi.c.obj (.text:_fcpy)
                  0000286e    00000002     --HOLE-- [fill = 0]
                  00002870    00000034     driverlib.lib : interrupt.obj (.text:IntRegister)
                  000028a4    00000034     rtsv7M4_T_le_v4SPD16_eabi.lib : boot_cortex_m.c.obj (.text:_c_int00_noargs:_c_int00_noargs)
                  000028d8    00000030                                   : vsnprintf.c.obj (.text:_outs)
                  00002908    0000002e                                   : i_tofd_t2.asm.obj (.text)
                  00002936    0000001c                                   : copy_zero_init.c.obj (.text:decompress:ZI:__TI_zero_init_nomemset:__TI_zero_init_nomemset)
                  00002952    0000001c                                   : memccpy.c.obj (.text:memccpy)
                  0000296e    0000001a                                   : s_copysign.c.obj (.text:copysign)
                  00002988    00000018                                   : vsnprintf.c.obj (.text:_outc)
                  000029a0    00000018                                   : sprintf.c.obj (.text:_outs)
                  000029b8    00000018                                   : strcmp.c.obj (.text:strcmp)
                  000029d0    00000016                                   : strchr.c.obj (.text:strchr)
                  000029e6    00000014                                   : strcpy.c.obj (.text:strcpy)
                  000029fa    00000014                                   : strlen.c.obj (.text:strlen)
                  00002a0e    00000012                                   : wcslen.c.obj (.text:wcslen)
                  00002a20    00000010     lcd.obj (.text:lcd_clear)
                  00002a30    0000000e     rtsv7M4_T_le_v4SPD16_eabi.lib : copy_decompress_none.c.obj (.text:decompress:none:__TI_decompress_none)
                  00002a3e    0000000c     tm4c123gh6pm_startup_ccs.obj (.text)
                  00002a4a    0000000a     rtsv7M4_T_le_v4SPD16_eabi.lib : sprintf.c.obj (.text:_outc)
                  00002a54    00000008                                   : errno.c.obj (.text:__aeabi_errno_addr)
                  00002a5c    00000004                                   : pre_init.c.obj (.text:_system_pre_init)
                  00002a60    00000004                                   : exit.c.obj (.text:abort:abort)

.const     0    00002a64    0000011e     
                  00002a64    00000101     rtsv7M4_T_le_v4SPD16_eabi.lib : ctype.c.obj (.const:.string:_ctypes_)
                  00002b65    00000015     lab5_template.obj (.const:.string:$P$T0$1)
                  00002b7a    00000004     lcd.obj (.const:.string:lineAddress$1)
                  00002b7e    00000004     lcd.obj (.const:.string:lineAddresses$2)

.cinit     0    00002b88    00000040     
                  00002b88    0000000c     (__TI_handler_table)
                  00002b94    00000004     --HOLE-- [fill = 0]
                  00002b98    00000008     (.cinit..bss.load) [load image, compression = zero_init]
                  00002ba0    00000008     (.cinit..vtable.load) [load image, compression = zero_init]
                  00002ba8    00000007     (.cinit..data.load) [load image, compression = lzss]
                  00002baf    00000001     --HOLE-- [fill = 0]
                  00002bb0    00000018     (__TI_cinit_table)

.init_array 
*          0    00000000    00000000     UNINITIALIZED

.vtable    0    20000000    0000026c     UNINITIALIZED
                  20000000    0000026c     driverlib.lib : interrupt.obj (.vtable)

.bss       0    20001270    0000008c     UNINITIALIZED
                  20001270    00000054     lcd.obj (.bss:lastbuffer$3)
                  200012c4    00000034     (.common:isr_char_buffer)
                  200012f8    00000004     (.common:_timeout_ticks)

.data      0    200012fc    00000009     UNINITIALIZED
                  200012fc    00000004     libcybotUART.lib : uart.obj (.data)
                  20001300    00000004     rtsv7M4_T_le_v4SPD16_eabi.lib : errno.c.obj (.data)
                  20001304    00000001     Timer.obj (.data)

.stack     0    20000270    00001000     UNINITIALIZED
                  20000270    00000004     rtsv7M4_T_le_v4SPD16_eabi.lib : boot_cortex_m.c.obj (.stack)
                  20000274    00000ffc     --HOLE--

__llvm_prf_cnts 
*          0    20000000    00000000     UNINITIALIZED

MODULE SUMMARY

       Module                         code    ro data   rw data
       ------                         ----    -------   -------
    .\
       tm4c123gh6pm_startup_ccs.obj   12      620       0      
    +--+------------------------------+-------+---------+---------+
       Total:                         12      620       0      
                                                               
    .\Lab5 Code Files\
       lcd.obj                        824     8         84     
       Timer.obj                      584     0         5      
       lab5_template.obj              200     21        0      
    +--+------------------------------+-------+---------+---------+
       Total:                         1608    29        89     
                                                               
    ../Lab5 Code Files/libcybotUART.lib
       uart.obj                       680     0         56     
    +--+------------------------------+-------+---------+---------+
       Total:                         680     0         56     
                                                               
    C:/ti/TivaWare_C_Series-2.2.0.295/driverlib/ccs/Debug/driverlib.lib
       interrupt.obj                  52      0         620    
    +--+------------------------------+-------+---------+---------+
       Total:                         52      0         620    
                                                               
    C:\ti\ccs1200\ccs\tools\compiler\ti-cgt-arm_20.2.6.LTS\lib\rtsv7M4_T_le_v4SPD16_eabi.lib
       _printfi.c.obj                 4851    0         0      
       fd_add_t2.asm.obj              438     0         0      
       fd_div_t2.asm.obj              310     0         0      
       s_scalbn.c.obj                 272     0         0      
       fd_cmp_t2.asm.obj              268     0         0      
       ctype.c.obj                    0       257       0      
       fd_mul_t2.asm.obj              252     0         0      
       memcpy_t2.asm.obj              156     0         0      
       ull_div_t2.asm.obj             150     0         0      
       vsnprintf.c.obj                136     0         0      
       memset_t2.asm.obj              122     0         0      
       copy_decompress_lzss.c.obj     104     0         0      
       s_frexp.c.obj                  100     0         0      
       sprintf.c.obj                  98      0         0      
       _ltoa.c.obj                    84      0         0      
       atoi.c.obj                     76      0         0      
       fd_toi_t2.asm.obj              72      0         0      
       autoinit.c.obj                 68      0         0      
       boot_cortex_m.c.obj            52      0         0      
       i_tofd_t2.asm.obj              46      0         0      
       copy_zero_init.c.obj           28      0         0      
       memccpy.c.obj                  28      0         0      
       s_copysign.c.obj               26      0         0      
       strcmp.c.obj                   24      0         0      
       strchr.c.obj                   22      0         0      
       strcpy.c.obj                   20      0         0      
       strlen.c.obj                   20      0         0      
       wcslen.c.obj                   18      0         0      
       copy_decompress_none.c.obj     14      0         0      
       errno.c.obj                    8       0         4      
       exit.c.obj                     4       0         0      
       pre_init.c.obj                 4       0         0      
       div0.asm.obj                   2       0         0      
    +--+------------------------------+-------+---------+---------+
       Total:                         7873    257       4      
                                                               
       Stack:                         0       0         4096   
       Linker Generated:              0       59        0      
    +--+------------------------------+-------+---------+---------+
       Grand Total:                   10225   965       4865   


LINKER GENERATED COPY TABLES

__TI_cinit_table @ 00002bb0 records: 3, size/record: 8, table size: 24
	.bss: load addr=00002b98, load size=00000008 bytes, run addr=20001270, run size=0000008c bytes, compression=zero_init
	.vtable: load addr=00002ba0, load size=00000008 bytes, run addr=20000000, run size=0000026c bytes, compression=zero_init
	.data: load addr=00002ba8, load size=00000007 bytes, run addr=200012fc, run size=00000009 bytes, compression=lzss


LINKER GENERATED HANDLER TABLE

__TI_handler_table @ 00002b88 records: 3, size/record: 4, table size: 12
	index: 0, handler: __TI_zero_init
	index: 1, handler: __TI_decompress_lzss
	index: 2, handler: __TI_decompress_none


GLOBAL SYMBOLS: SORTED ALPHABETICALLY BY Name 

address   name                          
-------   ----                          
00002a61  C$$EXIT                       
00002871  IntRegister                   
00002a3f  ResetISR                      
20001270  __STACK_END                   
00001000  __STACK_SIZE                  
20000470  __STACK_TOP                   
00002bb0  __TI_CINIT_Base               
00002bc8  __TI_CINIT_Limit              
00002b88  __TI_Handler_Table_Base       
00002b94  __TI_Handler_Table_Limit      
0000276d  __TI_auto_init_nobinit_nopinit
00002511  __TI_decompress_lzss          
00002a31  __TI_decompress_none          
00002633  __TI_ltoa                     
ffffffff  __TI_pprof_out_hndl           
0000026d  __TI_printfi                  
ffffffff  __TI_prof_data_size           
ffffffff  __TI_prof_data_start          
00000000  __TI_static_base__            
00002937  __TI_zero_init_nomemset       
0000231d  __aeabi_cdcmpeq               
0000231d  __aeabi_cdcmple               
000023a3  __aeabi_cdrcmple              
00002725  __aeabi_d2iz                  
0000191f  __aeabi_dadd                  
00001c09  __aeabi_ddiv                  
00001f75  __aeabi_dmul                  
00001915  __aeabi_dsub                  
00002a55  __aeabi_errno_addr            
00002909  __aeabi_i2d                   
00000cbb  __aeabi_idiv0                 
00000cbb  __aeabi_ldiv0                 
00002429  __aeabi_memclr                
00002429  __aeabi_memclr4               
00002429  __aeabi_memclr8               
000021eb  __aeabi_memcpy                
000021eb  __aeabi_memcpy4               
000021eb  __aeabi_memcpy8               
0000242b  __aeabi_memset                
0000242b  __aeabi_memset4               
0000242b  __aeabi_memset8               
00002287  __aeabi_uldivmod              
ffffffff  __binit__                     
ffffffff  __c_args__                    
UNDEFED   __mpu_init                    
20000270  __stack                       
20000000  __start___llvm_prf_cnts       
20000000  __stop___llvm_prf_cnts        
000028a5  _c_int00_noargs               
00002a64  _ctypes_                      
20001304  _running                      
UNDEFED   _system_post_cinit            
00002a5d  _system_pre_init              
200012f8  _timeout_ticks                
00002a61  abort                         
000026d9  atoi                          
ffffffff  binit                         
0000296f  copysign                      
0000296f  copysignl                     
00001231  cyBot_UART1_Handler           
00001223  cyBot_getByte_blocking        
00001203  cyBot_getByte_nonblocking     
00000fe5  cyBot_sendByte                
000011e9  cyBot_uart_flush              
00001153  cyBot_uart_init               
000010f3  cyBot_uart_init_PHJ_first_half
0000109b  cyBot_uart_init_clean         
00001023  cyBot_uart_init_last_half     
0000100b  cyBot_uart_sendBuffer         
00000ff1  cyBot_uart_sendStr            
20001300  errno                         
00002579  frexp                         
00002579  frexpl                        
20000000  g_pfnRAMVectors               
00000000  g_pfnVectors                  
200012c4  isr_char_buffer               
200012fc  isr_counter                   
00002a21  lcd_clear                     
00000e91  lcd_gotoLine                  
00000cf9  lcd_init                      
00000ef7  lcd_printf                    
00000db9  lcd_putc                      
00000df1  lcd_puts                      
00000cbd  lcd_reverseNibble             
00000e0f  lcd_sendCommand               
00000e4d  lcd_sendNibble                
00000eb9  lcd_setCursorPos              
00001e65  ldexp                         
00001e65  ldexpl                        
00002071  main                          
00002953  memccpy                       
000021eb  memcpy                        
00002431  memset                        
00001e65  scalbn                        
00001e65  scalbnl                       
000027b1  sprintf                       
000029d1  strchr                        
000029b9  strcmp                        
000029e7  strcpy                        
000029fb  strlen                        
0000161b  timer_getMicros               
000015c3  timer_getMillis               
000014fd  timer_init                    
0000159f  timer_pause                   
000015b1  timer_resume                  
00001575  timer_stop                    
00001675  timer_waitMicros              
000016a7  timer_waitMillis              
UNDEFED   uart_init                     
UNDEFED   uart_receive                  
UNDEFED   uart_sendChar                 
UNDEFED   uart_sendStr                  
000027f1  vsnprintf                     
00002a0f  wcslen                        


GLOBAL SYMBOLS: SORTED BY Symbol Address 

address   name                          
-------   ----                          
00000000  __TI_static_base__            
00000000  g_pfnVectors                  
0000026d  __TI_printfi                  
00000cbb  __aeabi_idiv0                 
00000cbb  __aeabi_ldiv0                 
00000cbd  lcd_reverseNibble             
00000cf9  lcd_init                      
00000db9  lcd_putc                      
00000df1  lcd_puts                      
00000e0f  lcd_sendCommand               
00000e4d  lcd_sendNibble                
00000e91  lcd_gotoLine                  
00000eb9  lcd_setCursorPos              
00000ef7  lcd_printf                    
00000fe5  cyBot_sendByte                
00000ff1  cyBot_uart_sendStr            
00001000  __STACK_SIZE                  
0000100b  cyBot_uart_sendBuffer         
00001023  cyBot_uart_init_last_half     
0000109b  cyBot_uart_init_clean         
000010f3  cyBot_uart_init_PHJ_first_half
00001153  cyBot_uart_init               
000011e9  cyBot_uart_flush              
00001203  cyBot_getByte_nonblocking     
00001223  cyBot_getByte_blocking        
00001231  cyBot_UART1_Handler           
000014fd  timer_init                    
00001575  timer_stop                    
0000159f  timer_pause                   
000015b1  timer_resume                  
000015c3  timer_getMillis               
0000161b  timer_getMicros               
00001675  timer_waitMicros              
000016a7  timer_waitMillis              
00001915  __aeabi_dsub                  
0000191f  __aeabi_dadd                  
00001c09  __aeabi_ddiv                  
00001e65  ldexp                         
00001e65  ldexpl                        
00001e65  scalbn                        
00001e65  scalbnl                       
00001f75  __aeabi_dmul                  
00002071  main                          
000021eb  __aeabi_memcpy                
000021eb  __aeabi_memcpy4               
000021eb  __aeabi_memcpy8               
000021eb  memcpy                        
00002287  __aeabi_uldivmod              
0000231d  __aeabi_cdcmpeq               
0000231d  __aeabi_cdcmple               
000023a3  __aeabi_cdrcmple              
00002429  __aeabi_memclr                
00002429  __aeabi_memclr4               
00002429  __aeabi_memclr8               
0000242b  __aeabi_memset                
0000242b  __aeabi_memset4               
0000242b  __aeabi_memset8               
00002431  memset                        
00002511  __TI_decompress_lzss          
00002579  frexp                         
00002579  frexpl                        
00002633  __TI_ltoa                     
000026d9  atoi                          
00002725  __aeabi_d2iz                  
0000276d  __TI_auto_init_nobinit_nopinit
000027b1  sprintf                       
000027f1  vsnprintf                     
00002871  IntRegister                   
000028a5  _c_int00_noargs               
00002909  __aeabi_i2d                   
00002937  __TI_zero_init_nomemset       
00002953  memccpy                       
0000296f  copysign                      
0000296f  copysignl                     
000029b9  strcmp                        
000029d1  strchr                        
000029e7  strcpy                        
000029fb  strlen                        
00002a0f  wcslen                        
00002a21  lcd_clear                     
00002a31  __TI_decompress_none          
00002a3f  ResetISR                      
00002a55  __aeabi_errno_addr            
00002a5d  _system_pre_init              
00002a61  C$$EXIT                       
00002a61  abort                         
00002a64  _ctypes_                      
00002b88  __TI_Handler_Table_Base       
00002b94  __TI_Handler_Table_Limit      
00002bb0  __TI_CINIT_Base               
00002bc8  __TI_CINIT_Limit              
20000000  __start___llvm_prf_cnts       
20000000  __stop___llvm_prf_cnts        
20000000  g_pfnRAMVectors               
20000270  __stack                       
20000470  __STACK_TOP                   
20001270  __STACK_END                   
200012c4  isr_char_buffer               
200012f8  _timeout_ticks                
200012fc  isr_counter                   
20001300  errno                         
20001304  _running                      
ffffffff  __TI_pprof_out_hndl           
ffffffff  __TI_prof_data_size           
ffffffff  __TI_prof_data_start          
ffffffff  __binit__                     
ffffffff  __c_args__                    
ffffffff  binit                         
UNDEFED   __mpu_init                    
UNDEFED   _system_post_cinit            
UNDEFED   uart_init                     
UNDEFED   uart_receive                  
UNDEFED   uart_sendChar                 
UNDEFED   uart_sendStr                  

[114 symbols]
