******************************************************************************
                  TI ARM Linker PC v20.2.6                     
******************************************************************************
>> Linked Tue Mar 28 17:43:13 2023

OUTPUT FILE NAME:   <Lab3.out>
ENTRY POINT SYMBOL: "_c_int00_noargs"  address: 000044ad


MEMORY CONFIGURATION

         name            origin    length      used     unused   attr    fill
----------------------  --------  ---------  --------  --------  ----  --------
  FLASH                 00000000   00040000  000048f0  0003b710  R  X
  SRAM                  20000000   00008000  000024ff  00005b01  RW X


SEGMENT ALLOCATION MAP

run origin  load origin   length   init length attrs members
----------  ----------- ---------- ----------- ----- -------
00000000    00000000    000048f0   000048f0    r-x
  00000000    00000000    0000026c   0000026c    r-- .intvecs
  0000026c    0000026c    00004494   00004494    r-x .text
  00004700    00004700    00000198   00000198    r-- .const
  00004898    00004898    00000058   00000058    r-- .cinit
20000000    20000000    00002506   00000000    rw-
  20000000    20000000    0000026c   00000000    rw- .vtable
  20000270    20000270    00001000   00000000    rw- .stack
  20001270    20001270    00001000   00000000    rw- .sysmem
  20002270    20002270    0000024d   00000000    rw- .bss
  200024c0    200024c0    00000046   00000000    rw- .data


SECTION ALLOCATION MAP

 output                                  attributes/
section   page    origin      length       input sections
--------  ----  ----------  ----------   ----------------
.intvecs   0    00000000    0000026c     
                  00000000    0000026c     tm4c123gh6pm_startup_ccs.obj (.intvecs)

.text      0    0000026c    00004494     
                  0000026c    00000c20     open_interface.obj (.text)
                  00000e8c    00000a4e     rtsv7M4_T_le_v4SPD16_eabi.lib : _printfi.c.obj (.text:__TI_printfi)
                  000018da    00000002                                   : _lock.c.obj (.text:_nop)
                  000018dc    00000574     main.obj (.text)
                  00001e50    00000328     lcd.obj (.text)
                  00002178    00000298     movement.obj (.text)
                  00002410    00000270     rtsv7M4_T_le_v4SPD16_eabi.lib : _printfi.c.obj (.text:_pconv_a)
                  00002680    00000260     libcybotScan.lib : cyBot_Scan.obj (.text)
                  000028e0    00000248     Timer.obj (.text)
                  00002b28    000001ec     libcybotScan.lib : ping.obj (.text)
                  00002d14    000001d0     rtsv7M4_T_le_v4SPD16_eabi.lib : _printfi.c.obj (.text:_pconv_g)
                  00002ee4    000001b6                                   : fd_add_t2.asm.obj (.text)
                  0000309a    00000002                                   : div0.asm.obj (.text)
                  0000309c    0000015c     libcybotUART.lib : uart.obj (.text)
                  000031f8    00000158     libcybotScan.lib : servo.obj (.text)
                  00003350    0000013c     rtsv7M4_T_le_v4SPD16_eabi.lib : _printfi.c.obj (.text:_pconv_e)
                  0000348c    00000136                                   : fd_div_t2.asm.obj (.text)
                  000035c2    00000002     --HOLE-- [fill = 0]
                  000035c4    00000124                                   : _printfi.c.obj (.text:fcvt)
                  000036e8    00000118     libcybotScan.lib : ir.obj (.text)
                  00003800    00000110     rtsv7M4_T_le_v4SPD16_eabi.lib : s_scalbn.c.obj (.text:scalbn)
                  00003910    00000100                                   : memory.c.obj (.text:aligned_alloc)
                  00003a10    000000fc                                   : fd_mul_t2.asm.obj (.text)
                  00003b0c    000000e4                                   : memory.c.obj (.text:free)
                  00003bf0    000000b1                                   : _printfi.c.obj (.text:_ltostr)
                  00003ca1    00000001     --HOLE-- [fill = 0]
                  00003ca2    0000009c                                   : memcpy_t2.asm.obj (.text)
                  00003d3e    00000096                                   : ull_div_t2.asm.obj (.text)
                  00003dd4    00000086                                   : fd_cmp_t2.asm.obj (.text:__aeabi_cdcmple)
                  00003e5a    00000086                                   : fd_cmp_t2.asm.obj (.text:__aeabi_cdrcmple)
                  00003ee0    0000007a                                   : memset_t2.asm.obj (.text)
                  00003f5a    00000002     --HOLE-- [fill = 0]
                  00003f5c    00000070                                   : memory.c.obj (.text:split)
                  00003fcc    0000006e                                   : _printfi.c.obj (.text:_mcpy)
                  0000403a    0000006e                                   : fd_tos_t2.asm.obj (.text)
                  000040a8    00000068                                   : copy_decompress_lzss.c.obj (.text:decompress:lzss:__TI_decompress_lzss)
                  00004110    00000064                                   : s_frexp.c.obj (.text:frexp)
                  00004174    00000056                                   : _printfi.c.obj (.text:_pconv_f)
                  000041ca    00000054                                   : _ltoa.c.obj (.text:__TI_ltoa)
                  0000421e    00000052                                   : _printfi.c.obj (.text:_ecpy)
                  00004270    0000004c                                   : atoi.c.obj (.text:atoi)
                  000042bc    00000048                                   : fd_toi_t2.asm.obj (.text)
                  00004304    00000044                                   : autoinit.c.obj (.text:__TI_auto_init_nobinit_nopinit:__TI_auto_init_nobinit_nopinit)
                  00004348    00000040                                   : sprintf.c.obj (.text:sprintf)
                  00004388    00000040                                   : vsnprintf.c.obj (.text:vsnprintf)
                  000043c8    0000003e                                   : _printfi.c.obj (.text:_fcpy)
                  00004406    00000002     --HOLE-- [fill = 0]
                  00004408    00000038                                   : memory.c.obj (.text:calloc)
                  00004440    00000038                                   : fs_tod_t2.asm.obj (.text)
                  00004478    00000034     driverlib.lib : interrupt.obj (.text:IntRegister)
                  000044ac    00000034     rtsv7M4_T_le_v4SPD16_eabi.lib : boot_cortex_m.c.obj (.text:_c_int00_noargs:_c_int00_noargs)
                  000044e0    00000030                                   : vsnprintf.c.obj (.text:_outs)
                  00004510    0000002e                                   : i_tofd_t2.asm.obj (.text)
                  0000453e    00000002     --HOLE-- [fill = 0]
                  00004540    00000028                                   : memory.c.obj (.text:free_list_insert)
                  00004568    00000020                                   : u_tofd_t2.asm.obj (.text)
                  00004588    0000001c                                   : memory.c.obj (.text:free_list_remove)
                  000045a4    0000001c                                   : memccpy.c.obj (.text:memccpy)
                  000045c0    0000001a                                   : s_copysign.c.obj (.text:copysign)
                  000045da    00000018                                   : vsnprintf.c.obj (.text:_outc)
                  000045f2    00000018                                   : sprintf.c.obj (.text:_outs)
                  0000460a    00000018     open_interface.obj (.text:oi_parseInt)
                  00004622    00000018     rtsv7M4_T_le_v4SPD16_eabi.lib : strcmp.c.obj (.text:strcmp)
                  0000463a    00000016                                   : strchr.c.obj (.text:strchr)
                  00004650    00000014                                   : strcpy.c.obj (.text:strcpy)
                  00004664    00000014                                   : strlen.c.obj (.text:strlen)
                  00004678    00000012                                   : wcslen.c.obj (.text:wcslen)
                  0000468a    00000010     driverlib.lib : interrupt.obj (.text:IntMasterEnable)
                  0000469a    00000010     lcd.obj (.text:lcd_clear)
                  000046aa    0000000e     rtsv7M4_T_le_v4SPD16_eabi.lib : copy_decompress_none.c.obj (.text:decompress:none:__TI_decompress_none)
                  000046b8    0000000c     driverlib.lib : cpu.obj (.text:CPUcpsie)
                  000046c4    0000000c     rtsv7M4_T_le_v4SPD16_eabi.lib : copy_zero_init.c.obj (.text:decompress:ZI:__TI_zero_init)
                  000046d0    0000000c     tm4c123gh6pm_startup_ccs.obj (.text)
                  000046dc    0000000a     rtsv7M4_T_le_v4SPD16_eabi.lib : sprintf.c.obj (.text:_outc)
                  000046e6    00000002     --HOLE-- [fill = 0]
                  000046e8    00000008                                   : errno.c.obj (.text:__aeabi_errno_addr)
                  000046f0    00000008                                   : memory.c.obj (.text:malloc)
                  000046f8    00000004                                   : pre_init.c.obj (.text:_system_pre_init)
                  000046fc    00000004                                   : exit.c.obj (.text:abort:abort)

.const     0    00004700    00000198     
                  00004700    00000101     rtsv7M4_T_le_v4SPD16_eabi.lib : ctype.c.obj (.const:.string:_ctypes_)
                  00004801    00000029     main.obj (.const:.string:$P$T1$2)
                  0000482a    00000028     main.obj (.const:.string:$P$T0$1)
                  00004852    00000020     main.obj (.const:.string:$P$T2$3)
                  00004872    0000000f     open_interface.obj (.const:.string:$P$T0$3)
                  00004881    0000000c     main.obj (.const:.string:$P$T3$4)
                  0000488d    00000004     lcd.obj (.const:.string:lineAddress$1)
                  00004891    00000004     lcd.obj (.const:.string:lineAddresses$2)
                  00004895    00000003     main.obj (.const:.string:$P$T4$5)

.cinit     0    00004898    00000058     
                  00004898    00000020     (.cinit..data.load) [load image, compression = lzss]
                  000048b8    0000000c     (__TI_handler_table)
                  000048c4    00000004     --HOLE-- [fill = 0]
                  000048c8    00000008     (.cinit..bss.load) [load image, compression = zero_init]
                  000048d0    00000008     (.cinit..vtable.load) [load image, compression = zero_init]
                  000048d8    00000018     (__TI_cinit_table)

.init_array 
*          0    00000000    00000000     UNINITIALIZED

.vtable    0    20000000    0000026c     UNINITIALIZED
                  20000000    0000026c     driverlib.lib : interrupt.obj (.vtable)

.stack     0    20000270    00001000     UNINITIALIZED
                  20000270    00000004     rtsv7M4_T_le_v4SPD16_eabi.lib : boot_cortex_m.c.obj (.stack)
                  20000274    00000ffc     --HOLE--

.sysmem    0    20001270    00001000     UNINITIALIZED
                  20001270    00000010     rtsv7M4_T_le_v4SPD16_eabi.lib : memory.c.obj (.sysmem)
                  20001280    00000ff0     --HOLE--

.bss       0    20002270    0000024d     UNINITIALIZED
                  20002270    00000168     (.common:array)
                  200023d8    00000054     lcd.obj (.bss:lastbuffer$3)
                  2000242c    00000034     (.common:isr_char_buffer)
                  20002460    00000028     (.common:ang)
                  20002488    00000018     open_interface.obj (.bss:firmware$2)
                  200024a0    00000004     (.common:_timeout_ticks)
                  200024a4    00000004     (.common:fallingEdge)
                  200024a8    00000004     (.common:isr_int_value)
                  200024ac    00000004     (.common:left_calibration_value)
                  200024b0    00000004     (.common:pulseLength)
                  200024b4    00000004     (.common:right_calibration_value)
                  200024b8    00000004     (.common:risingEdge)
                  200024bc    00000001     (.common:isRisingEdge)

.data      0    200024c0    00000046     UNINITIALIZED
                  200024c0    00000020     open_interface.obj (.data)
                  200024e0    00000008     rtsv7M4_T_le_v4SPD16_eabi.lib : _lock.c.obj (.data:$O1$$)
                  200024e8    00000008                                   : memory.c.obj (.data:$O1$$)
                  200024f0    00000004     libcybotScan.lib : cyBot_Scan.obj (.data)
                  200024f4    00000004     libcybotUART.lib : uart.obj (.data)
                  200024f8    00000004     main.obj (.data)
                  200024fc    00000004     rtsv7M4_T_le_v4SPD16_eabi.lib : errno.c.obj (.data)
                  20002500    00000003     main.obj (.data:newLine)
                  20002503    00000002     main.obj (.data:tab)
                  20002505    00000001     Timer.obj (.data)

__llvm_prf_cnts 
*          0    20000000    00000000     UNINITIALIZED

MODULE SUMMARY

       Module                         code    ro data   rw data
       ------                         ----    -------   -------
    .\
       tm4c123gh6pm_startup_ccs.obj   12      620       0      
    +--+------------------------------+-------+---------+---------+
       Total:                         12      620       0      
                                                               
    .\Lab3 Code Files\
       open_interface.obj             3128    15        56     
       main.obj                       1396    128       417    
       lcd.obj                        824     8         84     
       movement.obj                   664     0         0      
       Timer.obj                      584     0         5      
    +--+------------------------------+-------+---------+---------+
       Total:                         6596    151       562    
                                                               
    ../Lab3 Code Files/libcybotScan.lib
       cyBot_Scan.obj                 608     0         4      
       ping.obj                       492     0         13     
       servo.obj                      344     0         0      
       ir.obj                         280     0         4      
    +--+------------------------------+-------+---------+---------+
       Total:                         1724    0         21     
                                                               
    ../Lab3 Code Files/libcybotUART.lib
       uart.obj                       348     0         56     
    +--+------------------------------+-------+---------+---------+
       Total:                         348     0         56     
                                                               
    C:/ti/TivaWare_C_Series-2.2.0.295/driverlib/ccs/Debug/driverlib.lib
       interrupt.obj                  68      0         620    
       cpu.obj                        12      0         0      
    +--+------------------------------+-------+---------+---------+
       Total:                         80      0         620    
                                                               
    C:\ti\ccs1200\ccs\tools\compiler\ti-cgt-arm_20.2.6.LTS\lib\rtsv7M4_T_le_v4SPD16_eabi.lib
       _printfi.c.obj                 4851    0         0      
       memory.c.obj                   728     0         8      
       fd_add_t2.asm.obj              438     0         0      
       fd_div_t2.asm.obj              310     0         0      
       s_scalbn.c.obj                 272     0         0      
       fd_cmp_t2.asm.obj              268     0         0      
       ctype.c.obj                    0       257       0      
       fd_mul_t2.asm.obj              252     0         0      
       memcpy_t2.asm.obj              156     0         0      
       ull_div_t2.asm.obj             150     0         0      
       vsnprintf.c.obj                136     0         0      
       memset_t2.asm.obj              122     0         0      
       fd_tos_t2.asm.obj              110     0         0      
       copy_decompress_lzss.c.obj     104     0         0      
       s_frexp.c.obj                  100     0         0      
       sprintf.c.obj                  98      0         0      
       _ltoa.c.obj                    84      0         0      
       atoi.c.obj                     76      0         0      
       fd_toi_t2.asm.obj              72      0         0      
       autoinit.c.obj                 68      0         0      
       fs_tod_t2.asm.obj              56      0         0      
       boot_cortex_m.c.obj            52      0         0      
       i_tofd_t2.asm.obj              46      0         0      
       u_tofd_t2.asm.obj              32      0         0      
       memccpy.c.obj                  28      0         0      
       s_copysign.c.obj               26      0         0      
       strcmp.c.obj                   24      0         0      
       strchr.c.obj                   22      0         0      
       strcpy.c.obj                   20      0         0      
       strlen.c.obj                   20      0         0      
       wcslen.c.obj                   18      0         0      
       copy_decompress_none.c.obj     14      0         0      
       copy_zero_init.c.obj           12      0         0      
       errno.c.obj                    8       0         4      
       _lock.c.obj                    2       0         8      
       exit.c.obj                     4       0         0      
       pre_init.c.obj                 4       0         0      
       div0.asm.obj                   2       0         0      
    +--+------------------------------+-------+---------+---------+
       Total:                         8785    257       20     
                                                               
       Heap:                          0       0         4096   
       Stack:                         0       0         4096   
       Linker Generated:              0       84        0      
    +--+------------------------------+-------+---------+---------+
       Grand Total:                   17545   1112      9471   


LINKER GENERATED COPY TABLES

__TI_cinit_table @ 000048d8 records: 3, size/record: 8, table size: 24
	.data: load addr=00004898, load size=00000020 bytes, run addr=200024c0, run size=00000046 bytes, compression=lzss
	.bss: load addr=000048c8, load size=00000008 bytes, run addr=20002270, run size=0000024d bytes, compression=zero_init
	.vtable: load addr=000048d0, load size=00000008 bytes, run addr=20000000, run size=0000026c bytes, compression=zero_init


LINKER GENERATED HANDLER TABLE

__TI_handler_table @ 000048b8 records: 3, size/record: 4, table size: 12
	index: 0, handler: __TI_zero_init
	index: 1, handler: __TI_decompress_lzss
	index: 2, handler: __TI_decompress_none


GLOBAL SYMBOLS: SORTED ALPHABETICALLY BY Name 

address   name                          
-------   ----                          
00003781  ADC0SS0_Handler               
000046fd  C$$EXIT                       
000046b9  CPUcpsie                      
00000bc3  GPIOF_Handler                 
0000468b  IntMasterEnable               
00004479  IntRegister                   
000046d1  ResetISR                      
00002c19  TIMER3B_Handler               
20001270  __STACK_END                   
00001000  __STACK_SIZE                  
20000470  __STACK_TOP                   
00001000  __SYSMEM_SIZE                 
000048d8  __TI_CINIT_Base               
000048f0  __TI_CINIT_Limit              
000048b8  __TI_Handler_Table_Base       
000048c4  __TI_Handler_Table_Limit      
00004305  __TI_auto_init_nobinit_nopinit
000040a9  __TI_decompress_lzss          
000046ab  __TI_decompress_none          
000041cb  __TI_ltoa                     
ffffffff  __TI_pprof_out_hndl           
00000e8d  __TI_printfi                  
ffffffff  __TI_prof_data_size           
ffffffff  __TI_prof_data_start          
00000000  __TI_static_base__            
000046c5  __TI_zero_init                
00003dd5  __aeabi_cdcmpeq               
00003dd5  __aeabi_cdcmple               
00003e5b  __aeabi_cdrcmple              
0000403b  __aeabi_d2f                   
000042bd  __aeabi_d2iz                  
00002eef  __aeabi_dadd                  
0000348d  __aeabi_ddiv                  
00003a11  __aeabi_dmul                  
00002ee5  __aeabi_dsub                  
000046e9  __aeabi_errno_addr            
00004441  __aeabi_f2d                   
00004511  __aeabi_i2d                   
0000309b  __aeabi_idiv0                 
0000309b  __aeabi_ldiv0                 
00003ee1  __aeabi_memclr                
00003ee1  __aeabi_memclr4               
00003ee1  __aeabi_memclr8               
00003ca3  __aeabi_memcpy                
00003ca3  __aeabi_memcpy4               
00003ca3  __aeabi_memcpy8               
00003ee3  __aeabi_memset                
00003ee3  __aeabi_memset4               
00003ee3  __aeabi_memset8               
00004569  __aeabi_ui2d                  
00003d3f  __aeabi_uldivmod              
ffffffff  __binit__                     
ffffffff  __c_args__                    
UNDEFED   __mpu_init                    
20000270  __stack                       
20000000  __start___llvm_prf_cnts       
20000000  __stop___llvm_prf_cnts        
000044ad  _c_int00_noargs               
00004700  _ctypes_                      
200024e0  _lock                         
000018db  _nop                          
20002505  _running                      
20001270  _sys_memory                   
UNDEFED   _system_post_cinit            
000046f9  _system_pre_init              
200024a0  _timeout_ticks                
200024e4  _unlock                       
000046fd  abort                         
00003911  aligned_alloc                 
20002460  ang                           
20002270  array                         
00004271  atoi                          
ffffffff  binit                         
00004409  calloc                        
000045c1  copysign                      
000045c1  copysignl                     
00002759  cyBOT_SERVO_cal               
000026e7  cyBOT_Scan                    
0000268f  cyBOT_init_Scan               
200024f0  cyBOT_scan_features           
00002681  cyBOT_scan_version            
000031a5  cyBot_UART1_Handler           
0000318b  cyBot_getByte                 
0000309d  cyBot_sendByte                
0000316d  cyBot_uart_flush              
000030db  cyBot_uart_init               
000030c3  cyBot_uart_sendBuffer         
000030a9  cyBot_uart_sendStr            
000019cd  detect                        
00001cfb  doScan                        
200024fc  errno                         
200024a4  fallingEdge                   
00003b0d  free                          
00004111  frexp                         
00004111  frexpl                        
20000000  g_pfnRAMVectors               
00000000  g_pfnVectors                  
0000097f  go_charge                     
00003797  ir_enableInterrupt            
00003779  ir_getDistance                
00003751  ir_getValue                   
000036e9  ir_init                       
200024bc  isRisingEdge                  
2000242c  isr_char_buffer               
200024f4  isr_counter                   
200024a8  isr_int_value                 
0000469b  lcd_clear                     
00002025  lcd_gotoLine                  
00001e8d  lcd_init                      
0000208b  lcd_printf                    
00001f4d  lcd_putc                      
00001f85  lcd_puts                      
00001e51  lcd_reverseNibble             
00001fa3  lcd_sendCommand               
00001fe1  lcd_sendNibble                
0000204d  lcd_setCursorPos              
00003801  ldexp                         
00003801  ldexpl                        
200024ac  left_calibration_value        
000018dd  main                          
000046f1  malloc                        
00003911  memalign                      
000045a5  memccpy                       
00003ca3  memcpy                        
00003ee9  memset                        
200024c0  motor_cal_factor_L            
200024c4  motor_cal_factor_R            
00002355  move_around                   
0000222f  move_backwards                
00002179  move_forward                  
20002500  newLine                       
200024f8  objNum                        
0000026d  oi_alloc                      
00000aa9  oi_checkFirmware              
000002c7  oi_close                      
00000279  oi_free                       
00000ded  oi_getMotorCalibrationLeft    
00000e01  oi_getMotorCalibrationRight   
000002b1  oi_init                       
00000289  oi_init_noupdate              
00000915  oi_loadSong                   
0000460b  oi_parseInt                   
0000032b  oi_parsePacket                
0000096b  oi_play_song                  
0000084b  oi_setLeds                    
00000db1  oi_setMotorCalibration        
0000088f  oi_setWheels                  
00000b51  oi_shutoff_init               
0000098d  oi_uartInit                   
00000a31  oi_uartReceive                
00000a77  oi_uartSendBuff               
00000a15  oi_uartSendChar               
00000a59  oi_uartSendStr                
000002d9  oi_update                     
00002c6b  ping_getDistance              
00002b29  ping_init                     
00002baf  ping_trigger                  
200024b0  pulseLength                   
200024b4  right_calibration_value       
200024b8  risingEdge                    
00003801  scalbn                        
00003801  scalbnl                       
000031f9  servo_init                    
00003289  servo_move                    
000032e9  servo_setPWM                  
0000327d  servo_stop                    
00004349  sprintf                       
0000463b  strchr                        
00004623  strcmp                        
00004651  strcpy                        
00004665  strlen                        
20002503  tab                           
000029ff  timer_getMicros               
000029a7  timer_getMillis               
000028e1  timer_init                    
00002983  timer_pause                   
00002995  timer_resume                  
00002959  timer_stop                    
00002a59  timer_waitMicros              
00002a8b  timer_waitMillis              
0000229f  turn                          
00001dbd  uart_recieve                  
00001d83  uart_sendString               
00004389  vsnprintf                     
00004679  wcslen                        


GLOBAL SYMBOLS: SORTED BY Symbol Address 

address   name                          
-------   ----                          
00000000  __TI_static_base__            
00000000  g_pfnVectors                  
0000026d  oi_alloc                      
00000279  oi_free                       
00000289  oi_init_noupdate              
000002b1  oi_init                       
000002c7  oi_close                      
000002d9  oi_update                     
0000032b  oi_parsePacket                
0000084b  oi_setLeds                    
0000088f  oi_setWheels                  
00000915  oi_loadSong                   
0000096b  oi_play_song                  
0000097f  go_charge                     
0000098d  oi_uartInit                   
00000a15  oi_uartSendChar               
00000a31  oi_uartReceive                
00000a59  oi_uartSendStr                
00000a77  oi_uartSendBuff               
00000aa9  oi_checkFirmware              
00000b51  oi_shutoff_init               
00000bc3  GPIOF_Handler                 
00000db1  oi_setMotorCalibration        
00000ded  oi_getMotorCalibrationLeft    
00000e01  oi_getMotorCalibrationRight   
00000e8d  __TI_printfi                  
00001000  __STACK_SIZE                  
00001000  __SYSMEM_SIZE                 
000018db  _nop                          
000018dd  main                          
000019cd  detect                        
00001cfb  doScan                        
00001d83  uart_sendString               
00001dbd  uart_recieve                  
00001e51  lcd_reverseNibble             
00001e8d  lcd_init                      
00001f4d  lcd_putc                      
00001f85  lcd_puts                      
00001fa3  lcd_sendCommand               
00001fe1  lcd_sendNibble                
00002025  lcd_gotoLine                  
0000204d  lcd_setCursorPos              
0000208b  lcd_printf                    
00002179  move_forward                  
0000222f  move_backwards                
0000229f  turn                          
00002355  move_around                   
00002681  cyBOT_scan_version            
0000268f  cyBOT_init_Scan               
000026e7  cyBOT_Scan                    
00002759  cyBOT_SERVO_cal               
000028e1  timer_init                    
00002959  timer_stop                    
00002983  timer_pause                   
00002995  timer_resume                  
000029a7  timer_getMillis               
000029ff  timer_getMicros               
00002a59  timer_waitMicros              
00002a8b  timer_waitMillis              
00002b29  ping_init                     
00002baf  ping_trigger                  
00002c19  TIMER3B_Handler               
00002c6b  ping_getDistance              
00002ee5  __aeabi_dsub                  
00002eef  __aeabi_dadd                  
0000309b  __aeabi_idiv0                 
0000309b  __aeabi_ldiv0                 
0000309d  cyBot_sendByte                
000030a9  cyBot_uart_sendStr            
000030c3  cyBot_uart_sendBuffer         
000030db  cyBot_uart_init               
0000316d  cyBot_uart_flush              
0000318b  cyBot_getByte                 
000031a5  cyBot_UART1_Handler           
000031f9  servo_init                    
0000327d  servo_stop                    
00003289  servo_move                    
000032e9  servo_setPWM                  
0000348d  __aeabi_ddiv                  
000036e9  ir_init                       
00003751  ir_getValue                   
00003779  ir_getDistance                
00003781  ADC0SS0_Handler               
00003797  ir_enableInterrupt            
00003801  ldexp                         
00003801  ldexpl                        
00003801  scalbn                        
00003801  scalbnl                       
00003911  aligned_alloc                 
00003911  memalign                      
00003a11  __aeabi_dmul                  
00003b0d  free                          
00003ca3  __aeabi_memcpy                
00003ca3  __aeabi_memcpy4               
00003ca3  __aeabi_memcpy8               
00003ca3  memcpy                        
00003d3f  __aeabi_uldivmod              
00003dd5  __aeabi_cdcmpeq               
00003dd5  __aeabi_cdcmple               
00003e5b  __aeabi_cdrcmple              
00003ee1  __aeabi_memclr                
00003ee1  __aeabi_memclr4               
00003ee1  __aeabi_memclr8               
00003ee3  __aeabi_memset                
00003ee3  __aeabi_memset4               
00003ee3  __aeabi_memset8               
00003ee9  memset                        
0000403b  __aeabi_d2f                   
000040a9  __TI_decompress_lzss          
00004111  frexp                         
00004111  frexpl                        
000041cb  __TI_ltoa                     
00004271  atoi                          
000042bd  __aeabi_d2iz                  
00004305  __TI_auto_init_nobinit_nopinit
00004349  sprintf                       
00004389  vsnprintf                     
00004409  calloc                        
00004441  __aeabi_f2d                   
00004479  IntRegister                   
000044ad  _c_int00_noargs               
00004511  __aeabi_i2d                   
00004569  __aeabi_ui2d                  
000045a5  memccpy                       
000045c1  copysign                      
000045c1  copysignl                     
0000460b  oi_parseInt                   
00004623  strcmp                        
0000463b  strchr                        
00004651  strcpy                        
00004665  strlen                        
00004679  wcslen                        
0000468b  IntMasterEnable               
0000469b  lcd_clear                     
000046ab  __TI_decompress_none          
000046b9  CPUcpsie                      
000046c5  __TI_zero_init                
000046d1  ResetISR                      
000046e9  __aeabi_errno_addr            
000046f1  malloc                        
000046f9  _system_pre_init              
000046fd  C$$EXIT                       
000046fd  abort                         
00004700  _ctypes_                      
000048b8  __TI_Handler_Table_Base       
000048c4  __TI_Handler_Table_Limit      
000048d8  __TI_CINIT_Base               
000048f0  __TI_CINIT_Limit              
20000000  __start___llvm_prf_cnts       
20000000  __stop___llvm_prf_cnts        
20000000  g_pfnRAMVectors               
20000270  __stack                       
20000470  __STACK_TOP                   
20001270  __STACK_END                   
20001270  _sys_memory                   
20002270  array                         
2000242c  isr_char_buffer               
20002460  ang                           
200024a0  _timeout_ticks                
200024a4  fallingEdge                   
200024a8  isr_int_value                 
200024ac  left_calibration_value        
200024b0  pulseLength                   
200024b4  right_calibration_value       
200024b8  risingEdge                    
200024bc  isRisingEdge                  
200024c0  motor_cal_factor_L            
200024c4  motor_cal_factor_R            
200024e0  _lock                         
200024e4  _unlock                       
200024f0  cyBOT_scan_features           
200024f4  isr_counter                   
200024f8  objNum                        
200024fc  errno                         
20002500  newLine                       
20002503  tab                           
20002505  _running                      
ffffffff  __TI_pprof_out_hndl           
ffffffff  __TI_prof_data_size           
ffffffff  __TI_prof_data_start          
ffffffff  __binit__                     
ffffffff  __c_args__                    
ffffffff  binit                         
UNDEFED   __mpu_init                    
UNDEFED   _system_post_cinit            

[185 symbols]
