<?xml version="1.0" encoding="ISO-8859-1" ?>
<link_info>
   <banner>TI ARM Linker PC v20.2.6.LTS</banner>
   <copyright>Copyright (c) 1996-2018 Texas Instruments Incorporated</copyright>
   <link_time>0x64236d81</link_time>
   <link_errors>0x0</link_errors>
   <output_file>Lab3.out</output_file>
   <entry_point>
      <name>_c_int00_noargs</name>
      <address>0x44ad</address>
   </entry_point>
   <input_file_list>
      <input_file id="fl-2">
         <path>.\</path>
         <kind>object</kind>
         <file>tm4c123gh6pm_startup_ccs.obj</file>
         <name>tm4c123gh6pm_startup_ccs.obj</name>
      </input_file>
      <input_file id="fl-3">
         <path>.\Lab3 Code Files\</path>
         <kind>object</kind>
         <file>Timer.obj</file>
         <name>Timer.obj</name>
      </input_file>
      <input_file id="fl-4">
         <path>.\Lab3 Code Files\</path>
         <kind>object</kind>
         <file>lcd.obj</file>
         <name>lcd.obj</name>
      </input_file>
      <input_file id="fl-5">
         <path>.\Lab3 Code Files\</path>
         <kind>object</kind>
         <file>main.obj</file>
         <name>main.obj</name>
      </input_file>
      <input_file id="fl-6">
         <path>.\Lab3 Code Files\</path>
         <kind>object</kind>
         <file>movement.obj</file>
         <name>movement.obj</name>
      </input_file>
      <input_file id="fl-7">
         <path>.\Lab3 Code Files\</path>
         <kind>object</kind>
         <file>open_interface.obj</file>
         <name>open_interface.obj</name>
      </input_file>
      <input_file id="fl-e">
         <kind>object</kind>
         <file>&lt;internal&gt;</file>
         <name>&lt;internal&gt;</name>
      </input_file>
      <input_file id="fl-f">
         <path>..\Lab3 Code Files\</path>
         <kind>archive</kind>
         <file>libcybotScan.lib</file>
         <name>cyBot_Scan.obj</name>
      </input_file>
      <input_file id="fl-10">
         <path>..\Lab3 Code Files\</path>
         <kind>archive</kind>
         <file>libcybotScan.lib</file>
         <name>ir.obj</name>
      </input_file>
      <input_file id="fl-11">
         <path>..\Lab3 Code Files\</path>
         <kind>archive</kind>
         <file>libcybotScan.lib</file>
         <name>ping.obj</name>
      </input_file>
      <input_file id="fl-12">
         <path>..\Lab3 Code Files\</path>
         <kind>archive</kind>
         <file>libcybotScan.lib</file>
         <name>servo.obj</name>
      </input_file>
      <input_file id="fl-13">
         <path>..\Lab3 Code Files\</path>
         <kind>archive</kind>
         <file>libcybotUART.lib</file>
         <name>uart.obj</name>
      </input_file>
      <input_file id="fl-c9">
         <path>C:\ti\ccs1200\ccs\tools\compiler\ti-cgt-arm_20.2.6.LTS\lib\</path>
         <kind>archive</kind>
         <file>rtsv7M4_T_le_v4SPD16_eabi.lib</file>
         <name>sprintf.c.obj</name>
      </input_file>
      <input_file id="fl-ca">
         <path>C:\ti\ccs1200\ccs\tools\compiler\ti-cgt-arm_20.2.6.LTS\lib\</path>
         <kind>archive</kind>
         <file>rtsv7M4_T_le_v4SPD16_eabi.lib</file>
         <name>vsnprintf.c.obj</name>
      </input_file>
      <input_file id="fl-cb">
         <path>C:\ti\ccs1200\ccs\tools\compiler\ti-cgt-arm_20.2.6.LTS\lib\</path>
         <kind>archive</kind>
         <file>rtsv7M4_T_le_v4SPD16_eabi.lib</file>
         <name>fd_add_t2.asm.obj</name>
      </input_file>
      <input_file id="fl-cc">
         <path>C:\ti\ccs1200\ccs\tools\compiler\ti-cgt-arm_20.2.6.LTS\lib\</path>
         <kind>archive</kind>
         <file>rtsv7M4_T_le_v4SPD16_eabi.lib</file>
         <name>fd_cmp_t2.asm.obj</name>
      </input_file>
      <input_file id="fl-cd">
         <path>C:\ti\ccs1200\ccs\tools\compiler\ti-cgt-arm_20.2.6.LTS\lib\</path>
         <kind>archive</kind>
         <file>rtsv7M4_T_le_v4SPD16_eabi.lib</file>
         <name>fd_div_t2.asm.obj</name>
      </input_file>
      <input_file id="fl-ce">
         <path>C:\ti\ccs1200\ccs\tools\compiler\ti-cgt-arm_20.2.6.LTS\lib\</path>
         <kind>archive</kind>
         <file>rtsv7M4_T_le_v4SPD16_eabi.lib</file>
         <name>fd_mul_t2.asm.obj</name>
      </input_file>
      <input_file id="fl-cf">
         <path>C:\ti\ccs1200\ccs\tools\compiler\ti-cgt-arm_20.2.6.LTS\lib\</path>
         <kind>archive</kind>
         <file>rtsv7M4_T_le_v4SPD16_eabi.lib</file>
         <name>fd_tos_t2.asm.obj</name>
      </input_file>
      <input_file id="fl-d0">
         <path>C:\ti\ccs1200\ccs\tools\compiler\ti-cgt-arm_20.2.6.LTS\lib\</path>
         <kind>archive</kind>
         <file>rtsv7M4_T_le_v4SPD16_eabi.lib</file>
         <name>fs_tod_t2.asm.obj</name>
      </input_file>
      <input_file id="fl-d1">
         <path>C:\ti\ccs1200\ccs\tools\compiler\ti-cgt-arm_20.2.6.LTS\lib\</path>
         <kind>archive</kind>
         <file>rtsv7M4_T_le_v4SPD16_eabi.lib</file>
         <name>i_tofd_t2.asm.obj</name>
      </input_file>
      <input_file id="fl-d2">
         <path>C:\ti\ccs1200\ccs\tools\compiler\ti-cgt-arm_20.2.6.LTS\lib\</path>
         <kind>archive</kind>
         <file>rtsv7M4_T_le_v4SPD16_eabi.lib</file>
         <name>memcpy_t2.asm.obj</name>
      </input_file>
      <input_file id="fl-d3">
         <path>C:\ti\ccs1200\ccs\tools\compiler\ti-cgt-arm_20.2.6.LTS\lib\</path>
         <kind>archive</kind>
         <file>rtsv7M4_T_le_v4SPD16_eabi.lib</file>
         <name>u_tofd_t2.asm.obj</name>
      </input_file>
      <input_file id="fl-d4">
         <path>C:\ti\ccs1200\ccs\tools\compiler\ti-cgt-arm_20.2.6.LTS\lib\</path>
         <kind>archive</kind>
         <file>rtsv7M4_T_le_v4SPD16_eabi.lib</file>
         <name>copy_zero_init.c.obj</name>
      </input_file>
      <input_file id="fl-d5">
         <path>C:\ti\ccs1200\ccs\tools\compiler\ti-cgt-arm_20.2.6.LTS\lib\</path>
         <kind>archive</kind>
         <file>rtsv7M4_T_le_v4SPD16_eabi.lib</file>
         <name>copy_decompress_none.c.obj</name>
      </input_file>
      <input_file id="fl-d6">
         <path>C:\ti\ccs1200\ccs\tools\compiler\ti-cgt-arm_20.2.6.LTS\lib\</path>
         <kind>archive</kind>
         <file>rtsv7M4_T_le_v4SPD16_eabi.lib</file>
         <name>copy_decompress_lzss.c.obj</name>
      </input_file>
      <input_file id="fl-d7">
         <path>C:\ti\ccs1200\ccs\tools\compiler\ti-cgt-arm_20.2.6.LTS\lib\</path>
         <kind>archive</kind>
         <file>rtsv7M4_T_le_v4SPD16_eabi.lib</file>
         <name>memory.c.obj</name>
      </input_file>
      <input_file id="fl-d8">
         <path>C:\ti\ccs1200\ccs\tools\compiler\ti-cgt-arm_20.2.6.LTS\lib\</path>
         <kind>archive</kind>
         <file>rtsv7M4_T_le_v4SPD16_eabi.lib</file>
         <name>strcmp.c.obj</name>
      </input_file>
      <input_file id="fl-d9">
         <path>C:\ti\ccs1200\ccs\tools\compiler\ti-cgt-arm_20.2.6.LTS\lib\</path>
         <kind>archive</kind>
         <file>rtsv7M4_T_le_v4SPD16_eabi.lib</file>
         <name>strcpy.c.obj</name>
      </input_file>
      <input_file id="fl-da">
         <path>C:\ti\ccs1200\ccs\tools\compiler\ti-cgt-arm_20.2.6.LTS\lib\</path>
         <kind>archive</kind>
         <file>rtsv7M4_T_le_v4SPD16_eabi.lib</file>
         <name>strlen.c.obj</name>
      </input_file>
      <input_file id="fl-db">
         <path>C:\ti\ccs1200\ccs\tools\compiler\ti-cgt-arm_20.2.6.LTS\lib\</path>
         <kind>archive</kind>
         <file>rtsv7M4_T_le_v4SPD16_eabi.lib</file>
         <name>boot_cortex_m.c.obj</name>
      </input_file>
      <input_file id="fl-dc">
         <path>C:\ti\ccs1200\ccs\tools\compiler\ti-cgt-arm_20.2.6.LTS\lib\</path>
         <kind>archive</kind>
         <file>rtsv7M4_T_le_v4SPD16_eabi.lib</file>
         <name>_printfi.c.obj</name>
      </input_file>
      <input_file id="fl-dd">
         <path>C:\ti\ccs1200\ccs\tools\compiler\ti-cgt-arm_20.2.6.LTS\lib\</path>
         <kind>archive</kind>
         <file>rtsv7M4_T_le_v4SPD16_eabi.lib</file>
         <name>fd_toi_t2.asm.obj</name>
      </input_file>
      <input_file id="fl-de">
         <path>C:\ti\ccs1200\ccs\tools\compiler\ti-cgt-arm_20.2.6.LTS\lib\</path>
         <kind>archive</kind>
         <file>rtsv7M4_T_le_v4SPD16_eabi.lib</file>
         <name>memset_t2.asm.obj</name>
      </input_file>
      <input_file id="fl-df">
         <path>C:\ti\ccs1200\ccs\tools\compiler\ti-cgt-arm_20.2.6.LTS\lib\</path>
         <kind>archive</kind>
         <file>rtsv7M4_T_le_v4SPD16_eabi.lib</file>
         <name>ull_div_t2.asm.obj</name>
      </input_file>
      <input_file id="fl-e0">
         <path>C:\ti\ccs1200\ccs\tools\compiler\ti-cgt-arm_20.2.6.LTS\lib\</path>
         <kind>archive</kind>
         <file>rtsv7M4_T_le_v4SPD16_eabi.lib</file>
         <name>autoinit.c.obj</name>
      </input_file>
      <input_file id="fl-e1">
         <path>C:\ti\ccs1200\ccs\tools\compiler\ti-cgt-arm_20.2.6.LTS\lib\</path>
         <kind>archive</kind>
         <file>rtsv7M4_T_le_v4SPD16_eabi.lib</file>
         <name>pre_init.c.obj</name>
      </input_file>
      <input_file id="fl-e2">
         <path>C:\ti\ccs1200\ccs\tools\compiler\ti-cgt-arm_20.2.6.LTS\lib\</path>
         <kind>archive</kind>
         <file>rtsv7M4_T_le_v4SPD16_eabi.lib</file>
         <name>cpy_tbl.c.obj</name>
      </input_file>
      <input_file id="fl-e3">
         <path>C:\ti\ccs1200\ccs\tools\compiler\ti-cgt-arm_20.2.6.LTS\lib\</path>
         <kind>archive</kind>
         <file>rtsv7M4_T_le_v4SPD16_eabi.lib</file>
         <name>exit.c.obj</name>
      </input_file>
      <input_file id="fl-e4">
         <path>C:\ti\ccs1200\ccs\tools\compiler\ti-cgt-arm_20.2.6.LTS\lib\</path>
         <kind>archive</kind>
         <file>rtsv7M4_T_le_v4SPD16_eabi.lib</file>
         <name>_lock.c.obj</name>
      </input_file>
      <input_file id="fl-e5">
         <path>C:\ti\ccs1200\ccs\tools\compiler\ti-cgt-arm_20.2.6.LTS\lib\</path>
         <kind>archive</kind>
         <file>rtsv7M4_T_le_v4SPD16_eabi.lib</file>
         <name>_ltoa.c.obj</name>
      </input_file>
      <input_file id="fl-e6">
         <path>C:\ti\ccs1200\ccs\tools\compiler\ti-cgt-arm_20.2.6.LTS\lib\</path>
         <kind>archive</kind>
         <file>rtsv7M4_T_le_v4SPD16_eabi.lib</file>
         <name>args_main.c.obj</name>
      </input_file>
      <input_file id="fl-e7">
         <path>C:\ti\ccs1200\ccs\tools\compiler\ti-cgt-arm_20.2.6.LTS\lib\</path>
         <kind>archive</kind>
         <file>rtsv7M4_T_le_v4SPD16_eabi.lib</file>
         <name>atoi.c.obj</name>
      </input_file>
      <input_file id="fl-e8">
         <path>C:\ti\ccs1200\ccs\tools\compiler\ti-cgt-arm_20.2.6.LTS\lib\</path>
         <kind>archive</kind>
         <file>rtsv7M4_T_le_v4SPD16_eabi.lib</file>
         <name>ctype.c.obj</name>
      </input_file>
      <input_file id="fl-e9">
         <path>C:\ti\ccs1200\ccs\tools\compiler\ti-cgt-arm_20.2.6.LTS\lib\</path>
         <kind>archive</kind>
         <file>rtsv7M4_T_le_v4SPD16_eabi.lib</file>
         <name>memccpy.c.obj</name>
      </input_file>
      <input_file id="fl-ea">
         <path>C:\ti\ccs1200\ccs\tools\compiler\ti-cgt-arm_20.2.6.LTS\lib\</path>
         <kind>archive</kind>
         <file>rtsv7M4_T_le_v4SPD16_eabi.lib</file>
         <name>strchr.c.obj</name>
      </input_file>
      <input_file id="fl-eb">
         <path>C:\ti\ccs1200\ccs\tools\compiler\ti-cgt-arm_20.2.6.LTS\lib\</path>
         <kind>archive</kind>
         <file>rtsv7M4_T_le_v4SPD16_eabi.lib</file>
         <name>errno.c.obj</name>
      </input_file>
      <input_file id="fl-ec">
         <path>C:\ti\ccs1200\ccs\tools\compiler\ti-cgt-arm_20.2.6.LTS\lib\</path>
         <kind>archive</kind>
         <file>rtsv7M4_T_le_v4SPD16_eabi.lib</file>
         <name>s_frexp.c.obj</name>
      </input_file>
      <input_file id="fl-ed">
         <path>C:\ti\ccs1200\ccs\tools\compiler\ti-cgt-arm_20.2.6.LTS\lib\</path>
         <kind>archive</kind>
         <file>rtsv7M4_T_le_v4SPD16_eabi.lib</file>
         <name>s_scalbn.c.obj</name>
      </input_file>
      <input_file id="fl-ee">
         <path>C:\ti\ccs1200\ccs\tools\compiler\ti-cgt-arm_20.2.6.LTS\lib\</path>
         <kind>archive</kind>
         <file>rtsv7M4_T_le_v4SPD16_eabi.lib</file>
         <name>s_copysign.c.obj</name>
      </input_file>
      <input_file id="fl-ef">
         <path>C:\ti\ccs1200\ccs\tools\compiler\ti-cgt-arm_20.2.6.LTS\lib\</path>
         <kind>archive</kind>
         <file>rtsv7M4_T_le_v4SPD16_eabi.lib</file>
         <name>wcslen.c.obj</name>
      </input_file>
      <input_file id="fl-f0">
         <path>C:\ti\ccs1200\ccs\tools\compiler\ti-cgt-arm_20.2.6.LTS\lib\</path>
         <kind>archive</kind>
         <file>rtsv7M4_T_le_v4SPD16_eabi.lib</file>
         <name>div0.asm.obj</name>
      </input_file>
      <input_file id="fl-f1">
         <path>C:\ti\TivaWare_C_Series-2.2.0.295\driverlib\ccs\Debug\</path>
         <kind>archive</kind>
         <file>driverlib.lib</file>
         <name>interrupt.obj</name>
      </input_file>
      <input_file id="fl-f2">
         <path>C:\ti\TivaWare_C_Series-2.2.0.295\driverlib\ccs\Debug\</path>
         <kind>archive</kind>
         <file>driverlib.lib</file>
         <name>cpu.obj</name>
      </input_file>
   </input_file_list>
   <object_component_list>
      <object_component id="oc-12">
         <name>.intvecs</name>
         <load_address>0x0</load_address>
         <run_address>0x0</run_address>
         <size>0x26c</size>
         <input_file_ref idref="fl-2"/>
      </object_component>
      <object_component id="oc-ed">
         <name>.text</name>
         <load_address>0x26c</load_address>
         <run_address>0x26c</run_address>
         <size>0xc20</size>
         <input_file_ref idref="fl-7"/>
      </object_component>
      <object_component id="oc-228">
         <name>.text:__TI_printfi</name>
         <load_address>0xe8c</load_address>
         <run_address>0xe8c</run_address>
         <size>0xa4e</size>
         <input_file_ref idref="fl-dc"/>
      </object_component>
      <object_component id="oc-328">
         <name>.text:_nop</name>
         <load_address>0x18da</load_address>
         <run_address>0x18da</run_address>
         <size>0x2</size>
         <input_file_ref idref="fl-e4"/>
      </object_component>
      <object_component id="oc-a2">
         <name>.text</name>
         <load_address>0x18dc</load_address>
         <run_address>0x18dc</run_address>
         <size>0x574</size>
         <input_file_ref idref="fl-5"/>
      </object_component>
      <object_component id="oc-db">
         <name>.text</name>
         <load_address>0x1e50</load_address>
         <run_address>0x1e50</run_address>
         <size>0x328</size>
         <input_file_ref idref="fl-4"/>
      </object_component>
      <object_component id="oc-f3">
         <name>.text</name>
         <load_address>0x2178</load_address>
         <run_address>0x2178</run_address>
         <size>0x298</size>
         <input_file_ref idref="fl-6"/>
      </object_component>
      <object_component id="oc-2fc">
         <name>.text:_pconv_a</name>
         <load_address>0x2410</load_address>
         <run_address>0x2410</run_address>
         <size>0x270</size>
         <input_file_ref idref="fl-dc"/>
      </object_component>
      <object_component id="oc-e7">
         <name>.text</name>
         <load_address>0x2680</load_address>
         <run_address>0x2680</run_address>
         <size>0x260</size>
         <input_file_ref idref="fl-f"/>
      </object_component>
      <object_component id="oc-d5">
         <name>.text</name>
         <load_address>0x28e0</load_address>
         <run_address>0x28e0</run_address>
         <size>0x248</size>
         <input_file_ref idref="fl-3"/>
      </object_component>
      <object_component id="oc-1ab">
         <name>.text</name>
         <load_address>0x2b28</load_address>
         <run_address>0x2b28</run_address>
         <size>0x1ec</size>
         <input_file_ref idref="fl-11"/>
      </object_component>
      <object_component id="oc-2ea">
         <name>.text:_pconv_g</name>
         <load_address>0x2d14</load_address>
         <run_address>0x2d14</run_address>
         <size>0x1d0</size>
         <input_file_ref idref="fl-dc"/>
      </object_component>
      <object_component id="oc-1eb">
         <name>.text</name>
         <load_address>0x2ee4</load_address>
         <run_address>0x2ee4</run_address>
         <size>0x1b6</size>
         <input_file_ref idref="fl-cb"/>
      </object_component>
      <object_component id="oc-3ee">
         <name>.text</name>
         <load_address>0x309a</load_address>
         <run_address>0x309a</run_address>
         <size>0x2</size>
         <input_file_ref idref="fl-f0"/>
      </object_component>
      <object_component id="oc-e1">
         <name>.text</name>
         <load_address>0x309c</load_address>
         <run_address>0x309c</run_address>
         <size>0x15c</size>
         <input_file_ref idref="fl-13"/>
      </object_component>
      <object_component id="oc-1a5">
         <name>.text</name>
         <load_address>0x31f8</load_address>
         <run_address>0x31f8</run_address>
         <size>0x158</size>
         <input_file_ref idref="fl-12"/>
      </object_component>
      <object_component id="oc-2f6">
         <name>.text:_pconv_e</name>
         <load_address>0x3350</load_address>
         <run_address>0x3350</run_address>
         <size>0x13c</size>
         <input_file_ref idref="fl-dc"/>
      </object_component>
      <object_component id="oc-1e1">
         <name>.text</name>
         <load_address>0x348c</load_address>
         <run_address>0x348c</run_address>
         <size>0x136</size>
         <input_file_ref idref="fl-cd"/>
      </object_component>
      <object_component id="oc-396">
         <name>.text:fcvt</name>
         <load_address>0x35c4</load_address>
         <run_address>0x35c4</run_address>
         <size>0x124</size>
         <input_file_ref idref="fl-dc"/>
      </object_component>
      <object_component id="oc-1b1">
         <name>.text</name>
         <load_address>0x36e8</load_address>
         <run_address>0x36e8</run_address>
         <size>0x118</size>
         <input_file_ref idref="fl-10"/>
      </object_component>
      <object_component id="oc-3aa">
         <name>.text:scalbn</name>
         <load_address>0x3800</load_address>
         <run_address>0x3800</run_address>
         <size>0x110</size>
         <input_file_ref idref="fl-ed"/>
      </object_component>
      <object_component id="oc-366">
         <name>.text:aligned_alloc</name>
         <load_address>0x3910</load_address>
         <run_address>0x3910</run_address>
         <size>0x100</size>
         <input_file_ref idref="fl-d7"/>
      </object_component>
      <object_component id="oc-1dc">
         <name>.text</name>
         <load_address>0x3a10</load_address>
         <run_address>0x3a10</run_address>
         <size>0xfc</size>
         <input_file_ref idref="fl-ce"/>
      </object_component>
      <object_component id="oc-1c6">
         <name>.text:free</name>
         <load_address>0x3b0c</load_address>
         <run_address>0x3b0c</run_address>
         <size>0xe4</size>
         <input_file_ref idref="fl-d7"/>
      </object_component>
      <object_component id="oc-2e4">
         <name>.text:_ltostr</name>
         <load_address>0x3bf0</load_address>
         <run_address>0x3bf0</run_address>
         <size>0xb1</size>
         <input_file_ref idref="fl-dc"/>
      </object_component>
      <object_component id="oc-3e">
         <name>.text</name>
         <load_address>0x3ca2</load_address>
         <run_address>0x3ca2</run_address>
         <size>0x9c</size>
         <input_file_ref idref="fl-d2"/>
      </object_component>
      <object_component id="oc-378">
         <name>.text</name>
         <load_address>0x3d3e</load_address>
         <run_address>0x3d3e</run_address>
         <size>0x96</size>
         <input_file_ref idref="fl-df"/>
      </object_component>
      <object_component id="oc-200">
         <name>.text:__aeabi_cdcmple</name>
         <load_address>0x3dd4</load_address>
         <run_address>0x3dd4</run_address>
         <size>0x86</size>
         <input_file_ref idref="fl-cc"/>
      </object_component>
      <object_component id="oc-205">
         <name>.text:__aeabi_cdrcmple</name>
         <load_address>0x3e5a</load_address>
         <run_address>0x3e5a</run_address>
         <size>0x86</size>
         <input_file_ref idref="fl-cc"/>
      </object_component>
      <object_component id="oc-96">
         <name>.text</name>
         <load_address>0x3ee0</load_address>
         <run_address>0x3ee0</run_address>
         <size>0x7a</size>
         <input_file_ref idref="fl-de"/>
      </object_component>
      <object_component id="oc-3e0">
         <name>.text:split</name>
         <load_address>0x3f5c</load_address>
         <run_address>0x3f5c</run_address>
         <size>0x70</size>
         <input_file_ref idref="fl-d7"/>
      </object_component>
      <object_component id="oc-38f">
         <name>.text:_mcpy</name>
         <load_address>0x3fcc</load_address>
         <run_address>0x3fcc</run_address>
         <size>0x6e</size>
         <input_file_ref idref="fl-dc"/>
      </object_component>
      <object_component id="oc-1f3">
         <name>.text</name>
         <load_address>0x403a</load_address>
         <run_address>0x403a</run_address>
         <size>0x6e</size>
         <input_file_ref idref="fl-cf"/>
      </object_component>
      <object_component id="oc-15">
         <name>.text:decompress:lzss:__TI_decompress_lzss</name>
         <load_address>0x40a8</load_address>
         <run_address>0x40a8</run_address>
         <size>0x68</size>
         <input_file_ref idref="fl-d6"/>
      </object_component>
      <object_component id="oc-3a4">
         <name>.text:frexp</name>
         <load_address>0x4110</load_address>
         <run_address>0x4110</run_address>
         <size>0x64</size>
         <input_file_ref idref="fl-ec"/>
      </object_component>
      <object_component id="oc-2f0">
         <name>.text:_pconv_f</name>
         <load_address>0x4174</load_address>
         <run_address>0x4174</run_address>
         <size>0x56</size>
         <input_file_ref idref="fl-dc"/>
      </object_component>
      <object_component id="oc-383">
         <name>.text:__TI_ltoa</name>
         <load_address>0x41ca</load_address>
         <run_address>0x41ca</run_address>
         <size>0x54</size>
         <input_file_ref idref="fl-e5"/>
      </object_component>
      <object_component id="oc-389">
         <name>.text:_ecpy</name>
         <load_address>0x421e</load_address>
         <run_address>0x421e</run_address>
         <size>0x52</size>
         <input_file_ref idref="fl-dc"/>
      </object_component>
      <object_component id="oc-2de">
         <name>.text:atoi</name>
         <load_address>0x4270</load_address>
         <run_address>0x4270</run_address>
         <size>0x4c</size>
         <input_file_ref idref="fl-e7"/>
      </object_component>
      <object_component id="oc-37e">
         <name>.text</name>
         <load_address>0x42bc</load_address>
         <run_address>0x42bc</run_address>
         <size>0x48</size>
         <input_file_ref idref="fl-dd"/>
      </object_component>
      <object_component id="oc-13c">
         <name>.text:__TI_auto_init_nobinit_nopinit:__TI_auto_init_nobinit_nopinit</name>
         <load_address>0x4304</load_address>
         <run_address>0x4304</run_address>
         <size>0x44</size>
         <input_file_ref idref="fl-e0"/>
      </object_component>
      <object_component id="oc-106">
         <name>.text:sprintf</name>
         <load_address>0x4348</load_address>
         <run_address>0x4348</run_address>
         <size>0x40</size>
         <input_file_ref idref="fl-c9"/>
      </object_component>
      <object_component id="oc-182">
         <name>.text:vsnprintf</name>
         <load_address>0x4388</load_address>
         <run_address>0x4388</run_address>
         <size>0x40</size>
         <input_file_ref idref="fl-ca"/>
      </object_component>
      <object_component id="oc-39c">
         <name>.text:_fcpy</name>
         <load_address>0x43c8</load_address>
         <run_address>0x43c8</run_address>
         <size>0x3e</size>
         <input_file_ref idref="fl-dc"/>
      </object_component>
      <object_component id="oc-1c0">
         <name>.text:calloc</name>
         <load_address>0x4408</load_address>
         <run_address>0x4408</run_address>
         <size>0x38</size>
         <input_file_ref idref="fl-d7"/>
      </object_component>
      <object_component id="oc-10c">
         <name>.text</name>
         <load_address>0x4440</load_address>
         <run_address>0x4440</run_address>
         <size>0x38</size>
         <input_file_ref idref="fl-d0"/>
      </object_component>
      <object_component id="oc-16e">
         <name>.text:IntRegister</name>
         <load_address>0x4478</load_address>
         <run_address>0x4478</run_address>
         <size>0x34</size>
         <input_file_ref idref="fl-f1"/>
      </object_component>
      <object_component id="oc-5c">
         <name>.text:_c_int00_noargs:_c_int00_noargs</name>
         <load_address>0x44ac</load_address>
         <run_address>0x44ac</run_address>
         <size>0x34</size>
         <input_file_ref idref="fl-db"/>
      </object_component>
      <object_component id="oc-279">
         <name>.text:_outs</name>
         <load_address>0x44e0</load_address>
         <run_address>0x44e0</run_address>
         <size>0x30</size>
         <input_file_ref idref="fl-ca"/>
      </object_component>
      <object_component id="oc-1e6">
         <name>.text</name>
         <load_address>0x4510</load_address>
         <run_address>0x4510</run_address>
         <size>0x2e</size>
         <input_file_ref idref="fl-d1"/>
      </object_component>
      <object_component id="oc-2c0">
         <name>.text:free_list_insert</name>
         <load_address>0x4540</load_address>
         <run_address>0x4540</run_address>
         <size>0x28</size>
         <input_file_ref idref="fl-d7"/>
      </object_component>
      <object_component id="oc-20a">
         <name>.text</name>
         <load_address>0x4568</load_address>
         <run_address>0x4568</run_address>
         <size>0x20</size>
         <input_file_ref idref="fl-d3"/>
      </object_component>
      <object_component id="oc-2ba">
         <name>.text:free_list_remove</name>
         <load_address>0x4588</load_address>
         <run_address>0x4588</run_address>
         <size>0x1c</size>
         <input_file_ref idref="fl-d7"/>
      </object_component>
      <object_component id="oc-302">
         <name>.text:memccpy</name>
         <load_address>0x45a4</load_address>
         <run_address>0x45a4</run_address>
         <size>0x1c</size>
         <input_file_ref idref="fl-e9"/>
      </object_component>
      <object_component id="oc-402">
         <name>.text:copysign</name>
         <load_address>0x45c0</load_address>
         <run_address>0x45c0</run_address>
         <size>0x1a</size>
         <input_file_ref idref="fl-ee"/>
      </object_component>
      <object_component id="oc-27f">
         <name>.text:_outc</name>
         <load_address>0x45da</load_address>
         <run_address>0x45da</run_address>
         <size>0x18</size>
         <input_file_ref idref="fl-ca"/>
      </object_component>
      <object_component id="oc-22e">
         <name>.text:_outs</name>
         <load_address>0x45f2</load_address>
         <run_address>0x45f2</run_address>
         <size>0x18</size>
         <input_file_ref idref="fl-c9"/>
      </object_component>
      <object_component id="oc-1cc">
         <name>.text:oi_parseInt</name>
         <load_address>0x460a</load_address>
         <run_address>0x460a</run_address>
         <size>0x18</size>
         <input_file_ref idref="fl-7"/>
      </object_component>
      <object_component id="oc-188">
         <name>.text:strcmp</name>
         <load_address>0x4622</load_address>
         <run_address>0x4622</run_address>
         <size>0x18</size>
         <input_file_ref idref="fl-d8"/>
      </object_component>
      <object_component id="oc-3b0">
         <name>.text:strchr</name>
         <load_address>0x463a</load_address>
         <run_address>0x463a</run_address>
         <size>0x16</size>
         <input_file_ref idref="fl-ea"/>
      </object_component>
      <object_component id="oc-18e">
         <name>.text:strcpy</name>
         <load_address>0x4650</load_address>
         <run_address>0x4650</run_address>
         <size>0x14</size>
         <input_file_ref idref="fl-d9"/>
      </object_component>
      <object_component id="oc-111">
         <name>.text:strlen</name>
         <load_address>0x4664</load_address>
         <run_address>0x4664</run_address>
         <size>0x14</size>
         <input_file_ref idref="fl-da"/>
      </object_component>
      <object_component id="oc-308">
         <name>.text:wcslen</name>
         <load_address>0x4678</load_address>
         <run_address>0x4678</run_address>
         <size>0x12</size>
         <input_file_ref idref="fl-ef"/>
      </object_component>
      <object_component id="oc-1d3">
         <name>.text:IntMasterEnable</name>
         <load_address>0x468a</load_address>
         <run_address>0x468a</run_address>
         <size>0x10</size>
         <input_file_ref idref="fl-f1"/>
      </object_component>
      <object_component id="oc-17b">
         <name>.text:lcd_clear</name>
         <load_address>0x469a</load_address>
         <run_address>0x469a</run_address>
         <size>0x10</size>
         <input_file_ref idref="fl-4"/>
      </object_component>
      <object_component id="oc-1b">
         <name>.text:decompress:none:__TI_decompress_none</name>
         <load_address>0x46aa</load_address>
         <run_address>0x46aa</run_address>
         <size>0xe</size>
         <input_file_ref idref="fl-d5"/>
      </object_component>
      <object_component id="oc-2c7">
         <name>.text:CPUcpsie</name>
         <load_address>0x46b8</load_address>
         <run_address>0x46b8</run_address>
         <size>0xc</size>
         <input_file_ref idref="fl-f2"/>
      </object_component>
      <object_component id="oc-50">
         <name>.text:decompress:ZI:__TI_zero_init</name>
         <load_address>0x46c4</load_address>
         <run_address>0x46c4</run_address>
         <size>0xc</size>
         <input_file_ref idref="fl-d4"/>
      </object_component>
      <object_component id="oc-2a">
         <name>.text</name>
         <load_address>0x46d0</load_address>
         <run_address>0x46d0</run_address>
         <size>0xc</size>
         <input_file_ref idref="fl-2"/>
      </object_component>
      <object_component id="oc-234">
         <name>.text:_outc</name>
         <load_address>0x46dc</load_address>
         <run_address>0x46dc</run_address>
         <size>0xa</size>
         <input_file_ref idref="fl-c9"/>
      </object_component>
      <object_component id="oc-30e">
         <name>.text:__aeabi_errno_addr</name>
         <load_address>0x46e8</load_address>
         <run_address>0x46e8</run_address>
         <size>0x8</size>
         <input_file_ref idref="fl-eb"/>
      </object_component>
      <object_component id="oc-2b3">
         <name>.text:malloc</name>
         <load_address>0x46f0</load_address>
         <run_address>0x46f0</run_address>
         <size>0x8</size>
         <input_file_ref idref="fl-d7"/>
      </object_component>
      <object_component id="oc-9c">
         <name>.text:_system_pre_init</name>
         <load_address>0x46f8</load_address>
         <run_address>0x46f8</run_address>
         <size>0x4</size>
         <input_file_ref idref="fl-e1"/>
      </object_component>
      <object_component id="oc-130">
         <name>.text:abort:abort</name>
         <load_address>0x46fc</load_address>
         <run_address>0x46fc</run_address>
         <size>0x4</size>
         <input_file_ref idref="fl-e3"/>
      </object_component>
      <object_component id="oc-373">
         <name>.const:.string:_ctypes_</name>
         <load_address>0x4700</load_address>
         <run_address>0x4700</run_address>
         <size>0x101</size>
         <input_file_ref idref="fl-e8"/>
      </object_component>
      <object_component id="oc-102">
         <name>.const:.string:$P$T1$2</name>
         <load_address>0x4801</load_address>
         <run_address>0x4801</run_address>
         <size>0x29</size>
         <input_file_ref idref="fl-5"/>
      </object_component>
      <object_component id="oc-ff">
         <name>.const:.string:$P$T0$1</name>
         <load_address>0x482a</load_address>
         <run_address>0x482a</run_address>
         <size>0x28</size>
         <input_file_ref idref="fl-5"/>
      </object_component>
      <object_component id="oc-121">
         <name>.const:.string:$P$T2$3</name>
         <load_address>0x4852</load_address>
         <run_address>0x4852</run_address>
         <size>0x20</size>
         <input_file_ref idref="fl-5"/>
      </object_component>
      <object_component id="oc-1f0">
         <name>.const:.string:$P$T0$3</name>
         <load_address>0x4872</load_address>
         <run_address>0x4872</run_address>
         <size>0xf</size>
         <input_file_ref idref="fl-7"/>
      </object_component>
      <object_component id="oc-124">
         <name>.const:.string:$P$T3$4</name>
         <load_address>0x4881</load_address>
         <run_address>0x4881</run_address>
         <size>0xc</size>
         <input_file_ref idref="fl-5"/>
      </object_component>
      <object_component id="oc-194">
         <name>.const:.string:lineAddress$1</name>
         <load_address>0x488d</load_address>
         <run_address>0x488d</run_address>
         <size>0x4</size>
         <input_file_ref idref="fl-4"/>
      </object_component>
      <object_component id="oc-195">
         <name>.const:.string:lineAddresses$2</name>
         <load_address>0x4891</load_address>
         <run_address>0x4891</run_address>
         <size>0x4</size>
         <input_file_ref idref="fl-4"/>
      </object_component>
      <object_component id="oc-127">
         <name>.const:.string:$P$T4$5</name>
         <load_address>0x4895</load_address>
         <run_address>0x4895</run_address>
         <size>0x3</size>
         <input_file_ref idref="fl-5"/>
      </object_component>
      <object_component id="oc-45c">
         <name>.cinit..data.load</name>
         <load_address>0x4898</load_address>
         <run_address>0x4898</run_address>
         <size>0x20</size>
      </object_component>
      <object_component id="oc-459">
         <name>__TI_handler_table</name>
         <load_address>0x48b8</load_address>
         <run_address>0x48b8</run_address>
         <size>0xc</size>
      </object_component>
      <object_component id="oc-45d">
         <name>.cinit..bss.load</name>
         <load_address>0x48c8</load_address>
         <run_address>0x48c8</run_address>
         <size>0x8</size>
      </object_component>
      <object_component id="oc-45b">
         <name>.cinit..vtable.load</name>
         <load_address>0x48d0</load_address>
         <run_address>0x48d0</run_address>
         <size>0x8</size>
      </object_component>
      <object_component id="oc-45a">
         <name>__TI_cinit_table</name>
         <load_address>0x48d8</load_address>
         <run_address>0x48d8</run_address>
         <size>0x18</size>
      </object_component>
      <object_component id="oc-26b">
         <name>.vtable</name>
         <uninitialized>true</uninitialized>
         <run_address>0x20000000</run_address>
         <size>0x26c</size>
         <input_file_ref idref="fl-f1"/>
      </object_component>
      <object_component id="oc-174">
         <name>.data</name>
         <load_address>0x20002505</load_address>
         <run_address>0x20002505</run_address>
         <size>0x1</size>
         <input_file_ref idref="fl-3"/>
      </object_component>
      <object_component id="oc-11e">
         <name>.data:tab</name>
         <load_address>0x20002503</load_address>
         <run_address>0x20002503</run_address>
         <size>0x2</size>
         <input_file_ref idref="fl-5"/>
      </object_component>
      <object_component id="oc-11b">
         <name>.data:newLine</name>
         <load_address>0x20002500</load_address>
         <run_address>0x20002500</run_address>
         <size>0x3</size>
         <input_file_ref idref="fl-5"/>
      </object_component>
      <object_component id="oc-118">
         <name>.data</name>
         <load_address>0x200024f8</load_address>
         <run_address>0x200024f8</run_address>
         <size>0x4</size>
         <input_file_ref idref="fl-5"/>
      </object_component>
      <object_component id="oc-1d9">
         <name>.data</name>
         <load_address>0x200024c0</load_address>
         <run_address>0x200024c0</run_address>
         <size>0x20</size>
         <input_file_ref idref="fl-7"/>
      </object_component>
      <object_component id="oc-1b7">
         <name>.data</name>
         <load_address>0x200024f0</load_address>
         <run_address>0x200024f0</run_address>
         <size>0x4</size>
         <input_file_ref idref="fl-f"/>
      </object_component>
      <object_component id="oc-1a1">
         <name>.data</name>
         <load_address>0x200024f4</load_address>
         <run_address>0x200024f4</run_address>
         <size>0x4</size>
         <input_file_ref idref="fl-13"/>
      </object_component>
      <object_component id="oc-36d">
         <name>.data:$O1$$</name>
         <load_address>0x200024e8</load_address>
         <run_address>0x200024e8</run_address>
         <size>0x8</size>
         <input_file_ref idref="fl-d7"/>
      </object_component>
      <object_component id="oc-24f">
         <name>.data:$O1$$</name>
         <load_address>0x200024e0</load_address>
         <run_address>0x200024e0</run_address>
         <size>0x8</size>
         <input_file_ref idref="fl-e4"/>
      </object_component>
      <object_component id="oc-3c0">
         <name>.data</name>
         <load_address>0x200024fc</load_address>
         <run_address>0x200024fc</run_address>
         <size>0x4</size>
         <input_file_ref idref="fl-eb"/>
      </object_component>
      <object_component id="oc-196">
         <name>.bss:lastbuffer$3</name>
         <uninitialized>true</uninitialized>
         <run_address>0x200023d8</run_address>
         <size>0x54</size>
         <input_file_ref idref="fl-4"/>
      </object_component>
      <object_component id="oc-1f8">
         <name>.bss:firmware$2</name>
         <uninitialized>true</uninitialized>
         <run_address>0x20002488</run_address>
         <size>0x18</size>
         <input_file_ref idref="fl-7"/>
      </object_component>
      <object_component id="oc-177">
         <name>.common:_timeout_ticks</name>
         <uninitialized>true</uninitialized>
         <run_address>0x200024a0</run_address>
         <size>0x4</size>
      </object_component>
      <object_component id="oc-f9">
         <name>.common:right_calibration_value</name>
         <uninitialized>true</uninitialized>
         <run_address>0x200024b4</run_address>
         <size>0x4</size>
      </object_component>
      <object_component id="oc-fe">
         <name>.common:left_calibration_value</name>
         <uninitialized>true</uninitialized>
         <run_address>0x200024ac</run_address>
         <size>0x4</size>
      </object_component>
      <object_component id="oc-105">
         <name>.common:array</name>
         <uninitialized>true</uninitialized>
         <run_address>0x20002270</run_address>
         <size>0x168</size>
      </object_component>
      <object_component id="oc-117">
         <name>.common:ang</name>
         <uninitialized>true</uninitialized>
         <run_address>0x20002460</run_address>
         <size>0x28</size>
      </object_component>
      <object_component id="oc-2ad">
         <name>.common:isr_int_value</name>
         <uninitialized>true</uninitialized>
         <run_address>0x200024a8</run_address>
         <size>0x4</size>
      </object_component>
      <object_component id="oc-2a9">
         <name>.common:risingEdge</name>
         <uninitialized>true</uninitialized>
         <run_address>0x200024b8</run_address>
         <size>0x4</size>
      </object_component>
      <object_component id="oc-2aa">
         <name>.common:fallingEdge</name>
         <uninitialized>true</uninitialized>
         <run_address>0x200024a4</run_address>
         <size>0x4</size>
      </object_component>
      <object_component id="oc-2ab">
         <name>.common:pulseLength</name>
         <uninitialized>true</uninitialized>
         <run_address>0x200024b0</run_address>
         <size>0x4</size>
      </object_component>
      <object_component id="oc-2a6">
         <name>.common:isRisingEdge</name>
         <uninitialized>true</uninitialized>
         <run_address>0x200024bc</run_address>
         <size>0x1</size>
      </object_component>
      <object_component id="oc-19e">
         <name>.common:isr_char_buffer</name>
         <uninitialized>true</uninitialized>
         <run_address>0x2000242c</run_address>
         <size>0x34</size>
      </object_component>
      <object_component id="oc-24">
         <name>.sysmem</name>
         <uninitialized>true</uninitialized>
         <run_address>0x20001270</run_address>
         <size>0x10</size>
         <input_file_ref idref="fl-d7"/>
      </object_component>
      <object_component id="oc-460">
         <name>.sysmem</name>
         <uninitialized>true</uninitialized>
         <run_address>0x20001270</run_address>
         <size>0x0</size>
      </object_component>
      <object_component id="oc-27">
         <name>.stack</name>
         <uninitialized>true</uninitialized>
         <run_address>0x20000270</run_address>
         <size>0x4</size>
         <input_file_ref idref="fl-db"/>
      </object_component>
      <object_component id="oc-45f">
         <name>.stack</name>
         <uninitialized>true</uninitialized>
         <run_address>0x20000270</run_address>
         <size>0x0</size>
      </object_component>
      <object_component id="oc-32">
         <name>.debug_info</name>
         <load_address>0x0</load_address>
         <run_address>0x0</run_address>
         <size>0x29b</size>
         <input_file_ref idref="fl-2"/>
      </object_component>
      <object_component id="oc-13">
         <name>.debug_info</name>
         <load_address>0x29b</load_address>
         <run_address>0x29b</run_address>
         <size>0xda</size>
         <input_file_ref idref="fl-2"/>
      </object_component>
      <object_component id="oc-2d">
         <name>.debug_info</name>
         <load_address>0x375</load_address>
         <run_address>0x375</run_address>
         <size>0x256</size>
         <input_file_ref idref="fl-2"/>
      </object_component>
      <object_component id="oc-77">
         <name>.debug_info</name>
         <load_address>0x5cb</load_address>
         <run_address>0x5cb</run_address>
         <size>0x26b</size>
         <input_file_ref idref="fl-2"/>
      </object_component>
      <object_component id="oc-39">
         <name>.debug_info</name>
         <load_address>0x836</load_address>
         <run_address>0x836</run_address>
         <size>0x84</size>
         <input_file_ref idref="fl-2"/>
      </object_component>
      <object_component id="oc-c0">
         <name>.debug_info</name>
         <load_address>0x8ba</load_address>
         <run_address>0x8ba</run_address>
         <size>0x2a4</size>
         <input_file_ref idref="fl-2"/>
      </object_component>
      <object_component id="oc-7c">
         <name>.debug_info</name>
         <load_address>0xb5e</load_address>
         <run_address>0xb5e</run_address>
         <size>0xbb</size>
         <input_file_ref idref="fl-2"/>
      </object_component>
      <object_component id="oc-178">
         <name>.debug_info</name>
         <load_address>0xc19</load_address>
         <run_address>0xc19</run_address>
         <size>0x2c1</size>
         <input_file_ref idref="fl-3"/>
      </object_component>
      <object_component id="oc-175">
         <name>.debug_info</name>
         <load_address>0xeda</load_address>
         <run_address>0xeda</run_address>
         <size>0xcf</size>
         <input_file_ref idref="fl-3"/>
      </object_component>
      <object_component id="oc-d8">
         <name>.debug_info</name>
         <load_address>0xfa9</load_address>
         <run_address>0xfa9</run_address>
         <size>0x637</size>
         <input_file_ref idref="fl-3"/>
      </object_component>
      <object_component id="oc-198">
         <name>.debug_info</name>
         <load_address>0x15e0</load_address>
         <run_address>0x15e0</run_address>
         <size>0x38f</size>
         <input_file_ref idref="fl-4"/>
      </object_component>
      <object_component id="oc-17c">
         <name>.debug_info</name>
         <load_address>0x196f</load_address>
         <run_address>0x196f</run_address>
         <size>0x144</size>
         <input_file_ref idref="fl-4"/>
      </object_component>
      <object_component id="oc-dc">
         <name>.debug_info</name>
         <load_address>0x1ab3</load_address>
         <run_address>0x1ab3</run_address>
         <size>0x9d0</size>
         <input_file_ref idref="fl-4"/>
      </object_component>
      <object_component id="oc-21d">
         <name>.debug_info</name>
         <load_address>0x2483</load_address>
         <run_address>0x2483</run_address>
         <size>0xcc</size>
         <input_file_ref idref="fl-4"/>
      </object_component>
      <object_component id="oc-199">
         <name>.debug_info</name>
         <load_address>0x254f</load_address>
         <run_address>0x254f</run_address>
         <size>0x2c</size>
         <input_file_ref idref="fl-4"/>
      </object_component>
      <object_component id="oc-218">
         <name>.debug_info</name>
         <load_address>0x257b</load_address>
         <run_address>0x257b</run_address>
         <size>0x35</size>
         <input_file_ref idref="fl-4"/>
      </object_component>
      <object_component id="oc-fa">
         <name>.debug_info</name>
         <load_address>0x25b0</load_address>
         <run_address>0x25b0</run_address>
         <size>0x6ac</size>
         <input_file_ref idref="fl-5"/>
      </object_component>
      <object_component id="oc-11f">
         <name>.debug_info</name>
         <load_address>0x2c5c</load_address>
         <run_address>0x2c5c</run_address>
         <size>0xc4</size>
         <input_file_ref idref="fl-5"/>
      </object_component>
      <object_component id="oc-11c">
         <name>.debug_info</name>
         <load_address>0x2d20</load_address>
         <run_address>0x2d20</run_address>
         <size>0xcc</size>
         <input_file_ref idref="fl-5"/>
      </object_component>
      <object_component id="oc-119">
         <name>.debug_info</name>
         <load_address>0x2dec</load_address>
         <run_address>0x2dec</run_address>
         <size>0xca</size>
         <input_file_ref idref="fl-5"/>
      </object_component>
      <object_component id="oc-100">
         <name>.debug_info</name>
         <load_address>0x2eb6</load_address>
         <run_address>0x2eb6</run_address>
         <size>0xcb</size>
         <input_file_ref idref="fl-5"/>
      </object_component>
      <object_component id="oc-103">
         <name>.debug_info</name>
         <load_address>0x2f81</load_address>
         <run_address>0x2f81</run_address>
         <size>0xcb</size>
         <input_file_ref idref="fl-5"/>
      </object_component>
      <object_component id="oc-122">
         <name>.debug_info</name>
         <load_address>0x304c</load_address>
         <run_address>0x304c</run_address>
         <size>0xcb</size>
         <input_file_ref idref="fl-5"/>
      </object_component>
      <object_component id="oc-125">
         <name>.debug_info</name>
         <load_address>0x3117</load_address>
         <run_address>0x3117</run_address>
         <size>0xcb</size>
         <input_file_ref idref="fl-5"/>
      </object_component>
      <object_component id="oc-128">
         <name>.debug_info</name>
         <load_address>0x31e2</load_address>
         <run_address>0x31e2</run_address>
         <size>0xcb</size>
         <input_file_ref idref="fl-5"/>
      </object_component>
      <object_component id="oc-a3">
         <name>.debug_info</name>
         <load_address>0x32ad</load_address>
         <run_address>0x32ad</run_address>
         <size>0x97d</size>
         <input_file_ref idref="fl-5"/>
      </object_component>
      <object_component id="oc-213">
         <name>.debug_info</name>
         <load_address>0x3c2a</load_address>
         <run_address>0x3c2a</run_address>
         <size>0x5aa</size>
         <input_file_ref idref="fl-5"/>
      </object_component>
      <object_component id="oc-12b">
         <name>.debug_info</name>
         <load_address>0x41d4</load_address>
         <run_address>0x41d4</run_address>
         <size>0x9d</size>
         <input_file_ref idref="fl-5"/>
      </object_component>
      <object_component id="oc-210">
         <name>.debug_info</name>
         <load_address>0x4271</load_address>
         <run_address>0x4271</run_address>
         <size>0x322</size>
         <input_file_ref idref="fl-6"/>
      </object_component>
      <object_component id="oc-f5">
         <name>.debug_info</name>
         <load_address>0x4593</load_address>
         <run_address>0x4593</run_address>
         <size>0x71f</size>
         <input_file_ref idref="fl-6"/>
      </object_component>
      <object_component id="oc-1fa">
         <name>.debug_info</name>
         <load_address>0x4cb2</load_address>
         <run_address>0x4cb2</run_address>
         <size>0x40c</size>
         <input_file_ref idref="fl-7"/>
      </object_component>
      <object_component id="oc-1da">
         <name>.debug_info</name>
         <load_address>0x50be</load_address>
         <run_address>0x50be</run_address>
         <size>0x121</size>
         <input_file_ref idref="fl-7"/>
      </object_component>
      <object_component id="oc-1f1">
         <name>.debug_info</name>
         <load_address>0x51df</load_address>
         <run_address>0x51df</run_address>
         <size>0xd6</size>
         <input_file_ref idref="fl-7"/>
      </object_component>
      <object_component id="oc-1cd">
         <name>.debug_info</name>
         <load_address>0x52b5</load_address>
         <run_address>0x52b5</run_address>
         <size>0x16e</size>
         <input_file_ref idref="fl-7"/>
      </object_component>
      <object_component id="oc-ee">
         <name>.debug_info</name>
         <load_address>0x5423</load_address>
         <run_address>0x5423</run_address>
         <size>0x1cd8</size>
         <input_file_ref idref="fl-7"/>
      </object_component>
      <object_component id="oc-1fb">
         <name>.debug_info</name>
         <load_address>0x70fb</load_address>
         <run_address>0x70fb</run_address>
         <size>0x8b</size>
         <input_file_ref idref="fl-7"/>
      </object_component>
      <object_component id="oc-fc">
         <name>.debug_info</name>
         <load_address>0x7186</load_address>
         <run_address>0x7186</run_address>
         <size>0x485</size>
         <input_file_ref idref="fl-f"/>
      </object_component>
      <object_component id="oc-1b8">
         <name>.debug_info</name>
         <load_address>0x760b</load_address>
         <run_address>0x760b</run_address>
         <size>0x114</size>
         <input_file_ref idref="fl-f"/>
      </object_component>
      <object_component id="oc-e9">
         <name>.debug_info</name>
         <load_address>0x771f</load_address>
         <run_address>0x771f</run_address>
         <size>0x4ce</size>
         <input_file_ref idref="fl-f"/>
      </object_component>
      <object_component id="oc-1bb">
         <name>.debug_info</name>
         <load_address>0x7bed</load_address>
         <run_address>0x7bed</run_address>
         <size>0x9d</size>
         <input_file_ref idref="fl-f"/>
      </object_component>
      <object_component id="oc-2ae">
         <name>.debug_info</name>
         <load_address>0x7c8a</load_address>
         <run_address>0x7c8a</run_address>
         <size>0x2b7</size>
         <input_file_ref idref="fl-10"/>
      </object_component>
      <object_component id="oc-1b3">
         <name>.debug_info</name>
         <load_address>0x7f41</load_address>
         <run_address>0x7f41</run_address>
         <size>0x266</size>
         <input_file_ref idref="fl-10"/>
      </object_component>
      <object_component id="oc-2a7">
         <name>.debug_info</name>
         <load_address>0x81a7</load_address>
         <run_address>0x81a7</run_address>
         <size>0x3ba</size>
         <input_file_ref idref="fl-11"/>
      </object_component>
      <object_component id="oc-1ac">
         <name>.debug_info</name>
         <load_address>0x8561</load_address>
         <run_address>0x8561</run_address>
         <size>0x270</size>
         <input_file_ref idref="fl-11"/>
      </object_component>
      <object_component id="oc-1a6">
         <name>.debug_info</name>
         <load_address>0x87d1</load_address>
         <run_address>0x87d1</run_address>
         <size>0x296</size>
         <input_file_ref idref="fl-12"/>
      </object_component>
      <object_component id="oc-19f">
         <name>.debug_info</name>
         <load_address>0x8a67</load_address>
         <run_address>0x8a67</run_address>
         <size>0x326</size>
         <input_file_ref idref="fl-13"/>
      </object_component>
      <object_component id="oc-1a2">
         <name>.debug_info</name>
         <load_address>0x8d8d</load_address>
         <run_address>0x8d8d</run_address>
         <size>0xee</size>
         <input_file_ref idref="fl-13"/>
      </object_component>
      <object_component id="oc-e3">
         <name>.debug_info</name>
         <load_address>0x8e7b</load_address>
         <run_address>0x8e7b</run_address>
         <size>0x43b</size>
         <input_file_ref idref="fl-13"/>
      </object_component>
      <object_component id="oc-29e">
         <name>.debug_info</name>
         <load_address>0x92b6</load_address>
         <run_address>0x92b6</run_address>
         <size>0x26b</size>
         <input_file_ref idref="fl-13"/>
      </object_component>
      <object_component id="oc-35d">
         <name>.debug_info</name>
         <load_address>0x9521</load_address>
         <run_address>0x9521</run_address>
         <size>0x297</size>
         <input_file_ref idref="fl-13"/>
      </object_component>
      <object_component id="oc-299">
         <name>.debug_info</name>
         <load_address>0x97b8</load_address>
         <run_address>0x97b8</run_address>
         <size>0xbb</size>
         <input_file_ref idref="fl-13"/>
      </object_component>
      <object_component id="oc-23b">
         <name>.debug_info</name>
         <load_address>0x9873</load_address>
         <run_address>0x9873</run_address>
         <size>0x333</size>
         <input_file_ref idref="fl-c9"/>
      </object_component>
      <object_component id="oc-107">
         <name>.debug_info</name>
         <load_address>0x9ba6</load_address>
         <run_address>0x9ba6</run_address>
         <size>0x1d1</size>
         <input_file_ref idref="fl-c9"/>
      </object_component>
      <object_component id="oc-22f">
         <name>.debug_info</name>
         <load_address>0x9d77</load_address>
         <run_address>0x9d77</run_address>
         <size>0x18d</size>
         <input_file_ref idref="fl-c9"/>
      </object_component>
      <object_component id="oc-236">
         <name>.debug_info</name>
         <load_address>0x9f04</load_address>
         <run_address>0x9f04</run_address>
         <size>0x16d</size>
         <input_file_ref idref="fl-c9"/>
      </object_component>
      <object_component id="oc-287">
         <name>.debug_info</name>
         <load_address>0xa071</load_address>
         <run_address>0xa071</run_address>
         <size>0x2c</size>
         <input_file_ref idref="fl-c9"/>
      </object_component>
      <object_component id="oc-286">
         <name>.debug_info</name>
         <load_address>0xa09d</load_address>
         <run_address>0xa09d</run_address>
         <size>0x340</size>
         <input_file_ref idref="fl-ca"/>
      </object_component>
      <object_component id="oc-186">
         <name>.debug_info</name>
         <load_address>0xa3dd</load_address>
         <run_address>0xa3dd</run_address>
         <size>0x208</size>
         <input_file_ref idref="fl-ca"/>
      </object_component>
      <object_component id="oc-27c">
         <name>.debug_info</name>
         <load_address>0xa5e5</load_address>
         <run_address>0xa5e5</run_address>
         <size>0x1c6</size>
         <input_file_ref idref="fl-ca"/>
      </object_component>
      <object_component id="oc-283">
         <name>.debug_info</name>
         <load_address>0xa7ab</load_address>
         <run_address>0xa7ab</run_address>
         <size>0x179</size>
         <input_file_ref idref="fl-ca"/>
      </object_component>
      <object_component id="oc-28c">
         <name>.debug_info</name>
         <load_address>0xa924</load_address>
         <run_address>0xa924</run_address>
         <size>0x69</size>
         <input_file_ref idref="fl-ca"/>
      </object_component>
      <object_component id="oc-1ed">
         <name>.debug_info</name>
         <load_address>0xa98d</load_address>
         <run_address>0xa98d</run_address>
         <size>0x14c</size>
         <input_file_ref idref="fl-cb"/>
      </object_component>
      <object_component id="oc-201">
         <name>.debug_info</name>
         <load_address>0xaad9</load_address>
         <run_address>0xaad9</run_address>
         <size>0x128</size>
         <input_file_ref idref="fl-cc"/>
      </object_component>
      <object_component id="oc-206">
         <name>.debug_info</name>
         <load_address>0xac01</load_address>
         <run_address>0xac01</run_address>
         <size>0x12a</size>
         <input_file_ref idref="fl-cc"/>
      </object_component>
      <object_component id="oc-1e2">
         <name>.debug_info</name>
         <load_address>0xad2b</load_address>
         <run_address>0xad2b</run_address>
         <size>0x13a</size>
         <input_file_ref idref="fl-cd"/>
      </object_component>
      <object_component id="oc-1dd">
         <name>.debug_info</name>
         <load_address>0xae65</load_address>
         <run_address>0xae65</run_address>
         <size>0x13a</size>
         <input_file_ref idref="fl-ce"/>
      </object_component>
      <object_component id="oc-1f4">
         <name>.debug_info</name>
         <load_address>0xaf9f</load_address>
         <run_address>0xaf9f</run_address>
         <size>0x13e</size>
         <input_file_ref idref="fl-cf"/>
      </object_component>
      <object_component id="oc-10e">
         <name>.debug_info</name>
         <load_address>0xb0dd</load_address>
         <run_address>0xb0dd</run_address>
         <size>0x12c</size>
         <input_file_ref idref="fl-d0"/>
      </object_component>
      <object_component id="oc-1e9">
         <name>.debug_info</name>
         <load_address>0xb209</load_address>
         <run_address>0xb209</run_address>
         <size>0x12c</size>
         <input_file_ref idref="fl-d1"/>
      </object_component>
      <object_component id="oc-41">
         <name>.debug_info</name>
         <load_address>0xb335</load_address>
         <run_address>0xb335</run_address>
         <size>0x119</size>
         <input_file_ref idref="fl-d2"/>
      </object_component>
      <object_component id="oc-20d">
         <name>.debug_info</name>
         <load_address>0xb44e</load_address>
         <run_address>0xb44e</run_address>
         <size>0x12e</size>
         <input_file_ref idref="fl-d3"/>
      </object_component>
      <object_component id="oc-95">
         <name>.debug_info</name>
         <load_address>0xb57c</load_address>
         <run_address>0xb57c</run_address>
         <size>0x2d4</size>
         <input_file_ref idref="fl-d4"/>
      </object_component>
      <object_component id="oc-52">
         <name>.debug_info</name>
         <load_address>0xb850</load_address>
         <run_address>0xb850</run_address>
         <size>0x1b5</size>
         <input_file_ref idref="fl-d4"/>
      </object_component>
      <object_component id="oc-90">
         <name>.debug_info</name>
         <load_address>0xba05</load_address>
         <run_address>0xba05</run_address>
         <size>0x46</size>
         <input_file_ref idref="fl-d4"/>
      </object_component>
      <object_component id="oc-cc">
         <name>.debug_info</name>
         <load_address>0xba4b</load_address>
         <run_address>0xba4b</run_address>
         <size>0x2c</size>
         <input_file_ref idref="fl-d4"/>
      </object_component>
      <object_component id="oc-49">
         <name>.debug_info</name>
         <load_address>0xba77</load_address>
         <run_address>0xba77</run_address>
         <size>0x2a8</size>
         <input_file_ref idref="fl-d5"/>
      </object_component>
      <object_component id="oc-1f">
         <name>.debug_info</name>
         <load_address>0xbd1f</load_address>
         <run_address>0xbd1f</run_address>
         <size>0x1ea</size>
         <input_file_ref idref="fl-d5"/>
      </object_component>
      <object_component id="oc-44">
         <name>.debug_info</name>
         <load_address>0xbf09</load_address>
         <run_address>0xbf09</run_address>
         <size>0x46</size>
         <input_file_ref idref="fl-d5"/>
      </object_component>
      <object_component id="oc-88">
         <name>.debug_info</name>
         <load_address>0xbf4f</load_address>
         <run_address>0xbf4f</run_address>
         <size>0x2c</size>
         <input_file_ref idref="fl-d5"/>
      </object_component>
      <object_component id="oc-86">
         <name>.debug_info</name>
         <load_address>0xbf7b</load_address>
         <run_address>0xbf7b</run_address>
         <size>0x29e</size>
         <input_file_ref idref="fl-d6"/>
      </object_component>
      <object_component id="oc-17">
         <name>.debug_info</name>
         <load_address>0xc219</load_address>
         <run_address>0xc219</run_address>
         <size>0x250</size>
         <input_file_ref idref="fl-d6"/>
      </object_component>
      <object_component id="oc-34">
         <name>.debug_info</name>
         <load_address>0xc469</load_address>
         <run_address>0xc469</run_address>
         <size>0x60</size>
         <input_file_ref idref="fl-d6"/>
      </object_component>
      <object_component id="oc-c5">
         <name>.debug_info</name>
         <load_address>0xc4c9</load_address>
         <run_address>0xc4c9</run_address>
         <size>0x46</size>
         <input_file_ref idref="fl-d6"/>
      </object_component>
      <object_component id="oc-81">
         <name>.debug_info</name>
         <load_address>0xc50f</load_address>
         <run_address>0xc50f</run_address>
         <size>0x39</size>
         <input_file_ref idref="fl-d6"/>
      </object_component>
      <object_component id="oc-70">
         <name>.debug_info</name>
         <load_address>0xc548</load_address>
         <run_address>0xc548</run_address>
         <size>0x3b2</size>
         <input_file_ref idref="fl-d7"/>
      </object_component>
      <object_component id="oc-25">
         <name>.debug_info</name>
         <load_address>0xc8fa</load_address>
         <run_address>0xc8fa</run_address>
         <size>0x10c</size>
         <input_file_ref idref="fl-d7"/>
      </object_component>
      <object_component id="oc-36e">
         <name>.debug_info</name>
         <load_address>0xca06</load_address>
         <run_address>0xca06</run_address>
         <size>0x13f</size>
         <input_file_ref idref="fl-d7"/>
      </object_component>
      <object_component id="oc-2b7">
         <name>.debug_info</name>
         <load_address>0xcb45</load_address>
         <run_address>0xcb45</run_address>
         <size>0x168</size>
         <input_file_ref idref="fl-d7"/>
      </object_component>
      <object_component id="oc-2be">
         <name>.debug_info</name>
         <load_address>0xccad</load_address>
         <run_address>0xccad</run_address>
         <size>0x18e</size>
         <input_file_ref idref="fl-d7"/>
      </object_component>
      <object_component id="oc-2c3">
         <name>.debug_info</name>
         <load_address>0xce3b</load_address>
         <run_address>0xce3b</run_address>
         <size>0x19f</size>
         <input_file_ref idref="fl-d7"/>
      </object_component>
      <object_component id="oc-1c9">
         <name>.debug_info</name>
         <load_address>0xcfda</load_address>
         <run_address>0xcfda</run_address>
         <size>0x203</size>
         <input_file_ref idref="fl-d7"/>
      </object_component>
      <object_component id="oc-3e3">
         <name>.debug_info</name>
         <load_address>0xd1dd</load_address>
         <run_address>0xd1dd</run_address>
         <size>0x1db</size>
         <input_file_ref idref="fl-d7"/>
      </object_component>
      <object_component id="oc-1c4">
         <name>.debug_info</name>
         <load_address>0xd3b8</load_address>
         <run_address>0xd3b8</run_address>
         <size>0x1a5</size>
         <input_file_ref idref="fl-d7"/>
      </object_component>
      <object_component id="oc-36a">
         <name>.debug_info</name>
         <load_address>0xd55d</load_address>
         <run_address>0xd55d</run_address>
         <size>0x299</size>
         <input_file_ref idref="fl-d7"/>
      </object_component>
      <object_component id="oc-bb">
         <name>.debug_info</name>
         <load_address>0xd7f6</load_address>
         <run_address>0xd7f6</run_address>
         <size>0xb2</size>
         <input_file_ref idref="fl-d7"/>
      </object_component>
      <object_component id="oc-b6">
         <name>.debug_info</name>
         <load_address>0xd8a8</load_address>
         <run_address>0xd8a8</run_address>
         <size>0x2c</size>
         <input_file_ref idref="fl-d7"/>
      </object_component>
      <object_component id="oc-292">
         <name>.debug_info</name>
         <load_address>0xd8d4</load_address>
         <run_address>0xd8d4</run_address>
         <size>0x28a</size>
         <input_file_ref idref="fl-d8"/>
      </object_component>
      <object_component id="oc-18c">
         <name>.debug_info</name>
         <load_address>0xdb5e</load_address>
         <run_address>0xdb5e</run_address>
         <size>0x273</size>
         <input_file_ref idref="fl-d8"/>
      </object_component>
      <object_component id="oc-294">
         <name>.debug_info</name>
         <load_address>0xddd1</load_address>
         <run_address>0xddd1</run_address>
         <size>0x2a4</size>
         <input_file_ref idref="fl-d9"/>
      </object_component>
      <object_component id="oc-190">
         <name>.debug_info</name>
         <load_address>0xe075</load_address>
         <run_address>0xe075</run_address>
         <size>0x24d</size>
         <input_file_ref idref="fl-d9"/>
      </object_component>
      <object_component id="oc-23e">
         <name>.debug_info</name>
         <load_address>0xe2c2</load_address>
         <run_address>0xe2c2</run_address>
         <size>0x28f</size>
         <input_file_ref idref="fl-da"/>
      </object_component>
      <object_component id="oc-115">
         <name>.debug_info</name>
         <load_address>0xe551</load_address>
         <run_address>0xe551</run_address>
         <size>0x245</size>
         <input_file_ref idref="fl-da"/>
      </object_component>
      <object_component id="oc-28">
         <name>.debug_info</name>
         <load_address>0xe796</load_address>
         <run_address>0xe796</run_address>
         <size>0x10b</size>
         <input_file_ref idref="fl-db"/>
      </object_component>
      <object_component id="oc-5e">
         <name>.debug_info</name>
         <load_address>0xe8a1</load_address>
         <run_address>0xe8a1</run_address>
         <size>0x1a9</size>
         <input_file_ref idref="fl-db"/>
      </object_component>
      <object_component id="oc-315">
         <name>.debug_info</name>
         <load_address>0xea4a</load_address>
         <run_address>0xea4a</run_address>
         <size>0x590</size>
         <input_file_ref idref="fl-dc"/>
      </object_component>
      <object_component id="oc-2e5">
         <name>.debug_info</name>
         <load_address>0xefda</load_address>
         <run_address>0xefda</run_address>
         <size>0x21e</size>
         <input_file_ref idref="fl-dc"/>
      </object_component>
      <object_component id="oc-38a">
         <name>.debug_info</name>
         <load_address>0xf1f8</load_address>
         <run_address>0xf1f8</run_address>
         <size>0x1b3</size>
         <input_file_ref idref="fl-dc"/>
      </object_component>
      <object_component id="oc-390">
         <name>.debug_info</name>
         <load_address>0xf3ab</load_address>
         <run_address>0xf3ab</run_address>
         <size>0x21b</size>
         <input_file_ref idref="fl-dc"/>
      </object_component>
      <object_component id="oc-2eb">
         <name>.debug_info</name>
         <load_address>0xf5c6</load_address>
         <run_address>0xf5c6</run_address>
         <size>0x3c0</size>
         <input_file_ref idref="fl-dc"/>
      </object_component>
      <object_component id="oc-397">
         <name>.debug_info</name>
         <load_address>0xf986</load_address>
         <run_address>0xf986</run_address>
         <size>0x30a</size>
         <input_file_ref idref="fl-dc"/>
      </object_component>
      <object_component id="oc-39d">
         <name>.debug_info</name>
         <load_address>0xfc90</load_address>
         <run_address>0xfc90</run_address>
         <size>0x215</size>
         <input_file_ref idref="fl-dc"/>
      </object_component>
      <object_component id="oc-2f1">
         <name>.debug_info</name>
         <load_address>0xfea5</load_address>
         <run_address>0xfea5</run_address>
         <size>0x215</size>
         <input_file_ref idref="fl-dc"/>
      </object_component>
      <object_component id="oc-2f7">
         <name>.debug_info</name>
         <load_address>0x100ba</load_address>
         <run_address>0x100ba</run_address>
         <size>0x304</size>
         <input_file_ref idref="fl-dc"/>
      </object_component>
      <object_component id="oc-2fd">
         <name>.debug_info</name>
         <load_address>0x103be</load_address>
         <run_address>0x103be</run_address>
         <size>0x4b5</size>
         <input_file_ref idref="fl-dc"/>
      </object_component>
      <object_component id="oc-229">
         <name>.debug_info</name>
         <load_address>0x10873</load_address>
         <run_address>0x10873</run_address>
         <size>0x5f4</size>
         <input_file_ref idref="fl-dc"/>
      </object_component>
      <object_component id="oc-316">
         <name>.debug_info</name>
         <load_address>0x10e67</load_address>
         <run_address>0x10e67</run_address>
         <size>0x86</size>
         <input_file_ref idref="fl-dc"/>
      </object_component>
      <object_component id="oc-3c7">
         <name>.debug_info</name>
         <load_address>0x10eed</load_address>
         <run_address>0x10eed</run_address>
         <size>0x39</size>
         <input_file_ref idref="fl-dc"/>
      </object_component>
      <object_component id="oc-419">
         <name>.debug_info</name>
         <load_address>0x10f26</load_address>
         <run_address>0x10f26</run_address>
         <size>0xb6</size>
         <input_file_ref idref="fl-dc"/>
      </object_component>
      <object_component id="oc-3cc">
         <name>.debug_info</name>
         <load_address>0x10fdc</load_address>
         <run_address>0x10fdc</run_address>
         <size>0x46</size>
         <input_file_ref idref="fl-dc"/>
      </object_component>
      <object_component id="oc-31b">
         <name>.debug_info</name>
         <load_address>0x11022</load_address>
         <run_address>0x11022</run_address>
         <size>0x46</size>
         <input_file_ref idref="fl-dc"/>
      </object_component>
      <object_component id="oc-380">
         <name>.debug_info</name>
         <load_address>0x11068</load_address>
         <run_address>0x11068</run_address>
         <size>0x12e</size>
         <input_file_ref idref="fl-dd"/>
      </object_component>
      <object_component id="oc-98">
         <name>.debug_info</name>
         <load_address>0x11196</load_address>
         <run_address>0x11196</run_address>
         <size>0x147</size>
         <input_file_ref idref="fl-de"/>
      </object_component>
      <object_component id="oc-37a">
         <name>.debug_info</name>
         <load_address>0x112dd</load_address>
         <run_address>0x112dd</run_address>
         <size>0x134</size>
         <input_file_ref idref="fl-df"/>
      </object_component>
      <object_component id="oc-256">
         <name>.debug_info</name>
         <load_address>0x11411</load_address>
         <run_address>0x11411</run_address>
         <size>0x4b3</size>
         <input_file_ref idref="fl-e0"/>
      </object_component>
      <object_component id="oc-13d">
         <name>.debug_info</name>
         <load_address>0x118c4</load_address>
         <run_address>0x118c4</run_address>
         <size>0x1a6</size>
         <input_file_ref idref="fl-e0"/>
      </object_component>
      <object_component id="oc-336">
         <name>.debug_info</name>
         <load_address>0x11a6a</load_address>
         <run_address>0x11a6a</run_address>
         <size>0x39</size>
         <input_file_ref idref="fl-e0"/>
      </object_component>
      <object_component id="oc-3d4">
         <name>.debug_info</name>
         <load_address>0x11aa3</load_address>
         <run_address>0x11aa3</run_address>
         <size>0x39</size>
         <input_file_ref idref="fl-e0"/>
      </object_component>
      <object_component id="oc-33b">
         <name>.debug_info</name>
         <load_address>0x11adc</load_address>
         <run_address>0x11adc</run_address>
         <size>0x39</size>
         <input_file_ref idref="fl-e0"/>
      </object_component>
      <object_component id="oc-340">
         <name>.debug_info</name>
         <load_address>0x11b15</load_address>
         <run_address>0x11b15</run_address>
         <size>0xcd</size>
         <input_file_ref idref="fl-e0"/>
      </object_component>
      <object_component id="oc-9d">
         <name>.debug_info</name>
         <load_address>0x11be2</load_address>
         <run_address>0x11be2</run_address>
         <size>0x153</size>
         <input_file_ref idref="fl-e1"/>
      </object_component>
      <object_component id="oc-131">
         <name>.debug_info</name>
         <load_address>0x11d35</load_address>
         <run_address>0x11d35</run_address>
         <size>0x122</size>
         <input_file_ref idref="fl-e3"/>
      </object_component>
      <object_component id="oc-330">
         <name>.debug_info</name>
         <load_address>0x11e57</load_address>
         <run_address>0x11e57</run_address>
         <size>0x2c9</size>
         <input_file_ref idref="fl-e4"/>
      </object_component>
      <object_component id="oc-250">
         <name>.debug_info</name>
         <load_address>0x12120</load_address>
         <run_address>0x12120</run_address>
         <size>0x11e</size>
         <input_file_ref idref="fl-e4"/>
      </object_component>
      <object_component id="oc-329">
         <name>.debug_info</name>
         <load_address>0x1223e</load_address>
         <run_address>0x1223e</run_address>
         <size>0x12e</size>
         <input_file_ref idref="fl-e4"/>
      </object_component>
      <object_component id="oc-3f6">
         <name>.debug_info</name>
         <load_address>0x1236c</load_address>
         <run_address>0x1236c</run_address>
         <size>0x29c</size>
         <input_file_ref idref="fl-e5"/>
      </object_component>
      <object_component id="oc-387">
         <name>.debug_info</name>
         <load_address>0x12608</load_address>
         <run_address>0x12608</run_address>
         <size>0x1da</size>
         <input_file_ref idref="fl-e5"/>
      </object_component>
      <object_component id="oc-377">
         <name>.debug_info</name>
         <load_address>0x127e2</load_address>
         <run_address>0x127e2</run_address>
         <size>0x2b9</size>
         <input_file_ref idref="fl-e7"/>
      </object_component>
      <object_component id="oc-2e1">
         <name>.debug_info</name>
         <load_address>0x12a9b</load_address>
         <run_address>0x12a9b</run_address>
         <size>0x17c</size>
         <input_file_ref idref="fl-e7"/>
      </object_component>
      <object_component id="oc-3eb">
         <name>.debug_info</name>
         <load_address>0x12c17</load_address>
         <run_address>0x12c17</run_address>
         <size>0xf9</size>
         <input_file_ref idref="fl-e8"/>
      </object_component>
      <object_component id="oc-374">
         <name>.debug_info</name>
         <load_address>0x12d10</load_address>
         <run_address>0x12d10</run_address>
         <size>0x105</size>
         <input_file_ref idref="fl-e8"/>
      </object_component>
      <object_component id="oc-3b8">
         <name>.debug_info</name>
         <load_address>0x12e15</load_address>
         <run_address>0x12e15</run_address>
         <size>0x2a7</size>
         <input_file_ref idref="fl-e9"/>
      </object_component>
      <object_component id="oc-304">
         <name>.debug_info</name>
         <load_address>0x130bc</load_address>
         <run_address>0x130bc</run_address>
         <size>0x1b8</size>
         <input_file_ref idref="fl-e9"/>
      </object_component>
      <object_component id="oc-40b">
         <name>.debug_info</name>
         <load_address>0x13274</load_address>
         <run_address>0x13274</run_address>
         <size>0x29a</size>
         <input_file_ref idref="fl-ea"/>
      </object_component>
      <object_component id="oc-3b2">
         <name>.debug_info</name>
         <load_address>0x1350e</load_address>
         <run_address>0x1350e</run_address>
         <size>0x262</size>
         <input_file_ref idref="fl-ea"/>
      </object_component>
      <object_component id="oc-3c4">
         <name>.debug_info</name>
         <load_address>0x13770</load_address>
         <run_address>0x13770</run_address>
         <size>0x289</size>
         <input_file_ref idref="fl-eb"/>
      </object_component>
      <object_component id="oc-3c1">
         <name>.debug_info</name>
         <load_address>0x139f9</load_address>
         <run_address>0x139f9</run_address>
         <size>0x10e</size>
         <input_file_ref idref="fl-eb"/>
      </object_component>
      <object_component id="oc-30f">
         <name>.debug_info</name>
         <load_address>0x13b07</load_address>
         <run_address>0x13b07</run_address>
         <size>0x14e</size>
         <input_file_ref idref="fl-eb"/>
      </object_component>
      <object_component id="oc-3fc">
         <name>.debug_info</name>
         <load_address>0x13c55</load_address>
         <run_address>0x13c55</run_address>
         <size>0x295</size>
         <input_file_ref idref="fl-ec"/>
      </object_component>
      <object_component id="oc-3a5">
         <name>.debug_info</name>
         <load_address>0x13eea</load_address>
[...]
         <value>0xbc3</value>
         <object_component_ref idref="oc-ed"/>
      </symbol>
      <symbol id="sm-281">
         <name>oi_free</name>
         <value>0x279</value>
         <object_component_ref idref="oc-ed"/>
      </symbol>
      <symbol id="sm-282">
         <name>oi_getMotorCalibrationRight</name>
         <value>0xe01</value>
         <object_component_ref idref="oc-ed"/>
      </symbol>
      <symbol id="sm-283">
         <name>oi_uartReceive</name>
         <value>0xa31</value>
         <object_component_ref idref="oc-ed"/>
      </symbol>
      <symbol id="sm-284">
         <name>oi_setWheels</name>
         <value>0x88f</value>
         <object_component_ref idref="oc-ed"/>
      </symbol>
      <symbol id="sm-285">
         <name>oi_shutoff_init</name>
         <value>0xb51</value>
         <object_component_ref idref="oc-ed"/>
      </symbol>
      <symbol id="sm-286">
         <name>motor_cal_factor_L</name>
         <value>0x200024c0</value>
         <object_component_ref idref="oc-1d9"/>
      </symbol>
      <symbol id="sm-287">
         <name>motor_cal_factor_R</name>
         <value>0x200024c4</value>
         <object_component_ref idref="oc-1d9"/>
      </symbol>
      <symbol id="sm-288">
         <name>oi_parseInt</name>
         <value>0x460b</value>
         <object_component_ref idref="oc-1cc"/>
      </symbol>
      <symbol id="sm-289">
         <name>oi_setMotorCalibration</name>
         <value>0xdb1</value>
         <object_component_ref idref="oc-ed"/>
      </symbol>
      <symbol id="sm-28a">
         <name>oi_uartSendStr</name>
         <value>0xa59</value>
         <object_component_ref idref="oc-ed"/>
      </symbol>
      <symbol id="sm-28b">
         <name>oi_close</name>
         <value>0x2c7</value>
         <object_component_ref idref="oc-ed"/>
      </symbol>
      <symbol id="sm-28c">
         <name>oi_uartSendBuff</name>
         <value>0xa77</value>
         <object_component_ref idref="oc-ed"/>
      </symbol>
      <symbol id="sm-28d">
         <name>oi_checkFirmware</name>
         <value>0xaa9</value>
         <object_component_ref idref="oc-ed"/>
      </symbol>
      <symbol id="sm-28e">
         <name>oi_init_noupdate</name>
         <value>0x289</value>
         <object_component_ref idref="oc-ed"/>
      </symbol>
      <symbol id="sm-28f">
         <name>oi_uartSendChar</name>
         <value>0xa15</value>
         <object_component_ref idref="oc-ed"/>
      </symbol>
      <symbol id="sm-290">
         <name>oi_alloc</name>
         <value>0x26d</value>
         <object_component_ref idref="oc-ed"/>
      </symbol>
      <symbol id="sm-291">
         <name>oi_getMotorCalibrationLeft</name>
         <value>0xded</value>
         <object_component_ref idref="oc-ed"/>
      </symbol>
      <symbol id="sm-292">
         <name>oi_loadSong</name>
         <value>0x915</value>
         <object_component_ref idref="oc-ed"/>
      </symbol>
      <symbol id="sm-293">
         <name>oi_play_song</name>
         <value>0x96b</value>
         <object_component_ref idref="oc-ed"/>
      </symbol>
      <symbol id="sm-294">
         <name>oi_parsePacket</name>
         <value>0x32b</value>
         <object_component_ref idref="oc-ed"/>
      </symbol>
      <symbol id="sm-295">
         <name>oi_setLeds</name>
         <value>0x84b</value>
         <object_component_ref idref="oc-ed"/>
      </symbol>
      <symbol id="sm-296">
         <name>oi_init</name>
         <value>0x2b1</value>
         <object_component_ref idref="oc-ed"/>
      </symbol>
      <symbol id="sm-297">
         <name>oi_update</name>
         <value>0x2d9</value>
         <object_component_ref idref="oc-ed"/>
      </symbol>
      <symbol id="sm-298">
         <name>oi_uartInit</name>
         <value>0x98d</value>
         <object_component_ref idref="oc-ed"/>
      </symbol>
      <symbol id="sm-2d4">
         <name>cyBOT_SERVO_cal</name>
         <value>0x2759</value>
         <object_component_ref idref="oc-e7"/>
      </symbol>
      <symbol id="sm-2d5">
         <name>cyBOT_Scan</name>
         <value>0x26e7</value>
         <object_component_ref idref="oc-e7"/>
      </symbol>
      <symbol id="sm-2d6">
         <name>cyBOT_scan_features</name>
         <value>0x200024f0</value>
         <object_component_ref idref="oc-1b7"/>
      </symbol>
      <symbol id="sm-2d7">
         <name>cyBOT_scan_version</name>
         <value>0x2681</value>
         <object_component_ref idref="oc-e7"/>
      </symbol>
      <symbol id="sm-2d8">
         <name>cyBOT_init_Scan</name>
         <value>0x268f</value>
         <object_component_ref idref="oc-e7"/>
      </symbol>
      <symbol id="sm-2ff">
         <name>isr_int_value</name>
         <value>0x200024a8</value>
      </symbol>
      <symbol id="sm-300">
         <name>ir_enableInterrupt</name>
         <value>0x3797</value>
         <object_component_ref idref="oc-1b1"/>
      </symbol>
      <symbol id="sm-301">
         <name>ir_getDistance</name>
         <value>0x3779</value>
         <object_component_ref idref="oc-1b1"/>
      </symbol>
      <symbol id="sm-302">
         <name>ir_init</name>
         <value>0x36e9</value>
         <object_component_ref idref="oc-1b1"/>
      </symbol>
      <symbol id="sm-303">
         <name>ADC0SS0_Handler</name>
         <value>0x3781</value>
         <object_component_ref idref="oc-1b1"/>
      </symbol>
      <symbol id="sm-304">
         <name>ir_getValue</name>
         <value>0x3751</value>
         <object_component_ref idref="oc-1b1"/>
      </symbol>
      <symbol id="sm-333">
         <name>risingEdge</name>
         <value>0x200024b8</value>
      </symbol>
      <symbol id="sm-334">
         <name>fallingEdge</name>
         <value>0x200024a4</value>
      </symbol>
      <symbol id="sm-335">
         <name>pulseLength</name>
         <value>0x200024b0</value>
      </symbol>
      <symbol id="sm-336">
         <name>isRisingEdge</name>
         <value>0x200024bc</value>
      </symbol>
      <symbol id="sm-337">
         <name>TIMER3B_Handler</name>
         <value>0x2c19</value>
         <object_component_ref idref="oc-1ab"/>
      </symbol>
      <symbol id="sm-338">
         <name>ping_init</name>
         <value>0x2b29</value>
         <object_component_ref idref="oc-1ab"/>
      </symbol>
      <symbol id="sm-339">
         <name>ping_getDistance</name>
         <value>0x2c6b</value>
         <object_component_ref idref="oc-1ab"/>
      </symbol>
      <symbol id="sm-33a">
         <name>ping_trigger</name>
         <value>0x2baf</value>
         <object_component_ref idref="oc-1ab"/>
      </symbol>
      <symbol id="sm-35c">
         <name>servo_move</name>
         <value>0x3289</value>
         <object_component_ref idref="oc-1a5"/>
      </symbol>
      <symbol id="sm-35d">
         <name>servo_init</name>
         <value>0x31f9</value>
         <object_component_ref idref="oc-1a5"/>
      </symbol>
      <symbol id="sm-35e">
         <name>servo_stop</name>
         <value>0x327d</value>
         <object_component_ref idref="oc-1a5"/>
      </symbol>
      <symbol id="sm-35f">
         <name>servo_setPWM</name>
         <value>0x32e9</value>
         <object_component_ref idref="oc-1a5"/>
      </symbol>
      <symbol id="sm-39b">
         <name>isr_char_buffer</name>
         <value>0x2000242c</value>
      </symbol>
      <symbol id="sm-39c">
         <name>cyBot_getByte</name>
         <value>0x318b</value>
         <object_component_ref idref="oc-e1"/>
      </symbol>
      <symbol id="sm-39d">
         <name>cyBot_sendByte</name>
         <value>0x309d</value>
         <object_component_ref idref="oc-e1"/>
      </symbol>
      <symbol id="sm-39e">
         <name>cyBot_uart_sendStr</name>
         <value>0x30a9</value>
         <object_component_ref idref="oc-e1"/>
      </symbol>
      <symbol id="sm-39f">
         <name>isr_counter</name>
         <value>0x200024f4</value>
         <object_component_ref idref="oc-1a1"/>
      </symbol>
      <symbol id="sm-3a0">
         <name>cyBot_uart_sendBuffer</name>
         <value>0x30c3</value>
         <object_component_ref idref="oc-e1"/>
      </symbol>
      <symbol id="sm-3a1">
         <name>cyBot_uart_flush</name>
         <value>0x316d</value>
         <object_component_ref idref="oc-e1"/>
      </symbol>
      <symbol id="sm-3a2">
         <name>cyBot_UART1_Handler</name>
         <value>0x31a5</value>
         <object_component_ref idref="oc-e1"/>
      </symbol>
      <symbol id="sm-3a3">
         <name>cyBot_uart_init</name>
         <value>0x30db</value>
         <object_component_ref idref="oc-e1"/>
      </symbol>
      <symbol id="sm-3ca">
         <name>sprintf</name>
         <value>0x4349</value>
         <object_component_ref idref="oc-106"/>
      </symbol>
      <symbol id="sm-3f4">
         <name>vsnprintf</name>
         <value>0x4389</value>
         <object_component_ref idref="oc-182"/>
      </symbol>
      <symbol id="sm-40b">
         <name>__aeabi_dsub</name>
         <value>0x2ee5</value>
         <object_component_ref idref="oc-1eb"/>
      </symbol>
      <symbol id="sm-40c">
         <name>__aeabi_dadd</name>
         <value>0x2eef</value>
         <object_component_ref idref="oc-1eb"/>
      </symbol>
      <symbol id="sm-42e">
         <name>__aeabi_cdcmpeq</name>
         <value>0x3dd5</value>
         <object_component_ref idref="oc-200"/>
      </symbol>
      <symbol id="sm-42f">
         <name>__aeabi_cdcmple</name>
         <value>0x3dd5</value>
         <object_component_ref idref="oc-200"/>
      </symbol>
      <symbol id="sm-430">
         <name>__aeabi_cdrcmple</name>
         <value>0x3e5b</value>
         <object_component_ref idref="oc-205"/>
      </symbol>
      <symbol id="sm-444">
         <name>__aeabi_ddiv</name>
         <value>0x348d</value>
         <object_component_ref idref="oc-1e1"/>
      </symbol>
      <symbol id="sm-44f">
         <name>__aeabi_dmul</name>
         <value>0x3a11</value>
         <object_component_ref idref="oc-1dc"/>
      </symbol>
      <symbol id="sm-45b">
         <name>__aeabi_d2f</name>
         <value>0x403b</value>
         <object_component_ref idref="oc-1f3"/>
      </symbol>
      <symbol id="sm-466">
         <name>__aeabi_f2d</name>
         <value>0x4441</value>
         <object_component_ref idref="oc-10c"/>
      </symbol>
      <symbol id="sm-470">
         <name>__aeabi_i2d</name>
         <value>0x4511</value>
         <object_component_ref idref="oc-1e6"/>
      </symbol>
      <symbol id="sm-48b">
         <name>memcpy</name>
         <value>0x3ca3</value>
         <object_component_ref idref="oc-3e"/>
      </symbol>
      <symbol id="sm-48c">
         <name>__aeabi_memcpy</name>
         <value>0x3ca3</value>
         <object_component_ref idref="oc-3e"/>
      </symbol>
      <symbol id="sm-48d">
         <name>__aeabi_memcpy8</name>
         <value>0x3ca3</value>
         <object_component_ref idref="oc-3e"/>
      </symbol>
      <symbol id="sm-48e">
         <name>__aeabi_memcpy4</name>
         <value>0x3ca3</value>
         <object_component_ref idref="oc-3e"/>
      </symbol>
      <symbol id="sm-498">
         <name>__aeabi_ui2d</name>
         <value>0x4569</value>
         <object_component_ref idref="oc-20a"/>
      </symbol>
      <symbol id="sm-4af">
         <name>__TI_zero_init</name>
         <value>0x46c5</value>
         <object_component_ref idref="oc-50"/>
      </symbol>
      <symbol id="sm-4c6">
         <name>__TI_decompress_none</name>
         <value>0x46ab</value>
         <object_component_ref idref="oc-1b"/>
      </symbol>
      <symbol id="sm-4e9">
         <name>__TI_decompress_lzss</name>
         <value>0x40a9</value>
         <object_component_ref idref="oc-15"/>
      </symbol>
      <symbol id="sm-57e">
         <name>_sys_memory</name>
         <value>0x20001270</value>
         <object_component_ref idref="oc-24"/>
      </symbol>
      <symbol id="sm-57f">
         <name>free</name>
         <value>0x3b0d</value>
         <object_component_ref idref="oc-1c6"/>
      </symbol>
      <symbol id="sm-580">
         <name>memalign</name>
         <value>0x3911</value>
         <object_component_ref idref="oc-366"/>
      </symbol>
      <symbol id="sm-581">
         <name>calloc</name>
         <value>0x4409</value>
         <object_component_ref idref="oc-1c0"/>
      </symbol>
      <symbol id="sm-582">
         <name>malloc</name>
         <value>0x46f1</value>
         <object_component_ref idref="oc-2b3"/>
      </symbol>
      <symbol id="sm-583">
         <name>aligned_alloc</name>
         <value>0x3911</value>
         <object_component_ref idref="oc-366"/>
      </symbol>
      <symbol id="sm-592">
         <name>strcmp</name>
         <value>0x4623</value>
         <object_component_ref idref="oc-188"/>
      </symbol>
      <symbol id="sm-5a0">
         <name>strcpy</name>
         <value>0x4651</value>
         <object_component_ref idref="oc-18e"/>
      </symbol>
      <symbol id="sm-5ae">
         <name>strlen</name>
         <value>0x4665</value>
         <object_component_ref idref="oc-111"/>
      </symbol>
      <symbol id="sm-5c1">
         <name>__stack</name>
         <value>0x20000270</value>
         <object_component_ref idref="oc-27"/>
      </symbol>
      <symbol id="sm-5c2">
         <name>_c_int00_noargs</name>
         <value>0x44ad</value>
         <object_component_ref idref="oc-5c"/>
      </symbol>
      <symbol id="sm-727">
         <name>__TI_printfi</name>
         <value>0xe8d</value>
         <object_component_ref idref="oc-228"/>
      </symbol>
      <symbol id="sm-731">
         <name>__aeabi_d2iz</name>
         <value>0x42bd</value>
         <object_component_ref idref="oc-37e"/>
      </symbol>
      <symbol id="sm-740">
         <name>__aeabi_memset</name>
         <value>0x3ee3</value>
         <object_component_ref idref="oc-96"/>
      </symbol>
      <symbol id="sm-741">
         <name>memset</name>
         <value>0x3ee9</value>
         <object_component_ref idref="oc-96"/>
      </symbol>
      <symbol id="sm-742">
         <name>__aeabi_memset8</name>
         <value>0x3ee3</value>
         <object_component_ref idref="oc-96"/>
      </symbol>
      <symbol id="sm-743">
         <name>__aeabi_memset4</name>
         <value>0x3ee3</value>
         <object_component_ref idref="oc-96"/>
      </symbol>
      <symbol id="sm-744">
         <name>__aeabi_memclr8</name>
         <value>0x3ee1</value>
         <object_component_ref idref="oc-96"/>
      </symbol>
      <symbol id="sm-745">
         <name>__aeabi_memclr4</name>
         <value>0x3ee1</value>
         <object_component_ref idref="oc-96"/>
      </symbol>
      <symbol id="sm-746">
         <name>__aeabi_memclr</name>
         <value>0x3ee1</value>
         <object_component_ref idref="oc-96"/>
      </symbol>
      <symbol id="sm-753">
         <name>__aeabi_uldivmod</name>
         <value>0x3d3f</value>
         <object_component_ref idref="oc-378"/>
      </symbol>
      <symbol id="sm-77b">
         <name>__TI_auto_init_nobinit_nopinit</name>
         <value>0x4305</value>
         <object_component_ref idref="oc-13c"/>
      </symbol>
      <symbol id="sm-785">
         <name>_system_pre_init</name>
         <value>0x46f9</value>
         <object_component_ref idref="oc-9c"/>
      </symbol>
      <symbol id="sm-791">
         <name>C$$EXIT</name>
         <value>0x46fd</value>
         <object_component_ref idref="oc-130"/>
      </symbol>
      <symbol id="sm-792">
         <name>abort</name>
         <value>0x46fd</value>
         <object_component_ref idref="oc-130"/>
      </symbol>
      <symbol id="sm-7a7">
         <name>_nop</name>
         <value>0x18db</value>
         <object_component_ref idref="oc-328"/>
      </symbol>
      <symbol id="sm-7a8">
         <name>_lock</name>
         <value>0x200024e0</value>
         <object_component_ref idref="oc-24f"/>
      </symbol>
      <symbol id="sm-7a9">
         <name>_unlock</name>
         <value>0x200024e4</value>
         <object_component_ref idref="oc-24f"/>
      </symbol>
      <symbol id="sm-7b8">
         <name>__TI_ltoa</name>
         <value>0x41cb</value>
         <object_component_ref idref="oc-383"/>
      </symbol>
      <symbol id="sm-7cf">
         <name>atoi</name>
         <value>0x4271</value>
         <object_component_ref idref="oc-2de"/>
      </symbol>
      <symbol id="sm-7da">
         <name>_ctypes_</name>
         <value>0x4700</value>
         <object_component_ref idref="oc-373"/>
      </symbol>
      <symbol id="sm-7ea">
         <name>memccpy</name>
         <value>0x45a5</value>
         <object_component_ref idref="oc-302"/>
      </symbol>
      <symbol id="sm-7fa">
         <name>strchr</name>
         <value>0x463b</value>
         <object_component_ref idref="oc-3b0"/>
      </symbol>
      <symbol id="sm-810">
         <name>__aeabi_errno_addr</name>
         <value>0x46e9</value>
         <object_component_ref idref="oc-30e"/>
      </symbol>
      <symbol id="sm-811">
         <name>errno</name>
         <value>0x200024fc</value>
         <object_component_ref idref="oc-3c0"/>
      </symbol>
      <symbol id="sm-831">
         <name>frexpl</name>
         <value>0x4111</value>
         <object_component_ref idref="oc-3a4"/>
      </symbol>
      <symbol id="sm-832">
         <name>frexp</name>
         <value>0x4111</value>
         <object_component_ref idref="oc-3a4"/>
      </symbol>
      <symbol id="sm-84f">
         <name>scalbn</name>
         <value>0x3801</value>
         <object_component_ref idref="oc-3aa"/>
      </symbol>
      <symbol id="sm-850">
         <name>scalbnl</name>
         <value>0x3801</value>
         <object_component_ref idref="oc-3aa"/>
      </symbol>
      <symbol id="sm-851">
         <name>ldexpl</name>
         <value>0x3801</value>
         <object_component_ref idref="oc-3aa"/>
      </symbol>
      <symbol id="sm-852">
         <name>ldexp</name>
         <value>0x3801</value>
         <object_component_ref idref="oc-3aa"/>
      </symbol>
      <symbol id="sm-85c">
         <name>copysign</name>
         <value>0x45c1</value>
         <object_component_ref idref="oc-402"/>
      </symbol>
      <symbol id="sm-85d">
         <name>copysignl</name>
         <value>0x45c1</value>
         <object_component_ref idref="oc-402"/>
      </symbol>
      <symbol id="sm-876">
         <name>wcslen</name>
         <value>0x4679</value>
         <object_component_ref idref="oc-308"/>
      </symbol>
      <symbol id="sm-880">
         <name>__aeabi_idiv0</name>
         <value>0x309b</value>
         <object_component_ref idref="oc-3ee"/>
      </symbol>
      <symbol id="sm-881">
         <name>__aeabi_ldiv0</name>
         <value>0x309b</value>
         <object_component_ref idref="oc-3ee"/>
      </symbol>
      <symbol id="sm-8b0">
         <name>IntRegister</name>
         <value>0x4479</value>
         <object_component_ref idref="oc-16e"/>
      </symbol>
      <symbol id="sm-8b1">
         <name>g_pfnRAMVectors</name>
         <value>0x20000000</value>
         <object_component_ref idref="oc-26b"/>
      </symbol>
      <symbol id="sm-8b2">
         <name>IntMasterEnable</name>
         <value>0x468b</value>
         <object_component_ref idref="oc-1d3"/>
      </symbol>
      <symbol id="sm-8bc">
         <name>CPUcpsie</name>
         <value>0x46b9</value>
         <object_component_ref idref="oc-2c7"/>
      </symbol>
      <symbol id="sm-8bd">
         <name>__TI_static_base__</name>
         <value>0x0</value>
      </symbol>
      <symbol id="sm-8c0">
         <name>__mpu_init</name>
         <value>0x0</value>
      </symbol>
      <symbol id="sm-8c1">
         <name>_system_post_cinit</name>
         <value>0x0</value>
      </symbol>
   </symbol_table>
   <title>Link successful</title>
</link_info>
