******************************************************************************
                  TI ARM Linker PC v20.2.6                     
******************************************************************************
>> Linked Wed Apr 12 13:46:43 2023

OUTPUT FILE NAME:   <LabProject.out>
ENTRY POINT SYMBOL: "_c_int00_noargs"  address: 00000e89


MEMORY CONFIGURATION

         name            origin    length      used     unused   attr    fill
----------------------  --------  ---------  --------  --------  ----  --------
  FLASH                 00000000   00040000  00000fa4  0003f05c  R  X
  SRAM                  20000000   00008000  00002296  00005d6a  RW X


SEGMENT ALLOCATION MAP

run origin  load origin   length   init length attrs members
----------  ----------- ---------- ----------- ----- -------
00000000    00000000    00000fa8   00000fa8    r-x
  00000000    00000000    0000026c   0000026c    r-- .intvecs
  0000026c    0000026c    00000ce0   00000ce0    r-x .text
  00000f50    00000f50    00000058   00000058    r-- .cinit
20000000    20000000    00002296   00000000    rw-
  20000000    20000000    0000026c   00000000    rw- .vtable
  2000026c    2000026c    00000004   00000000    rw- .bss
  20000270    20000270    00001000   00000000    rw- .stack
  20001270    20001270    00001000   00000000    rw- .sysmem
  20002270    20002270    00000026   00000000    rw- .data


SECTION ALLOCATION MAP

 output                                  attributes/
section   page    origin      length       input sections
--------  ----  ----------  ----------   ----------------
.intvecs   0    00000000    0000026c     
                  00000000    0000026c     tm4c123gh6pm_startup_ccs.obj (.intvecs)

.text      0    0000026c    00000ce0     
                  0000026c    0000029c     ping.obj (.text)
                  00000508    00000248     Timer.obj (.text)
                  00000750    000001b6     rtsv7M4_T_le_v4SPD16_eabi.lib : fd_add_t2.asm.obj (.text)
                  00000906    00000002     --HOLE-- [fill = 0]
                  00000908    000001a4     uart.obj (.text)
                  00000aac    0000011c     servo.obj (.text)
                  00000bc8    000000fc     rtsv7M4_T_le_v4SPD16_eabi.lib : fd_mul_t2.asm.obj (.text)
                  00000cc4    0000009c                                   : memcpy_t2.asm.obj (.text)
                  00000d60    00000068                                   : copy_decompress_lzss.c.obj (.text:decompress:lzss:__TI_decompress_lzss)
                  00000dc8    00000048                                   : fd_toi_t2.asm.obj (.text)
                  00000e10    00000044                                   : autoinit.c.obj (.text:__TI_auto_init_nobinit_nopinit:__TI_auto_init_nobinit_nopinit)
                  00000e54    00000034     driverlib.lib : interrupt.obj (.text:IntRegister)
                  00000e88    00000034     rtsv7M4_T_le_v4SPD16_eabi.lib : boot_cortex_m.c.obj (.text:_c_int00_noargs:_c_int00_noargs)
                  00000ebc    00000020                                   : u_tofd_t2.asm.obj (.text)
                  00000edc    0000001c                                   : copy_zero_init.c.obj (.text:decompress:ZI:__TI_zero_init_nomemset:__TI_zero_init_nomemset)
                  00000ef8    00000016     main.obj (.text)
                  00000f0e    00000010     driverlib.lib : interrupt.obj (.text:IntMasterEnable)
                  00000f1e    0000000e     rtsv7M4_T_le_v4SPD16_eabi.lib : copy_decompress_none.c.obj (.text:decompress:none:__TI_decompress_none)
                  00000f2c    0000000c     driverlib.lib : cpu.obj (.text:CPUcpsie)
                  00000f38    0000000c     tm4c123gh6pm_startup_ccs.obj (.text)
                  00000f44    00000004     rtsv7M4_T_le_v4SPD16_eabi.lib : pre_init.c.obj (.text:_system_pre_init)
                  00000f48    00000004                                   : exit.c.obj (.text:abort:abort)

.cinit     0    00000f50    00000058     
                  00000f50    0000001f     (.cinit..data.load) [load image, compression = lzss]
                  00000f6f    00000001     --HOLE-- [fill = 0]
                  00000f70    0000000c     (__TI_handler_table)
                  00000f7c    00000004     --HOLE-- [fill = 0]
                  00000f80    00000008     (.cinit..bss.load) [load image, compression = zero_init]
                  00000f88    00000008     (.cinit..vtable.load) [load image, compression = zero_init]
                  00000f90    00000018     (__TI_cinit_table)

.init_array 
*          0    00000000    00000000     UNINITIALIZED

.vtable    0    20000000    0000026c     UNINITIALIZED
                  20000000    0000026c     driverlib.lib : interrupt.obj (.vtable)

.bss       0    2000026c    00000004     UNINITIALIZED
                  2000026c    00000004     (.common:_timeout_ticks)

.stack     0    20000270    00001000     UNINITIALIZED
                  20000270    00000004     rtsv7M4_T_le_v4SPD16_eabi.lib : boot_cortex_m.c.obj (.stack)
                  20000274    00000ffc     --HOLE--

.sysmem    0    20001270    00001000     UNINITIALIZED
                  20001270    00000010     rtsv7M4_T_le_v4SPD16_eabi.lib : memory.c.obj (.sysmem)
                  20001280    00000ff0     --HOLE--

.data      0    20002270    00000026     UNINITIALIZED
                  20002270    00000014     servo.obj (.data)
                  20002284    00000011     ping.obj (.data)
                  20002295    00000001     Timer.obj (.data)

__llvm_prf_cnts 
*          0    20000000    00000000     UNINITIALIZED

MODULE SUMMARY

       Module                         code   ro data   rw data
       ------                         ----   -------   -------
    .\
       ping.obj                       668    0         17     
       tm4c123gh6pm_startup_ccs.obj   12     620       0      
       Timer.obj                      584    0         5      
       uart.obj                       420    0         0      
       servo.obj                      284    0         20     
       main.obj                       22     0         0      
    +--+------------------------------+------+---------+---------+
       Total:                         1990   620       42     
                                                              
    C:/ti/TivaWare_C_Series-2.2.0.295/driverlib/ccs/Debug/driverlib.lib
       interrupt.obj                  68     0         620    
       cpu.obj                        12     0         0      
    +--+------------------------------+------+---------+---------+
       Total:                         80     0         620    
                                                              
    C:\ti\ccs1200\ccs\tools\compiler\ti-cgt-arm_20.2.6.LTS\lib\rtsv7M4_T_le_v4SPD16_eabi.lib
       fd_add_t2.asm.obj              438    0         0      
       fd_mul_t2.asm.obj              252    0         0      
       memcpy_t2.asm.obj              156    0         0      
       copy_decompress_lzss.c.obj     104    0         0      
       fd_toi_t2.asm.obj              72     0         0      
       autoinit.c.obj                 68     0         0      
       boot_cortex_m.c.obj            52     0         0      
       u_tofd_t2.asm.obj              32     0         0      
       copy_zero_init.c.obj           28     0         0      
       copy_decompress_none.c.obj     14     0         0      
       exit.c.obj                     4      0         0      
       pre_init.c.obj                 4      0         0      
    +--+------------------------------+------+---------+---------+
       Total:                         1224   0         0      
                                                              
       Heap:                          0      0         4096   
       Stack:                         0      0         4096   
       Linker Generated:              0      83        0      
    +--+------------------------------+------+---------+---------+
       Grand Total:                   3294   703       8854   


LINKER GENERATED COPY TABLES

__TI_cinit_table @ 00000f90 records: 3, size/record: 8, table size: 24
	.data: load addr=00000f50, load size=0000001f bytes, run addr=20002270, run size=00000026 bytes, compression=lzss
	.bss: load addr=00000f80, load size=00000008 bytes, run addr=2000026c, run size=00000004 bytes, compression=zero_init
	.vtable: load addr=00000f88, load size=00000008 bytes, run addr=20000000, run size=0000026c bytes, compression=zero_init


LINKER GENERATED HANDLER TABLE

__TI_handler_table @ 00000f70 records: 3, size/record: 4, table size: 12
	index: 0, handler: __TI_zero_init
	index: 1, handler: __TI_decompress_lzss
	index: 2, handler: __TI_decompress_none


GLOBAL SYMBOLS: SORTED ALPHABETICALLY BY Name 

address   name                          
-------   ----                          
00000f49  C$$EXIT                       
00000f2d  CPUcpsie                      
20002288  END_TIME                      
00000f0f  IntMasterEnable               
00000e55  IntRegister                   
00000f39  ResetISR                      
20002284  START_TIME                    
2000228c  STATE                         
000003af  TIMER3B_Handler               
20001270  __STACK_END                   
00001000  __STACK_SIZE                  
20000470  __STACK_TOP                   
00001000  __SYSMEM_SIZE                 
00000f90  __TI_CINIT_Base               
00000fa8  __TI_CINIT_Limit              
00000f70  __TI_Handler_Table_Base       
00000f7c  __TI_Handler_Table_Limit      
00000e11  __TI_auto_init_nobinit_nopinit
00000d61  __TI_decompress_lzss          
00000f1f  __TI_decompress_none          
ffffffff  __TI_pprof_out_hndl           
ffffffff  __TI_prof_data_size           
ffffffff  __TI_prof_data_start          
00000000  __TI_static_base__            
00000edd  __TI_zero_init_nomemset       
00000dc9  __aeabi_d2iz                  
0000075b  __aeabi_dadd                  
00000bc9  __aeabi_dmul                  
00000751  __aeabi_dsub                  
00000cc5  __aeabi_memcpy                
00000cc5  __aeabi_memcpy4               
00000cc5  __aeabi_memcpy8               
00000ebd  __aeabi_ui2d                  
ffffffff  __binit__                     
ffffffff  __c_args__                    
UNDEFED   __mpu_init                    
20000270  __stack                       
20000000  __start___llvm_prf_cnts       
20000000  __stop___llvm_prf_cnts        
00000e89  _c_int00_noargs               
20002295  _running                      
20001270  _sys_memory                   
UNDEFED   _system_post_cinit            
00000f45  _system_pre_init              
2000026c  _timeout_ticks                
00000f49  abort                         
ffffffff  binit                         
20002290  count                         
2000227c  direction_clockwise           
20000000  g_pfnRAMVectors               
00000000  g_pfnVectors                  
20002294  intFlag                       
20002270  leftVal                       
00000ef9  main                          
00000cc5  memcpy                        
2000227d  moved                         
20002278  new_position                  
000003ef  ping_getDistance              
0000026d  ping_init                     
00000323  ping_trigger                  
20002274  rightVal                      
00000aad  servo_init                    
00000b51  servo_move                    
00000627  timer_getMicros               
000005cf  timer_getMillis               
00000509  timer_init                    
000005ab  timer_pause                   
000005bd  timer_resume                  
00000581  timer_stop                    
00000681  timer_waitMicros              
000006b3  timer_waitMillis              
00000909  uart_init                     
000009e3  uart_receive                  
00000a11  uart_receive_nonblocking      
000009bf  uart_sendChar                 
00000a37  uart_sendStr                  
20002280  x                             


GLOBAL SYMBOLS: SORTED BY Symbol Address 

address   name                          
-------   ----                          
00000000  __TI_static_base__            
00000000  g_pfnVectors                  
0000026d  ping_init                     
00000323  ping_trigger                  
000003af  TIMER3B_Handler               
000003ef  ping_getDistance              
00000509  timer_init                    
00000581  timer_stop                    
000005ab  timer_pause                   
000005bd  timer_resume                  
000005cf  timer_getMillis               
00000627  timer_getMicros               
00000681  timer_waitMicros              
000006b3  timer_waitMillis              
00000751  __aeabi_dsub                  
0000075b  __aeabi_dadd                  
00000909  uart_init                     
000009bf  uart_sendChar                 
000009e3  uart_receive                  
00000a11  uart_receive_nonblocking      
00000a37  uart_sendStr                  
00000aad  servo_init                    
00000b51  servo_move                    
00000bc9  __aeabi_dmul                  
00000cc5  __aeabi_memcpy                
00000cc5  __aeabi_memcpy4               
00000cc5  __aeabi_memcpy8               
00000cc5  memcpy                        
00000d61  __TI_decompress_lzss          
00000dc9  __aeabi_d2iz                  
00000e11  __TI_auto_init_nobinit_nopinit
00000e55  IntRegister                   
00000e89  _c_int00_noargs               
00000ebd  __aeabi_ui2d                  
00000edd  __TI_zero_init_nomemset       
00000ef9  main                          
00000f0f  IntMasterEnable               
00000f1f  __TI_decompress_none          
00000f2d  CPUcpsie                      
00000f39  ResetISR                      
00000f45  _system_pre_init              
00000f49  C$$EXIT                       
00000f49  abort                         
00000f70  __TI_Handler_Table_Base       
00000f7c  __TI_Handler_Table_Limit      
00000f90  __TI_CINIT_Base               
00000fa8  __TI_CINIT_Limit              
00001000  __STACK_SIZE                  
00001000  __SYSMEM_SIZE                 
20000000  __start___llvm_prf_cnts       
20000000  __stop___llvm_prf_cnts        
20000000  g_pfnRAMVectors               
2000026c  _timeout_ticks                
20000270  __stack                       
20000470  __STACK_TOP                   
20001270  __STACK_END                   
20001270  _sys_memory                   
20002270  leftVal                       
20002274  rightVal                      
20002278  new_position                  
2000227c  direction_clockwise           
2000227d  moved                         
20002280  x                             
20002284  START_TIME                    
20002288  END_TIME                      
2000228c  STATE                         
20002290  count                         
20002294  intFlag                       
20002295  _running                      
ffffffff  __TI_pprof_out_hndl           
ffffffff  __TI_prof_data_size           
ffffffff  __TI_prof_data_start          
ffffffff  __binit__                     
ffffffff  __c_args__                    
ffffffff  binit                         
UNDEFED   __mpu_init                    
UNDEFED   _system_post_cinit            

[77 symbols]
