******************************************************************************
                  TI ARM Linker PC v20.2.6                     
******************************************************************************
>> Linked Sat Feb 11 10:37:36 2023

OUTPUT FILE NAME:   <Lab3.out>
ENTRY POINT SYMBOL: "_c_int00_noargs"  address: 00004051


MEMORY CONFIGURATION

         name            origin    length      used     unused   attr    fill
----------------------  --------  ---------  --------  --------  ----  --------
  FLASH                 00000000   00040000  000043d8  0003bc28  R  X
  SRAM                  20000000   00008000  00002366  00005c9a  RW X


SEGMENT ALLOCATION MAP

run origin  load origin   length   init length attrs members
----------  ----------- ---------- ----------- ----- -------
00000000    00000000    000043d8   000043d8    r-x
  00000000    00000000    0000026c   0000026c    r-- .intvecs
  0000026c    0000026c    00004004   00004004    r-x .text
  00004270    00004270    00000118   00000118    r-- .const
  00004388    00004388    00000050   00000050    r-- .cinit
20000000    20000000    0000236d   00000000    rw-
  20000000    20000000    0000026c   00000000    rw- .vtable
  20000270    20000270    00001000   00000000    rw- .stack
  20001270    20001270    00001000   00000000    rw- .sysmem
  20002270    20002270    000000bd   00000000    rw- .bss
  20002330    20002330    0000003d   00000000    rw- .data


SECTION ALLOCATION MAP

 output                                  attributes/
section   page    origin      length       input sections
--------  ----  ----------  ----------   ----------------
.intvecs   0    00000000    0000026c     
                  00000000    0000026c     tm4c123gh6pm_startup_ccs.obj (.intvecs)

.text      0    0000026c    00004004     
                  0000026c    00000c20     open_interface.obj (.text)
                  00000e8c    00000a4e     rtsv7M4_T_le_v4SPD16_eabi.lib : _printfi.c.obj (.text:__TI_printfi)
                  000018da    00000002                                   : _lock.c.obj (.text:_nop)
                  000018dc    00000348     movement.obj (.text)
                  00001c24    00000328     lcd.obj (.text)
                  00001f4c    00000270     rtsv7M4_T_le_v4SPD16_eabi.lib : _printfi.c.obj (.text:_pconv_a)
                  000021bc    00000260     libcybotScan.lib : cyBot_Scan.obj (.text)
                  0000241c    00000248     Timer.obj (.text)
                  00002664    000001ec     libcybotScan.lib : ping.obj (.text)
                  00002850    000001d0     rtsv7M4_T_le_v4SPD16_eabi.lib : _printfi.c.obj (.text:_pconv_g)
                  00002a20    000001b6                                   : fd_add_t2.asm.obj (.text)
                  00002bd6    00000002                                   : div0.asm.obj (.text)
                  00002bd8    0000015c     libcybotUART.lib : uart.obj (.text)
                  00002d34    00000158     libcybotScan.lib : servo.obj (.text)
                  00002e8c    0000013c     rtsv7M4_T_le_v4SPD16_eabi.lib : _printfi.c.obj (.text:_pconv_e)
                  00002fc8    00000136                                   : fd_div_t2.asm.obj (.text)
                  000030fe    00000002     --HOLE-- [fill = 0]
                  00003100    00000124                                   : _printfi.c.obj (.text:fcvt)
                  00003224    00000118     libcybotScan.lib : ir.obj (.text)
                  0000333c    00000110     rtsv7M4_T_le_v4SPD16_eabi.lib : s_scalbn.c.obj (.text:scalbn)
                  0000344c    00000100                                   : memory.c.obj (.text:aligned_alloc)
                  0000354c    000000fc                                   : fd_mul_t2.asm.obj (.text)
                  00003648    000000e4                                   : memory.c.obj (.text:free)
                  0000372c    000000b1                                   : _printfi.c.obj (.text:_ltostr)
                  000037dd    00000003     --HOLE-- [fill = 0]
                  000037e0    000000a8     main.obj (.text)
                  00003888    0000009c     rtsv7M4_T_le_v4SPD16_eabi.lib : memcpy_t2.asm.obj (.text)
                  00003924    00000096                                   : ull_div_t2.asm.obj (.text)
                  000039ba    00000086                                   : fd_cmp_t2.asm.obj (.text:__aeabi_cdcmple)
                  00003a40    00000086                                   : fd_cmp_t2.asm.obj (.text:__aeabi_cdrcmple)
                  00003ac6    0000007a                                   : memset_t2.asm.obj (.text)
                  00003b40    00000070                                   : memory.c.obj (.text:split)
                  00003bb0    0000006e                                   : _printfi.c.obj (.text:_mcpy)
                  00003c1e    0000006e                                   : fd_tos_t2.asm.obj (.text)
                  00003c8c    00000068                                   : copy_decompress_lzss.c.obj (.text:decompress:lzss:__TI_decompress_lzss)
                  00003cf4    00000064                                   : s_frexp.c.obj (.text:frexp)
                  00003d58    00000056                                   : _printfi.c.obj (.text:_pconv_f)
                  00003dae    00000054                                   : _ltoa.c.obj (.text:__TI_ltoa)
                  00003e02    00000052                                   : _printfi.c.obj (.text:_ecpy)
                  00003e54    0000004c                                   : atoi.c.obj (.text:atoi)
                  00003ea0    00000048                                   : fd_toi_t2.asm.obj (.text)
                  00003ee8    00000044                                   : autoinit.c.obj (.text:__TI_auto_init_nobinit_nopinit:__TI_auto_init_nobinit_nopinit)
                  00003f2c    00000040                                   : vsnprintf.c.obj (.text:vsnprintf)
                  00003f6c    0000003e                                   : _printfi.c.obj (.text:_fcpy)
                  00003faa    00000002     --HOLE-- [fill = 0]
                  00003fac    00000038                                   : memory.c.obj (.text:calloc)
                  00003fe4    00000038                                   : fs_tod_t2.asm.obj (.text)
                  0000401c    00000034     driverlib.lib : interrupt.obj (.text:IntRegister)
                  00004050    00000034     rtsv7M4_T_le_v4SPD16_eabi.lib : boot_cortex_m.c.obj (.text:_c_int00_noargs:_c_int00_noargs)
                  00004084    00000030                                   : vsnprintf.c.obj (.text:_outs)
                  000040b4    0000002e                                   : i_tofd_t2.asm.obj (.text)
                  000040e2    00000002     --HOLE-- [fill = 0]
                  000040e4    00000028                                   : memory.c.obj (.text:free_list_insert)
                  0000410c    0000001c                                   : copy_zero_init.c.obj (.text:decompress:ZI:__TI_zero_init_nomemset:__TI_zero_init_nomemset)
                  00004128    0000001c                                   : memory.c.obj (.text:free_list_remove)
                  00004144    0000001c                                   : memccpy.c.obj (.text:memccpy)
                  00004160    0000001a                                   : s_copysign.c.obj (.text:copysign)
                  0000417a    00000018                                   : vsnprintf.c.obj (.text:_outc)
                  00004192    00000018     open_interface.obj (.text:oi_parseInt)
                  000041aa    00000018     rtsv7M4_T_le_v4SPD16_eabi.lib : strcmp.c.obj (.text:strcmp)
                  000041c2    00000016                                   : strchr.c.obj (.text:strchr)
                  000041d8    00000014                                   : strcpy.c.obj (.text:strcpy)
                  000041ec    00000014                                   : strlen.c.obj (.text:strlen)
                  00004200    00000012                                   : wcslen.c.obj (.text:wcslen)
                  00004212    00000010     driverlib.lib : interrupt.obj (.text:IntMasterEnable)
                  00004222    00000010     lcd.obj (.text:lcd_clear)
                  00004232    0000000e     rtsv7M4_T_le_v4SPD16_eabi.lib : copy_decompress_none.c.obj (.text:decompress:none:__TI_decompress_none)
                  00004240    0000000c     driverlib.lib : cpu.obj (.text:CPUcpsie)
                  0000424c    0000000c     tm4c123gh6pm_startup_ccs.obj (.text)
                  00004258    00000008     rtsv7M4_T_le_v4SPD16_eabi.lib : errno.c.obj (.text:__aeabi_errno_addr)
                  00004260    00000008                                   : memory.c.obj (.text:malloc)
                  00004268    00000004                                   : pre_init.c.obj (.text:_system_pre_init)
                  0000426c    00000004                                   : exit.c.obj (.text:abort:abort)

.const     0    00004270    00000118     
                  00004270    00000101     rtsv7M4_T_le_v4SPD16_eabi.lib : ctype.c.obj (.const:.string:_ctypes_)
                  00004371    0000000f     open_interface.obj (.const:.string:$P$T0$3)
                  00004380    00000004     lcd.obj (.const:.string:lineAddress$1)
                  00004384    00000004     lcd.obj (.const:.string:lineAddresses$2)

.cinit     0    00004388    00000050     
                  00004388    00000019     (.cinit..data.load) [load image, compression = lzss]
                  000043a1    00000003     --HOLE-- [fill = 0]
                  000043a4    0000000c     (__TI_handler_table)
                  000043b0    00000008     (.cinit..bss.load) [load image, compression = zero_init]
                  000043b8    00000008     (.cinit..vtable.load) [load image, compression = zero_init]
                  000043c0    00000018     (__TI_cinit_table)

.init_array 
*          0    00000000    00000000     UNINITIALIZED

.vtable    0    20000000    0000026c     UNINITIALIZED
                  20000000    0000026c     driverlib.lib : interrupt.obj (.vtable)

.stack     0    20000270    00001000     UNINITIALIZED
                  20000270    00000004     rtsv7M4_T_le_v4SPD16_eabi.lib : boot_cortex_m.c.obj (.stack)
                  20000274    00000ffc     --HOLE--

.sysmem    0    20001270    00001000     UNINITIALIZED
                  20001270    00000010     rtsv7M4_T_le_v4SPD16_eabi.lib : memory.c.obj (.sysmem)
                  20001280    00000ff0     --HOLE--

.bss       0    20002270    000000bd     UNINITIALIZED
                  20002270    00000054     lcd.obj (.bss:lastbuffer$3)
                  200022c4    00000034     (.common:isr_char_buffer)
                  200022f8    00000018     open_interface.obj (.bss:firmware$2)
                  20002310    00000004     (.common:_timeout_ticks)
                  20002314    00000004     (.common:fallingEdge)
                  20002318    00000004     (.common:isr_int_value)
                  2000231c    00000004     (.common:left_calibration_value)
                  20002320    00000004     (.common:pulseLength)
                  20002324    00000004     (.common:right_calibration_value)
                  20002328    00000004     (.common:risingEdge)
                  2000232c    00000001     (.common:isRisingEdge)

.data      0    20002330    0000003d     UNINITIALIZED
                  20002330    00000020     open_interface.obj (.data)
                  20002350    00000008     rtsv7M4_T_le_v4SPD16_eabi.lib : _lock.c.obj (.data:$O1$$)
                  20002358    00000008                                   : memory.c.obj (.data:$O1$$)
                  20002360    00000004     libcybotScan.lib : cyBot_Scan.obj (.data)
                  20002364    00000004     libcybotUART.lib : uart.obj (.data)
                  20002368    00000004     rtsv7M4_T_le_v4SPD16_eabi.lib : errno.c.obj (.data)
                  2000236c    00000001     Timer.obj (.data)

__llvm_prf_cnts 
*          0    20000000    00000000     UNINITIALIZED

MODULE SUMMARY

       Module                         code    ro data   rw data
       ------                         ----    -------   -------
    .\
       tm4c123gh6pm_startup_ccs.obj   12      620       0      
    +--+------------------------------+-------+---------+---------+
       Total:                         12      620       0      
                                                               
    .\Lab3 Code Files\
       open_interface.obj             3128    15        56     
       lcd.obj                        824     8         84     
       movement.obj                   840     0         0      
       Timer.obj                      584     0         5      
       main.obj                       168     0         0      
    +--+------------------------------+-------+---------+---------+
       Total:                         5544    23        145    
                                                               
    ../Lab3 Code Files/libcybotScan.lib
       cyBot_Scan.obj                 608     0         12     
       ping.obj                       492     0         13     
       servo.obj                      344     0         0      
       ir.obj                         280     0         4      
    +--+------------------------------+-------+---------+---------+
       Total:                         1724    0         29     
                                                               
    ../Lab3 Code Files/libcybotUART.lib
       uart.obj                       348     0         56     
    +--+------------------------------+-------+---------+---------+
       Total:                         348     0         56     
                                                               
    C:/ti/TivaWare_C_Series-2.2.0.295/driverlib/ccs/Debug/driverlib.lib
       interrupt.obj                  68      0         620    
       cpu.obj                        12      0         0      
    +--+------------------------------+-------+---------+---------+
       Total:                         80      0         620    
                                                               
    C:\ti\ccs1200\ccs\tools\compiler\ti-cgt-arm_20.2.6.LTS\lib\rtsv7M4_T_le_v4SPD16_eabi.lib
       _printfi.c.obj                 4851    0         0      
       memory.c.obj                   728     0         8      
       fd_add_t2.asm.obj              438     0         0      
       fd_div_t2.asm.obj              310     0         0      
       s_scalbn.c.obj                 272     0         0      
       fd_cmp_t2.asm.obj              268     0         0      
       ctype.c.obj                    0       257       0      
       fd_mul_t2.asm.obj              252     0         0      
       memcpy_t2.asm.obj              156     0         0      
       ull_div_t2.asm.obj             150     0         0      
       vsnprintf.c.obj                136     0         0      
       memset_t2.asm.obj              122     0         0      
       fd_tos_t2.asm.obj              110     0         0      
       copy_decompress_lzss.c.obj     104     0         0      
       s_frexp.c.obj                  100     0         0      
       _ltoa.c.obj                    84      0         0      
       atoi.c.obj                     76      0         0      
       fd_toi_t2.asm.obj              72      0         0      
       autoinit.c.obj                 68      0         0      
       fs_tod_t2.asm.obj              56      0         0      
       boot_cortex_m.c.obj            52      0         0      
       i_tofd_t2.asm.obj              46      0         0      
       copy_zero_init.c.obj           28      0         0      
       memccpy.c.obj                  28      0         0      
       s_copysign.c.obj               26      0         0      
       strcmp.c.obj                   24      0         0      
       strchr.c.obj                   22      0         0      
       strcpy.c.obj                   20      0         0      
       strlen.c.obj                   20      0         0      
       wcslen.c.obj                   18      0         0      
       copy_decompress_none.c.obj     14      0         0      
       errno.c.obj                    8       0         4      
       _lock.c.obj                    2       0         8      
       exit.c.obj                     4       0         0      
       pre_init.c.obj                 4       0         0      
       div0.asm.obj                   2       0         0      
    +--+------------------------------+-------+---------+---------+
       Total:                         8671    257       20     
                                                               
       Heap:                          0       0         4096   
       Stack:                         0       0         4096   
       Linker Generated:              0       77        0      
    +--+------------------------------+-------+---------+---------+
       Grand Total:                   16379   977       9062   


LINKER GENERATED COPY TABLES

__TI_cinit_table @ 000043c0 records: 3, size/record: 8, table size: 24
	.data: load addr=00004388, load size=00000019 bytes, run addr=20002330, run size=0000003d bytes, compression=lzss
	.bss: load addr=000043b0, load size=00000008 bytes, run addr=20002270, run size=000000bd bytes, compression=zero_init
	.vtable: load addr=000043b8, load size=00000008 bytes, run addr=20000000, run size=0000026c bytes, compression=zero_init


LINKER GENERATED HANDLER TABLE

__TI_handler_table @ 000043a4 records: 3, size/record: 4, table size: 12
	index: 0, handler: __TI_zero_init
	index: 1, handler: __TI_decompress_lzss
	index: 2, handler: __TI_decompress_none


GLOBAL SYMBOLS: SORTED ALPHABETICALLY BY Name 

address   name                          
-------   ----                          
000032bd  ADC0SS0_Handler               
0000426d  C$$EXIT                       
00004241  CPUcpsie                      
00000bc3  GPIOF_Handler                 
00004213  IntMasterEnable               
0000401d  IntRegister                   
0000424d  ResetISR                      
00002755  TIMER3B_Handler               
20001270  __STACK_END                   
00001000  __STACK_SIZE                  
20000470  __STACK_TOP                   
00001000  __SYSMEM_SIZE                 
000043c0  __TI_CINIT_Base               
000043d8  __TI_CINIT_Limit              
000043a4  __TI_Handler_Table_Base       
000043b0  __TI_Handler_Table_Limit      
00003ee9  __TI_auto_init_nobinit_nopinit
00003c8d  __TI_decompress_lzss          
00004233  __TI_decompress_none          
00003daf  __TI_ltoa                     
ffffffff  __TI_pprof_out_hndl           
00000e8d  __TI_printfi                  
ffffffff  __TI_prof_data_size           
ffffffff  __TI_prof_data_start          
00000000  __TI_static_base__            
0000410d  __TI_zero_init_nomemset       
000039bb  __aeabi_cdcmpeq               
000039bb  __aeabi_cdcmple               
00003a41  __aeabi_cdrcmple              
00003c1f  __aeabi_d2f                   
00003ea1  __aeabi_d2iz                  
00002a2b  __aeabi_dadd                  
00002fc9  __aeabi_ddiv                  
0000354d  __aeabi_dmul                  
00002a21  __aeabi_dsub                  
00004259  __aeabi_errno_addr            
00003fe5  __aeabi_f2d                   
000040b5  __aeabi_i2d                   
00002bd7  __aeabi_idiv0                 
00002bd7  __aeabi_ldiv0                 
00003ac7  __aeabi_memclr                
00003ac7  __aeabi_memclr4               
00003ac7  __aeabi_memclr8               
00003889  __aeabi_memcpy                
00003889  __aeabi_memcpy4               
00003889  __aeabi_memcpy8               
00003ac9  __aeabi_memset                
00003ac9  __aeabi_memset4               
00003ac9  __aeabi_memset8               
00003925  __aeabi_uldivmod              
ffffffff  __binit__                     
ffffffff  __c_args__                    
UNDEFED   __mpu_init                    
20000270  __stack                       
20000000  __start___llvm_prf_cnts       
20000000  __stop___llvm_prf_cnts        
00004051  _c_int00_noargs               
00004270  _ctypes_                      
20002350  _lock                         
000018db  _nop                          
2000236c  _running                      
20001270  _sys_memory                   
UNDEFED   _system_post_cinit            
00004269  _system_pre_init              
20002310  _timeout_ticks                
20002354  _unlock                       
0000426d  abort                         
0000344d  aligned_alloc                 
00003e55  atoi                          
ffffffff  binit                         
00001aa5  bump                          
00003fad  calloc                        
00004161  copysign                      
00004161  copysignl                     
00002295  cyBOT_SERVO_cal               
00002223  cyBOT_Scan                    
000021cb  cyBOT_init_Scan               
20002360  cyBOT_scan_features           
000021bd  cyBOT_scan_version            
00002ce1  cyBot_UART1_Handler           
00002cc7  cyBot_getByte                 
00002bd9  cyBot_sendByte                
00002ca9  cyBot_uart_flush              
00002c17  cyBot_uart_init               
00002bff  cyBot_uart_sendBuffer         
00002be5  cyBot_uart_sendStr            
20002368  errno                         
20002314  fallingEdge                   
00003649  free                          
00003cf5  frexp                         
00003cf5  frexpl                        
20000000  g_pfnRAMVectors               
00000000  g_pfnVectors                  
0000097f  go_charge                     
000032d3  ir_enableInterrupt            
000032b5  ir_getDistance                
0000328d  ir_getValue                   
00003225  ir_init                       
2000232c  isRisingEdge                  
200022c4  isr_char_buffer               
20002364  isr_counter                   
20002318  isr_int_value                 
00004223  lcd_clear                     
00001df9  lcd_gotoLine                  
00001c61  lcd_init                      
00001e5f  lcd_printf                    
00001d21  lcd_putc                      
00001d59  lcd_puts                      
00001c25  lcd_reverseNibble             
00001d77  lcd_sendCommand               
00001db5  lcd_sendNibble                
00001e21  lcd_setCursorPos              
0000333d  ldexp                         
0000333d  ldexpl                        
2000231c  left_calibration_value        
000037e1  main                          
00004261  malloc                        
0000344d  memalign                      
00004145  memccpy                       
00003889  memcpy                        
00003acf  memset                        
20002330  motor_cal_factor_L            
20002334  motor_cal_factor_R            
0000194d  move_backward                 
000018dd  move_forward                  
0000026d  oi_alloc                      
00000aa9  oi_checkFirmware              
000002c7  oi_close                      
00000279  oi_free                       
00000ded  oi_getMotorCalibrationLeft    
00000e01  oi_getMotorCalibrationRight   
000002b1  oi_init                       
00000289  oi_init_noupdate              
00000915  oi_loadSong                   
00004193  oi_parseInt                   
0000032b  oi_parsePacket                
0000096b  oi_play_song                  
0000084b  oi_setLeds                    
00000db1  oi_setMotorCalibration        
0000088f  oi_setWheels                  
00000b51  oi_shutoff_init               
0000098d  oi_uartInit                   
00000a31  oi_uartReceive                
00000a77  oi_uartSendBuff               
00000a15  oi_uartSendChar               
00000a59  oi_uartSendStr                
000002d9  oi_update                     
000027a7  ping_getDistance              
00002665  ping_init                     
000026eb  ping_trigger                  
20002320  pulseLength                   
20002324  right_calibration_value       
20002328  risingEdge                    
0000333d  scalbn                        
0000333d  scalbnl                       
00002d35  servo_init                    
00002dc5  servo_move                    
00002e25  servo_setPWM                  
00002db9  servo_stop                    
000041c3  strchr                        
000041ab  strcmp                        
000041d9  strcpy                        
000041ed  strlen                        
0000253b  timer_getMicros               
000024e3  timer_getMillis               
0000241d  timer_init                    
000024bf  timer_pause                   
000024d1  timer_resume                  
00002495  timer_stop                    
00002595  timer_waitMicros              
000025c7  timer_waitMillis              
00001a2f  turn_left                     
000019b9  turn_right                    
00003f2d  vsnprintf                     
00004201  wcslen                        


GLOBAL SYMBOLS: SORTED BY Symbol Address 

address   name                          
-------   ----                          
00000000  __TI_static_base__            
00000000  g_pfnVectors                  
0000026d  oi_alloc                      
00000279  oi_free                       
00000289  oi_init_noupdate              
000002b1  oi_init                       
000002c7  oi_close                      
000002d9  oi_update                     
0000032b  oi_parsePacket                
0000084b  oi_setLeds                    
0000088f  oi_setWheels                  
00000915  oi_loadSong                   
0000096b  oi_play_song                  
0000097f  go_charge                     
0000098d  oi_uartInit                   
00000a15  oi_uartSendChar               
00000a31  oi_uartReceive                
00000a59  oi_uartSendStr                
00000a77  oi_uartSendBuff               
00000aa9  oi_checkFirmware              
00000b51  oi_shutoff_init               
00000bc3  GPIOF_Handler                 
00000db1  oi_setMotorCalibration        
00000ded  oi_getMotorCalibrationLeft    
00000e01  oi_getMotorCalibrationRight   
00000e8d  __TI_printfi                  
00001000  __STACK_SIZE                  
00001000  __SYSMEM_SIZE                 
000018db  _nop                          
000018dd  move_forward                  
0000194d  move_backward                 
000019b9  turn_right                    
00001a2f  turn_left                     
00001aa5  bump                          
00001c25  lcd_reverseNibble             
00001c61  lcd_init                      
00001d21  lcd_putc                      
00001d59  lcd_puts                      
00001d77  lcd_sendCommand               
00001db5  lcd_sendNibble                
00001df9  lcd_gotoLine                  
00001e21  lcd_setCursorPos              
00001e5f  lcd_printf                    
000021bd  cyBOT_scan_version            
000021cb  cyBOT_init_Scan               
00002223  cyBOT_Scan                    
00002295  cyBOT_SERVO_cal               
0000241d  timer_init                    
00002495  timer_stop                    
000024bf  timer_pause                   
000024d1  timer_resume                  
000024e3  timer_getMillis               
0000253b  timer_getMicros               
00002595  timer_waitMicros              
000025c7  timer_waitMillis              
00002665  ping_init                     
000026eb  ping_trigger                  
00002755  TIMER3B_Handler               
000027a7  ping_getDistance              
00002a21  __aeabi_dsub                  
00002a2b  __aeabi_dadd                  
00002bd7  __aeabi_idiv0                 
00002bd7  __aeabi_ldiv0                 
00002bd9  cyBot_sendByte                
00002be5  cyBot_uart_sendStr            
00002bff  cyBot_uart_sendBuffer         
00002c17  cyBot_uart_init               
00002ca9  cyBot_uart_flush              
00002cc7  cyBot_getByte                 
00002ce1  cyBot_UART1_Handler           
00002d35  servo_init                    
00002db9  servo_stop                    
00002dc5  servo_move                    
00002e25  servo_setPWM                  
00002fc9  __aeabi_ddiv                  
00003225  ir_init                       
0000328d  ir_getValue                   
000032b5  ir_getDistance                
000032bd  ADC0SS0_Handler               
000032d3  ir_enableInterrupt            
0000333d  ldexp                         
0000333d  ldexpl                        
0000333d  scalbn                        
0000333d  scalbnl                       
0000344d  aligned_alloc                 
0000344d  memalign                      
0000354d  __aeabi_dmul                  
00003649  free                          
000037e1  main                          
00003889  __aeabi_memcpy                
00003889  __aeabi_memcpy4               
00003889  __aeabi_memcpy8               
00003889  memcpy                        
00003925  __aeabi_uldivmod              
000039bb  __aeabi_cdcmpeq               
000039bb  __aeabi_cdcmple               
00003a41  __aeabi_cdrcmple              
00003ac7  __aeabi_memclr                
00003ac7  __aeabi_memclr4               
00003ac7  __aeabi_memclr8               
00003ac9  __aeabi_memset                
00003ac9  __aeabi_memset4               
00003ac9  __aeabi_memset8               
00003acf  memset                        
00003c1f  __aeabi_d2f                   
00003c8d  __TI_decompress_lzss          
00003cf5  frexp                         
00003cf5  frexpl                        
00003daf  __TI_ltoa                     
00003e55  atoi                          
00003ea1  __aeabi_d2iz                  
00003ee9  __TI_auto_init_nobinit_nopinit
00003f2d  vsnprintf                     
00003fad  calloc                        
00003fe5  __aeabi_f2d                   
0000401d  IntRegister                   
00004051  _c_int00_noargs               
000040b5  __aeabi_i2d                   
0000410d  __TI_zero_init_nomemset       
00004145  memccpy                       
00004161  copysign                      
00004161  copysignl                     
00004193  oi_parseInt                   
000041ab  strcmp                        
000041c3  strchr                        
000041d9  strcpy                        
000041ed  strlen                        
00004201  wcslen                        
00004213  IntMasterEnable               
00004223  lcd_clear                     
00004233  __TI_decompress_none          
00004241  CPUcpsie                      
0000424d  ResetISR                      
00004259  __aeabi_errno_addr            
00004261  malloc                        
00004269  _system_pre_init              
0000426d  C$$EXIT                       
0000426d  abort                         
00004270  _ctypes_                      
000043a4  __TI_Handler_Table_Base       
000043b0  __TI_Handler_Table_Limit      
000043c0  __TI_CINIT_Base               
000043d8  __TI_CINIT_Limit              
20000000  __start___llvm_prf_cnts       
20000000  __stop___llvm_prf_cnts        
20000000  g_pfnRAMVectors               
20000270  __stack                       
20000470  __STACK_TOP                   
20001270  __STACK_END                   
20001270  _sys_memory                   
200022c4  isr_char_buffer               
20002310  _timeout_ticks                
20002314  fallingEdge                   
20002318  isr_int_value                 
2000231c  left_calibration_value        
20002320  pulseLength                   
20002324  right_calibration_value       
20002328  risingEdge                    
2000232c  isRisingEdge                  
20002330  motor_cal_factor_L            
20002334  motor_cal_factor_R            
20002350  _lock                         
20002354  _unlock                       
20002360  cyBOT_scan_features           
20002364  isr_counter                   
20002368  errno                         
2000236c  _running                      
ffffffff  __TI_pprof_out_hndl           
ffffffff  __TI_prof_data_size           
ffffffff  __TI_prof_data_start          
ffffffff  __binit__                     
ffffffff  __c_args__                    
ffffffff  binit                         
UNDEFED   __mpu_init                    
UNDEFED   _system_post_cinit            

[175 symbols]
