******************************************************************************
                  TI ARM Linker PC v20.2.6                     
******************************************************************************
>> Linked Tue Feb 21 17:39:29 2023

OUTPUT FILE NAME:   <Lab3.0.out>
ENTRY POINT SYMBOL: "_c_int00_noargs"  address: 000042c5


MEMORY CONFIGURATION

         name            origin    length      used     unused   attr    fill
----------------------  --------  ---------  --------  --------  ----  --------
  FLASH                 00000000   00040000  000046b4  0003b94c  R  X
  SRAM                  20000000   00008000  000024ce  00005b32  RW X


SEGMENT ALLOCATION MAP

run origin  load origin   length   init length attrs members
----------  ----------- ---------- ----------- ----- -------
00000000    00000000    000046b8   000046b8    r-x
  00000000    00000000    0000026c   0000026c    r-- .intvecs
  0000026c    0000026c    000042ac   000042ac    r-x .text
  00004518    00004518    0000014c   0000014c    r-- .const
  00004668    00004668    00000050   00000050    r-- .cinit
20000000    20000000    000024d5   00000000    rw-
  20000000    20000000    0000026c   00000000    rw- .vtable
  20000270    20000270    00001000   00000000    rw- .stack
  20001270    20001270    00001000   00000000    rw- .sysmem
  20002270    20002270    00000225   00000000    rw- .bss
  20002498    20002498    0000003d   00000000    rw- .data


SECTION ALLOCATION MAP

 output                                  attributes/
section   page    origin      length       input sections
--------  ----  ----------  ----------   ----------------
.intvecs   0    00000000    0000026c     
                  00000000    0000026c     tm4c123gh6pm_startup_ccs.obj (.intvecs)

.text      0    0000026c    000042ac     
                  0000026c    00000c20     open_interface.obj (.text)
                  00000e8c    00000a4e     rtsv7M4_T_le_v4SPD16_eabi.lib : _printfi.c.obj (.text:__TI_printfi)
                  000018da    00000002                                   : _lock.c.obj (.text:_nop)
                  000018dc    0000038c     main.obj (.text)
                  00001c68    00000328     lcd.obj (.text)
                  00001f90    00000298     movement.obj (.text)
                  00002228    00000270     rtsv7M4_T_le_v4SPD16_eabi.lib : _printfi.c.obj (.text:_pconv_a)
                  00002498    00000260     libcybotScan.lib : cyBot_Scan.obj (.text)
                  000026f8    00000248     Timer.obj (.text)
                  00002940    000001ec     libcybotScan.lib : ping.obj (.text)
                  00002b2c    000001d0     rtsv7M4_T_le_v4SPD16_eabi.lib : _printfi.c.obj (.text:_pconv_g)
                  00002cfc    000001b6                                   : fd_add_t2.asm.obj (.text)
                  00002eb2    00000002                                   : div0.asm.obj (.text)
                  00002eb4    0000015c     libcybotUART.lib : uart.obj (.text)
                  00003010    00000158     libcybotScan.lib : servo.obj (.text)
                  00003168    0000013c     rtsv7M4_T_le_v4SPD16_eabi.lib : _printfi.c.obj (.text:_pconv_e)
                  000032a4    00000136                                   : fd_div_t2.asm.obj (.text)
                  000033da    00000002     --HOLE-- [fill = 0]
                  000033dc    00000124                                   : _printfi.c.obj (.text:fcvt)
                  00003500    00000118     libcybotScan.lib : ir.obj (.text)
                  00003618    00000110     rtsv7M4_T_le_v4SPD16_eabi.lib : s_scalbn.c.obj (.text:scalbn)
                  00003728    00000100                                   : memory.c.obj (.text:aligned_alloc)
                  00003828    000000fc                                   : fd_mul_t2.asm.obj (.text)
                  00003924    000000e4                                   : memory.c.obj (.text:free)
                  00003a08    000000b1                                   : _printfi.c.obj (.text:_ltostr)
                  00003ab9    00000001     --HOLE-- [fill = 0]
                  00003aba    0000009c                                   : memcpy_t2.asm.obj (.text)
                  00003b56    00000096                                   : ull_div_t2.asm.obj (.text)
                  00003bec    00000086                                   : fd_cmp_t2.asm.obj (.text:__aeabi_cdcmple)
                  00003c72    00000086                                   : fd_cmp_t2.asm.obj (.text:__aeabi_cdrcmple)
                  00003cf8    0000007a                                   : memset_t2.asm.obj (.text)
                  00003d72    00000002     --HOLE-- [fill = 0]
                  00003d74    00000070                                   : memory.c.obj (.text:split)
                  00003de4    0000006e                                   : _printfi.c.obj (.text:_mcpy)
                  00003e52    0000006e                                   : fd_tos_t2.asm.obj (.text)
                  00003ec0    00000068                                   : copy_decompress_lzss.c.obj (.text:decompress:lzss:__TI_decompress_lzss)
                  00003f28    00000064                                   : s_frexp.c.obj (.text:frexp)
                  00003f8c    00000056                                   : _printfi.c.obj (.text:_pconv_f)
                  00003fe2    00000054                                   : _ltoa.c.obj (.text:__TI_ltoa)
                  00004036    00000052                                   : _printfi.c.obj (.text:_ecpy)
                  00004088    0000004c                                   : atoi.c.obj (.text:atoi)
                  000040d4    00000048                                   : fd_toi_t2.asm.obj (.text)
                  0000411c    00000044                                   : autoinit.c.obj (.text:__TI_auto_init_nobinit_nopinit:__TI_auto_init_nobinit_nopinit)
                  00004160    00000040                                   : sprintf.c.obj (.text:sprintf)
                  000041a0    00000040                                   : vsnprintf.c.obj (.text:vsnprintf)
                  000041e0    0000003e                                   : _printfi.c.obj (.text:_fcpy)
                  0000421e    00000002     --HOLE-- [fill = 0]
                  00004220    00000038                                   : memory.c.obj (.text:calloc)
                  00004258    00000038                                   : fs_tod_t2.asm.obj (.text)
                  00004290    00000034     driverlib.lib : interrupt.obj (.text:IntRegister)
                  000042c4    00000034     rtsv7M4_T_le_v4SPD16_eabi.lib : boot_cortex_m.c.obj (.text:_c_int00_noargs:_c_int00_noargs)
                  000042f8    00000030                                   : vsnprintf.c.obj (.text:_outs)
                  00004328    0000002e                                   : i_tofd_t2.asm.obj (.text)
                  00004356    00000002     --HOLE-- [fill = 0]
                  00004358    00000028                                   : memory.c.obj (.text:free_list_insert)
                  00004380    00000020                                   : u_tofd_t2.asm.obj (.text)
                  000043a0    0000001c                                   : memory.c.obj (.text:free_list_remove)
                  000043bc    0000001c                                   : memccpy.c.obj (.text:memccpy)
                  000043d8    0000001a                                   : s_copysign.c.obj (.text:copysign)
                  000043f2    00000018                                   : vsnprintf.c.obj (.text:_outc)
                  0000440a    00000018                                   : sprintf.c.obj (.text:_outs)
                  00004422    00000018     open_interface.obj (.text:oi_parseInt)
                  0000443a    00000018     rtsv7M4_T_le_v4SPD16_eabi.lib : strcmp.c.obj (.text:strcmp)
                  00004452    00000016                                   : strchr.c.obj (.text:strchr)
                  00004468    00000014                                   : strcpy.c.obj (.text:strcpy)
                  0000447c    00000014                                   : strlen.c.obj (.text:strlen)
                  00004490    00000012                                   : wcslen.c.obj (.text:wcslen)
                  000044a2    00000010     driverlib.lib : interrupt.obj (.text:IntMasterEnable)
                  000044b2    00000010     lcd.obj (.text:lcd_clear)
                  000044c2    0000000e     rtsv7M4_T_le_v4SPD16_eabi.lib : copy_decompress_none.c.obj (.text:decompress:none:__TI_decompress_none)
                  000044d0    0000000c     driverlib.lib : cpu.obj (.text:CPUcpsie)
                  000044dc    0000000c     rtsv7M4_T_le_v4SPD16_eabi.lib : copy_zero_init.c.obj (.text:decompress:ZI:__TI_zero_init)
                  000044e8    0000000c     tm4c123gh6pm_startup_ccs.obj (.text)
                  000044f4    0000000a     rtsv7M4_T_le_v4SPD16_eabi.lib : sprintf.c.obj (.text:_outc)
                  000044fe    00000002     --HOLE-- [fill = 0]
                  00004500    00000008                                   : errno.c.obj (.text:__aeabi_errno_addr)
                  00004508    00000008                                   : memory.c.obj (.text:malloc)
                  00004510    00000004                                   : pre_init.c.obj (.text:_system_pre_init)
                  00004514    00000004                                   : exit.c.obj (.text:abort:abort)

.const     0    00004518    0000014c     
                  00004518    00000101     rtsv7M4_T_le_v4SPD16_eabi.lib : ctype.c.obj (.const:.string:_ctypes_)
                  00004619    00000020     main.obj (.const:.string:$P$T0$1)
                  00004639    0000000f     open_interface.obj (.const:.string:$P$T0$3)
                  00004648    0000000c     main.obj (.const:.string:$P$T3$4)
                  00004654    00000004     lcd.obj (.const:.string:lineAddress$1)
                  00004658    00000004     lcd.obj (.const:.string:lineAddresses$2)
                  0000465c    00000003     main.obj (.const:.string:$P$T2$3)
                  0000465f    00000003     main.obj (.const:.string:$P$T4$5)
                  00004662    00000002     main.obj (.const:.string:$P$T1$2)

.cinit     0    00004668    00000050     
                  00004668    00000019     (.cinit..data.load) [load image, compression = lzss]
                  00004681    00000003     --HOLE-- [fill = 0]
                  00004684    0000000c     (__TI_handler_table)
                  00004690    00000008     (.cinit..bss.load) [load image, compression = zero_init]
                  00004698    00000008     (.cinit..vtable.load) [load image, compression = zero_init]
                  000046a0    00000018     (__TI_cinit_table)

.init_array 
*          0    00000000    00000000     UNINITIALIZED

.vtable    0    20000000    0000026c     UNINITIALIZED
                  20000000    0000026c     driverlib.lib : interrupt.obj (.vtable)

.stack     0    20000270    00001000     UNINITIALIZED
                  20000270    00000004     rtsv7M4_T_le_v4SPD16_eabi.lib : boot_cortex_m.c.obj (.stack)
                  20000274    00000ffc     --HOLE--

.sysmem    0    20001270    00001000     UNINITIALIZED
                  20001270    00000010     rtsv7M4_T_le_v4SPD16_eabi.lib : memory.c.obj (.sysmem)
                  20001280    00000ff0     --HOLE--

.bss       0    20002270    00000225     UNINITIALIZED
                  20002270    00000168     (.common:array)
                  200023d8    00000054     lcd.obj (.bss:lastbuffer$3)
                  2000242c    00000034     (.common:isr_char_buffer)
                  20002460    00000018     open_interface.obj (.bss:firmware$2)
                  20002478    00000004     (.common:_timeout_ticks)
                  2000247c    00000004     (.common:fallingEdge)
                  20002480    00000004     (.common:isr_int_value)
                  20002484    00000004     (.common:left_calibration_value)
                  20002488    00000004     (.common:pulseLength)
                  2000248c    00000004     (.common:right_calibration_value)
                  20002490    00000004     (.common:risingEdge)
                  20002494    00000001     (.common:isRisingEdge)

.data      0    20002498    0000003d     UNINITIALIZED
                  20002498    00000020     open_interface.obj (.data)
                  200024b8    00000008     rtsv7M4_T_le_v4SPD16_eabi.lib : _lock.c.obj (.data:$O1$$)
                  200024c0    00000008                                   : memory.c.obj (.data:$O1$$)
                  200024c8    00000004     libcybotScan.lib : cyBot_Scan.obj (.data)
                  200024cc    00000004     libcybotUART.lib : uart.obj (.data)
                  200024d0    00000004     rtsv7M4_T_le_v4SPD16_eabi.lib : errno.c.obj (.data)
                  200024d4    00000001     Timer.obj (.data)

__llvm_prf_cnts 
*          0    20000000    00000000     UNINITIALIZED

MODULE SUMMARY

       Module                         code    ro data   rw data
       ------                         ----    -------   -------
    .\
       tm4c123gh6pm_startup_ccs.obj   12      620       0      
    +--+------------------------------+-------+---------+---------+
       Total:                         12      620       0      
                                                               
    .\Lab3 Code Files\
       open_interface.obj             3128    15        56     
       main.obj                       908     52        368    
       lcd.obj                        824     8         84     
       movement.obj                   664     0         0      
       Timer.obj                      584     0         5      
    +--+------------------------------+-------+---------+---------+
       Total:                         6108    75        513    
                                                               
    ../Lab3 Code Files/libcybotScan.lib
       cyBot_Scan.obj                 608     0         4      
       ping.obj                       492     0         13     
       servo.obj                      344     0         0      
       ir.obj                         280     0         4      
    +--+------------------------------+-------+---------+---------+
       Total:                         1724    0         21     
                                                               
    ../Lab3 Code Files/libcybotUART.lib
       uart.obj                       348     0         56     
    +--+------------------------------+-------+---------+---------+
       Total:                         348     0         56     
                                                               
    C:/ti/TivaWare_C_Series-2.2.0.295/driverlib/ccs/Debug/driverlib.lib
       interrupt.obj                  68      0         620    
       cpu.obj                        12      0         0      
    +--+------------------------------+-------+---------+---------+
       Total:                         80      0         620    
                                                               
    C:\ti\ccs1200\ccs\tools\compiler\ti-cgt-arm_20.2.6.LTS\lib\rtsv7M4_T_le_v4SPD16_eabi.lib
       _printfi.c.obj                 4851    0         0      
       memory.c.obj                   728     0         8      
       fd_add_t2.asm.obj              438     0         0      
       fd_div_t2.asm.obj              310     0         0      
       s_scalbn.c.obj                 272     0         0      
       fd_cmp_t2.asm.obj              268     0         0      
       ctype.c.obj                    0       257       0      
       fd_mul_t2.asm.obj              252     0         0      
       memcpy_t2.asm.obj              156     0         0      
       ull_div_t2.asm.obj             150     0         0      
       vsnprintf.c.obj                136     0         0      
       memset_t2.asm.obj              122     0         0      
       fd_tos_t2.asm.obj              110     0         0      
       copy_decompress_lzss.c.obj     104     0         0      
       s_frexp.c.obj                  100     0         0      
       sprintf.c.obj                  98      0         0      
       _ltoa.c.obj                    84      0         0      
       atoi.c.obj                     76      0         0      
       fd_toi_t2.asm.obj              72      0         0      
       autoinit.c.obj                 68      0         0      
       fs_tod_t2.asm.obj              56      0         0      
       boot_cortex_m.c.obj            52      0         0      
       i_tofd_t2.asm.obj              46      0         0      
       u_tofd_t2.asm.obj              32      0         0      
       memccpy.c.obj                  28      0         0      
       s_copysign.c.obj               26      0         0      
       strcmp.c.obj                   24      0         0      
       strchr.c.obj                   22      0         0      
       strcpy.c.obj                   20      0         0      
       strlen.c.obj                   20      0         0      
       wcslen.c.obj                   18      0         0      
       copy_decompress_none.c.obj     14      0         0      
       copy_zero_init.c.obj           12      0         0      
       errno.c.obj                    8       0         4      
       _lock.c.obj                    2       0         8      
       exit.c.obj                     4       0         0      
       pre_init.c.obj                 4       0         0      
       div0.asm.obj                   2       0         0      
    +--+------------------------------+-------+---------+---------+
       Total:                         8785    257       20     
                                                               
       Heap:                          0       0         4096   
       Stack:                         0       0         4096   
       Linker Generated:              0       77        0      
    +--+------------------------------+-------+---------+---------+
       Grand Total:                   17057   1029      9422   


LINKER GENERATED COPY TABLES

__TI_cinit_table @ 000046a0 records: 3, size/record: 8, table size: 24
	.data: load addr=00004668, load size=00000019 bytes, run addr=20002498, run size=0000003d bytes, compression=lzss
	.bss: load addr=00004690, load size=00000008 bytes, run addr=20002270, run size=00000225 bytes, compression=zero_init
	.vtable: load addr=00004698, load size=00000008 bytes, run addr=20000000, run size=0000026c bytes, compression=zero_init


LINKER GENERATED HANDLER TABLE

__TI_handler_table @ 00004684 records: 3, size/record: 4, table size: 12
	index: 0, handler: __TI_zero_init
	index: 1, handler: __TI_decompress_lzss
	index: 2, handler: __TI_decompress_none


GLOBAL SYMBOLS: SORTED ALPHABETICALLY BY Name 

address   name                          
-------   ----                          
00003599  ADC0SS0_Handler               
00004515  C$$EXIT                       
000044d1  CPUcpsie                      
00000bc3  GPIOF_Handler                 
000044a3  IntMasterEnable               
00004291  IntRegister                   
000044e9  ResetISR                      
00002a31  TIMER3B_Handler               
20001270  __STACK_END                   
00001000  __STACK_SIZE                  
20000470  __STACK_TOP                   
00001000  __SYSMEM_SIZE                 
000046a0  __TI_CINIT_Base               
000046b8  __TI_CINIT_Limit              
00004684  __TI_Handler_Table_Base       
00004690  __TI_Handler_Table_Limit      
0000411d  __TI_auto_init_nobinit_nopinit
00003ec1  __TI_decompress_lzss          
000044c3  __TI_decompress_none          
00003fe3  __TI_ltoa                     
ffffffff  __TI_pprof_out_hndl           
00000e8d  __TI_printfi                  
ffffffff  __TI_prof_data_size           
ffffffff  __TI_prof_data_start          
00000000  __TI_static_base__            
000044dd  __TI_zero_init                
00003bed  __aeabi_cdcmpeq               
00003bed  __aeabi_cdcmple               
00003c73  __aeabi_cdrcmple              
00003e53  __aeabi_d2f                   
000040d5  __aeabi_d2iz                  
00002d07  __aeabi_dadd                  
000032a5  __aeabi_ddiv                  
00003829  __aeabi_dmul                  
00002cfd  __aeabi_dsub                  
00004501  __aeabi_errno_addr            
00004259  __aeabi_f2d                   
00004329  __aeabi_i2d                   
00002eb3  __aeabi_idiv0                 
00002eb3  __aeabi_ldiv0                 
00003cf9  __aeabi_memclr                
00003cf9  __aeabi_memclr4               
00003cf9  __aeabi_memclr8               
00003abb  __aeabi_memcpy                
00003abb  __aeabi_memcpy4               
00003abb  __aeabi_memcpy8               
00003cfb  __aeabi_memset                
00003cfb  __aeabi_memset4               
00003cfb  __aeabi_memset8               
00004381  __aeabi_ui2d                  
00003b57  __aeabi_uldivmod              
ffffffff  __binit__                     
ffffffff  __c_args__                    
UNDEFED   __mpu_init                    
20000270  __stack                       
20000000  __start___llvm_prf_cnts       
20000000  __stop___llvm_prf_cnts        
000042c5  _c_int00_noargs               
00004518  _ctypes_                      
200024b8  _lock                         
000018db  _nop                          
200024d4  _running                      
20001270  _sys_memory                   
UNDEFED   _system_post_cinit            
00004511  _system_pre_init              
20002478  _timeout_ticks                
200024bc  _unlock                       
00004515  abort                         
00003729  aligned_alloc                 
20002270  array                         
00004089  atoi                          
ffffffff  binit                         
00004221  calloc                        
000043d9  copysign                      
000043d9  copysignl                     
00002571  cyBOT_SERVO_cal               
000024ff  cyBOT_Scan                    
000024a7  cyBOT_init_Scan               
200024c8  cyBOT_scan_features           
00002499  cyBOT_scan_version            
00002fbd  cyBot_UART1_Handler           
00002fa3  cyBot_getByte                 
00002eb5  cyBot_sendByte                
00002f85  cyBot_uart_flush              
00002ef3  cyBot_uart_init               
00002edb  cyBot_uart_sendBuffer         
00002ec1  cyBot_uart_sendStr            
000019a5  doScan                        
200024d0  errno                         
2000247c  fallingEdge                   
00003925  free                          
00003f29  frexp                         
00003f29  frexpl                        
20000000  g_pfnRAMVectors               
00000000  g_pfnVectors                  
0000097f  go_charge                     
000035af  ir_enableInterrupt            
00003591  ir_getDistance                
00003569  ir_getValue                   
00003501  ir_init                       
20002494  isRisingEdge                  
2000242c  isr_char_buffer               
200024cc  isr_counter                   
20002480  isr_int_value                 
000044b3  lcd_clear                     
00001e3d  lcd_gotoLine                  
00001ca5  lcd_init                      
00001ea3  lcd_printf                    
00001d65  lcd_putc                      
00001d9d  lcd_puts                      
00001c69  lcd_reverseNibble             
00001dbb  lcd_sendCommand               
00001df9  lcd_sendNibble                
00001e65  lcd_setCursorPos              
00003619  ldexp                         
00003619  ldexpl                        
20002484  left_calibration_value        
000018dd  main                          
00004509  malloc                        
00003729  memalign                      
000043bd  memccpy                       
00003abb  memcpy                        
00003d01  memset                        
20002498  motor_cal_factor_L            
2000249c  motor_cal_factor_R            
0000216d  move_around                   
00002047  move_backwards                
00001f91  move_forward                  
0000026d  oi_alloc                      
00000aa9  oi_checkFirmware              
000002c7  oi_close                      
00000279  oi_free                       
00000ded  oi_getMotorCalibrationLeft    
00000e01  oi_getMotorCalibrationRight   
000002b1  oi_init                       
00000289  oi_init_noupdate              
00000915  oi_loadSong                   
00004423  oi_parseInt                   
0000032b  oi_parsePacket                
0000096b  oi_play_song                  
0000084b  oi_setLeds                    
00000db1  oi_setMotorCalibration        
0000088f  oi_setWheels                  
00000b51  oi_shutoff_init               
0000098d  oi_uartInit                   
00000a31  oi_uartReceive                
00000a77  oi_uartSendBuff               
00000a15  oi_uartSendChar               
00000a59  oi_uartSendStr                
000002d9  oi_update                     
00002a83  ping_getDistance              
00002941  ping_init                     
000029c7  ping_trigger                  
20002488  pulseLength                   
2000248c  right_calibration_value       
20002490  risingEdge                    
00003619  scalbn                        
00003619  scalbnl                       
00003011  servo_init                    
000030a1  servo_move                    
00003101  servo_setPWM                  
00003095  servo_stop                    
00004161  sprintf                       
00004453  strchr                        
0000443b  strcmp                        
00004469  strcpy                        
0000447d  strlen                        
00002817  timer_getMicros               
000027bf  timer_getMillis               
000026f9  timer_init                    
0000279b  timer_pause                   
000027ad  timer_resume                  
00002771  timer_stop                    
00002871  timer_waitMicros              
000028a3  timer_waitMillis              
000020b7  turn                          
00001bd9  uart_recieve                  
00001b85  uart_sendString               
000041a1  vsnprintf                     
00004491  wcslen                        


GLOBAL SYMBOLS: SORTED BY Symbol Address 

address   name                          
-------   ----                          
00000000  __TI_static_base__            
00000000  g_pfnVectors                  
0000026d  oi_alloc                      
00000279  oi_free                       
00000289  oi_init_noupdate              
000002b1  oi_init                       
000002c7  oi_close                      
000002d9  oi_update                     
0000032b  oi_parsePacket                
0000084b  oi_setLeds                    
0000088f  oi_setWheels                  
00000915  oi_loadSong                   
0000096b  oi_play_song                  
0000097f  go_charge                     
0000098d  oi_uartInit                   
00000a15  oi_uartSendChar               
00000a31  oi_uartReceive                
00000a59  oi_uartSendStr                
00000a77  oi_uartSendBuff               
00000aa9  oi_checkFirmware              
00000b51  oi_shutoff_init               
00000bc3  GPIOF_Handler                 
00000db1  oi_setMotorCalibration        
00000ded  oi_getMotorCalibrationLeft    
00000e01  oi_getMotorCalibrationRight   
00000e8d  __TI_printfi                  
00001000  __STACK_SIZE                  
00001000  __SYSMEM_SIZE                 
000018db  _nop                          
000018dd  main                          
000019a5  doScan                        
00001b85  uart_sendString               
00001bd9  uart_recieve                  
00001c69  lcd_reverseNibble             
00001ca5  lcd_init                      
00001d65  lcd_putc                      
00001d9d  lcd_puts                      
00001dbb  lcd_sendCommand               
00001df9  lcd_sendNibble                
00001e3d  lcd_gotoLine                  
00001e65  lcd_setCursorPos              
00001ea3  lcd_printf                    
00001f91  move_forward                  
00002047  move_backwards                
000020b7  turn                          
0000216d  move_around                   
00002499  cyBOT_scan_version            
000024a7  cyBOT_init_Scan               
000024ff  cyBOT_Scan                    
00002571  cyBOT_SERVO_cal               
000026f9  timer_init                    
00002771  timer_stop                    
0000279b  timer_pause                   
000027ad  timer_resume                  
000027bf  timer_getMillis               
00002817  timer_getMicros               
00002871  timer_waitMicros              
000028a3  timer_waitMillis              
00002941  ping_init                     
000029c7  ping_trigger                  
00002a31  TIMER3B_Handler               
00002a83  ping_getDistance              
00002cfd  __aeabi_dsub                  
00002d07  __aeabi_dadd                  
00002eb3  __aeabi_idiv0                 
00002eb3  __aeabi_ldiv0                 
00002eb5  cyBot_sendByte                
00002ec1  cyBot_uart_sendStr            
00002edb  cyBot_uart_sendBuffer         
00002ef3  cyBot_uart_init               
00002f85  cyBot_uart_flush              
00002fa3  cyBot_getByte                 
00002fbd  cyBot_UART1_Handler           
00003011  servo_init                    
00003095  servo_stop                    
000030a1  servo_move                    
00003101  servo_setPWM                  
000032a5  __aeabi_ddiv                  
00003501  ir_init                       
00003569  ir_getValue                   
00003591  ir_getDistance                
00003599  ADC0SS0_Handler               
000035af  ir_enableInterrupt            
00003619  ldexp                         
00003619  ldexpl                        
00003619  scalbn                        
00003619  scalbnl                       
00003729  aligned_alloc                 
00003729  memalign                      
00003829  __aeabi_dmul                  
00003925  free                          
00003abb  __aeabi_memcpy                
00003abb  __aeabi_memcpy4               
00003abb  __aeabi_memcpy8               
00003abb  memcpy                        
00003b57  __aeabi_uldivmod              
00003bed  __aeabi_cdcmpeq               
00003bed  __aeabi_cdcmple               
00003c73  __aeabi_cdrcmple              
00003cf9  __aeabi_memclr                
00003cf9  __aeabi_memclr4               
00003cf9  __aeabi_memclr8               
00003cfb  __aeabi_memset                
00003cfb  __aeabi_memset4               
00003cfb  __aeabi_memset8               
00003d01  memset                        
00003e53  __aeabi_d2f                   
00003ec1  __TI_decompress_lzss          
00003f29  frexp                         
00003f29  frexpl                        
00003fe3  __TI_ltoa                     
00004089  atoi                          
000040d5  __aeabi_d2iz                  
0000411d  __TI_auto_init_nobinit_nopinit
00004161  sprintf                       
000041a1  vsnprintf                     
00004221  calloc                        
00004259  __aeabi_f2d                   
00004291  IntRegister                   
000042c5  _c_int00_noargs               
00004329  __aeabi_i2d                   
00004381  __aeabi_ui2d                  
000043bd  memccpy                       
000043d9  copysign                      
000043d9  copysignl                     
00004423  oi_parseInt                   
0000443b  strcmp                        
00004453  strchr                        
00004469  strcpy                        
0000447d  strlen                        
00004491  wcslen                        
000044a3  IntMasterEnable               
000044b3  lcd_clear                     
000044c3  __TI_decompress_none          
000044d1  CPUcpsie                      
000044dd  __TI_zero_init                
000044e9  ResetISR                      
00004501  __aeabi_errno_addr            
00004509  malloc                        
00004511  _system_pre_init              
00004515  C$$EXIT                       
00004515  abort                         
00004518  _ctypes_                      
00004684  __TI_Handler_Table_Base       
00004690  __TI_Handler_Table_Limit      
000046a0  __TI_CINIT_Base               
000046b8  __TI_CINIT_Limit              
20000000  __start___llvm_prf_cnts       
20000000  __stop___llvm_prf_cnts        
20000000  g_pfnRAMVectors               
20000270  __stack                       
20000470  __STACK_TOP                   
20001270  __STACK_END                   
20001270  _sys_memory                   
20002270  array                         
2000242c  isr_char_buffer               
20002478  _timeout_ticks                
2000247c  fallingEdge                   
20002480  isr_int_value                 
20002484  left_calibration_value        
20002488  pulseLength                   
2000248c  right_calibration_value       
20002490  risingEdge                    
20002494  isRisingEdge                  
20002498  motor_cal_factor_L            
2000249c  motor_cal_factor_R            
200024b8  _lock                         
200024bc  _unlock                       
200024c8  cyBOT_scan_features           
200024cc  isr_counter                   
200024d0  errno                         
200024d4  _running                      
ffffffff  __TI_pprof_out_hndl           
ffffffff  __TI_prof_data_size           
ffffffff  __TI_prof_data_start          
ffffffff  __binit__                     
ffffffff  __c_args__                    
ffffffff  binit                         
UNDEFED   __mpu_init                    
UNDEFED   _system_post_cinit            

[180 symbols]
