******************************************************************************
                  TI ARM Linker PC v20.2.6                     
******************************************************************************
>> Linked Wed Mar 22 12:29:22 2023

OUTPUT FILE NAME:   <Lab7.out>
ENTRY POINT SYMBOL: "_c_int00_noargs"  address: 00004361


MEMORY CONFIGURATION

         name            origin    length      used     unused   attr    fill
----------------------  --------  ---------  --------  --------  ----  --------
  FLASH                 00000000   00040000  00004755  0003b8ab  R  X
  SRAM                  20000000   00008000  00002347  00005cb9  RW X


SEGMENT ALLOCATION MAP

run origin  load origin   length   init length attrs members
----------  ----------- ---------- ----------- ----- -------
00000000    00000000    00004758   00004758    r-x
  00000000    00000000    0000026c   0000026c    r-- .intvecs
  0000026c    0000026c    00004338   00004338    r-x .text
  000045a4    000045a4    00000151   00000151    r-- .const
  000046f8    000046f8    00000060   00000060    r-- .cinit
20000000    20000000    0000234e   00000000    rw-
  20000000    20000000    0000026c   00000000    rw- .vtable
  20000270    20000270    00001000   00000000    rw- .stack
  20001270    20001270    00001000   00000000    rw- .sysmem
  20002270    20002270    00000089   00000000    rw- .bss
  200022fc    200022fc    00000052   00000000    rw- .data


SECTION ALLOCATION MAP

 output                                  attributes/
section   page    origin      length       input sections
--------  ----  ----------  ----------   ----------------
.intvecs   0    00000000    0000026c     
                  00000000    0000026c     tm4c123gh6pm_startup_ccs.obj (.intvecs)

.text      0    0000026c    00004338     
                  0000026c    00000c20     open_interface.obj (.text)
                  00000e8c    00000a4e     rtsv7M4_T_le_v4SPD16_eabi.lib : _printfi.c.obj (.text:__TI_printfi)
                  000018da    00000002                                   : _lock.c.obj (.text:_nop)
                  000018dc    000003b8     movement.obj (.text)
                  00001c94    00000328     lcd.obj (.text)
                  00001fbc    000002a8     lab7_template.obj (.text)
                  00002264    00000270     rtsv7M4_T_le_v4SPD16_eabi.lib : _printfi.c.obj (.text:_pconv_a)
                  000024d4    00000260     libcybotScan.lib : cyBot_Scan.obj (.text)
                  00002734    00000248     Timer.obj (.text)
                  0000297c    000001ec     libcybotScan.lib : ping.obj (.text)
                  00002b68    000001d0     rtsv7M4_T_le_v4SPD16_eabi.lib : _printfi.c.obj (.text:_pconv_g)
                  00002d38    000001bc     uart-interrupt.obj (.text)
                  00002ef4    000001b6     rtsv7M4_T_le_v4SPD16_eabi.lib : fd_add_t2.asm.obj (.text)
                  000030aa    00000002                                   : div0.asm.obj (.text)
                  000030ac    00000158     libcybotScan.lib : servo.obj (.text)
                  00003204    0000013c     rtsv7M4_T_le_v4SPD16_eabi.lib : _printfi.c.obj (.text:_pconv_e)
                  00003340    00000136                                   : fd_div_t2.asm.obj (.text)
                  00003476    00000002     --HOLE-- [fill = 0]
                  00003478    00000124                                   : _printfi.c.obj (.text:fcvt)
                  0000359c    00000118     libcybotScan.lib : ir.obj (.text)
                  000036b4    00000110     rtsv7M4_T_le_v4SPD16_eabi.lib : s_scalbn.c.obj (.text:scalbn)
                  000037c4    00000100                                   : memory.c.obj (.text:aligned_alloc)
                  000038c4    000000fc                                   : fd_mul_t2.asm.obj (.text)
                  000039c0    000000e4                                   : memory.c.obj (.text:free)
                  00003aa4    000000b1                                   : _printfi.c.obj (.text:_ltostr)
                  00003b55    00000001     --HOLE-- [fill = 0]
                  00003b56    0000009c                                   : memcpy_t2.asm.obj (.text)
                  00003bf2    00000096                                   : ull_div_t2.asm.obj (.text)
                  00003c88    00000086                                   : fd_cmp_t2.asm.obj (.text:__aeabi_cdcmple)
                  00003d0e    00000086                                   : fd_cmp_t2.asm.obj (.text:__aeabi_cdrcmple)
                  00003d94    0000007a                                   : memset_t2.asm.obj (.text)
                  00003e0e    00000002     --HOLE-- [fill = 0]
                  00003e10    00000070                                   : memory.c.obj (.text:split)
                  00003e80    0000006e                                   : _printfi.c.obj (.text:_mcpy)
                  00003eee    0000006e                                   : fd_tos_t2.asm.obj (.text)
                  00003f5c    00000068                                   : copy_decompress_lzss.c.obj (.text:decompress:lzss:__TI_decompress_lzss)
                  00003fc4    00000064                                   : s_frexp.c.obj (.text:frexp)
                  00004028    00000056                                   : _printfi.c.obj (.text:_pconv_f)
                  0000407e    00000054                                   : _ltoa.c.obj (.text:__TI_ltoa)
                  000040d2    00000052                                   : _printfi.c.obj (.text:_ecpy)
                  00004124    0000004c                                   : atoi.c.obj (.text:atoi)
                  00004170    00000048                                   : fd_toi_t2.asm.obj (.text)
                  000041b8    00000044                                   : autoinit.c.obj (.text:__TI_auto_init_nobinit_nopinit:__TI_auto_init_nobinit_nopinit)
                  000041fc    00000040                                   : sprintf.c.obj (.text:sprintf)
                  0000423c    00000040                                   : vsnprintf.c.obj (.text:vsnprintf)
                  0000427c    0000003e                                   : _printfi.c.obj (.text:_fcpy)
                  000042ba    00000002     --HOLE-- [fill = 0]
                  000042bc    00000038                                   : memory.c.obj (.text:calloc)
                  000042f4    00000038                                   : fs_tod_t2.asm.obj (.text)
                  0000432c    00000034     driverlib.lib : interrupt.obj (.text:IntRegister)
                  00004360    00000034     rtsv7M4_T_le_v4SPD16_eabi.lib : boot_cortex_m.c.obj (.text:_c_int00_noargs:_c_int00_noargs)
                  00004394    00000030                                   : vsnprintf.c.obj (.text:_outs)
                  000043c4    0000002e                                   : i_tofd_t2.asm.obj (.text)
                  000043f2    00000002     --HOLE-- [fill = 0]
                  000043f4    00000028                                   : memory.c.obj (.text:free_list_insert)
                  0000441c    0000001c                                   : copy_zero_init.c.obj (.text:decompress:ZI:__TI_zero_init_nomemset:__TI_zero_init_nomemset)
                  00004438    0000001c                                   : memory.c.obj (.text:free_list_remove)
                  00004454    0000001c                                   : memccpy.c.obj (.text:memccpy)
                  00004470    0000001a                                   : s_copysign.c.obj (.text:copysign)
                  0000448a    00000018                                   : vsnprintf.c.obj (.text:_outc)
                  000044a2    00000018                                   : sprintf.c.obj (.text:_outs)
                  000044ba    00000018     open_interface.obj (.text:oi_parseInt)
                  000044d2    00000018     rtsv7M4_T_le_v4SPD16_eabi.lib : strcmp.c.obj (.text:strcmp)
                  000044ea    00000016                                   : strchr.c.obj (.text:strchr)
                  00004500    00000014                                   : strcpy.c.obj (.text:strcpy)
                  00004514    00000014                                   : strlen.c.obj (.text:strlen)
                  00004528    00000012                                   : wcslen.c.obj (.text:wcslen)
                  0000453a    00000010     driverlib.lib : interrupt.obj (.text:IntMasterEnable)
                  0000454a    00000010     lcd.obj (.text:lcd_clear)
                  0000455a    0000000e     rtsv7M4_T_le_v4SPD16_eabi.lib : copy_decompress_none.c.obj (.text:decompress:none:__TI_decompress_none)
                  00004568    0000000c     driverlib.lib : cpu.obj (.text:CPUcpsie)
                  00004574    0000000c     tm4c123gh6pm_startup_ccs.obj (.text)
                  00004580    0000000a     rtsv7M4_T_le_v4SPD16_eabi.lib : sprintf.c.obj (.text:_outc)
                  0000458a    00000002     --HOLE-- [fill = 0]
                  0000458c    00000008                                   : errno.c.obj (.text:__aeabi_errno_addr)
                  00004594    00000008                                   : memory.c.obj (.text:malloc)
                  0000459c    00000004                                   : pre_init.c.obj (.text:_system_pre_init)
                  000045a0    00000004                                   : exit.c.obj (.text:abort:abort)

.const     0    000045a4    00000151     
                  000045a4    00000101     rtsv7M4_T_le_v4SPD16_eabi.lib : ctype.c.obj (.const:.string:_ctypes_)
                  000046a5    00000039     lab7_template.obj (.const:.string:$P$T0$1)
                  000046de    0000000f     open_interface.obj (.const:.string:$P$T0$3)
                  000046ed    00000004     lcd.obj (.const:.string:lineAddress$1)
                  000046f1    00000004     lcd.obj (.const:.string:lineAddresses$2)

.cinit     0    000046f8    00000060     
                  000046f8    00000027     (.cinit..data.load) [load image, compression = lzss]
                  0000471f    00000001     --HOLE-- [fill = 0]
                  00004720    0000000c     (__TI_handler_table)
                  0000472c    00000004     --HOLE-- [fill = 0]
                  00004730    00000008     (.cinit..bss.load) [load image, compression = zero_init]
                  00004738    00000008     (.cinit..vtable.load) [load image, compression = zero_init]
                  00004740    00000018     (__TI_cinit_table)

.init_array 
*          0    00000000    00000000     UNINITIALIZED

.vtable    0    20000000    0000026c     UNINITIALIZED
                  20000000    0000026c     driverlib.lib : interrupt.obj (.vtable)

.stack     0    20000270    00001000     UNINITIALIZED
                  20000270    00000004     rtsv7M4_T_le_v4SPD16_eabi.lib : boot_cortex_m.c.obj (.stack)
                  20000274    00000ffc     --HOLE--

.sysmem    0    20001270    00001000     UNINITIALIZED
                  20001270    00000010     rtsv7M4_T_le_v4SPD16_eabi.lib : memory.c.obj (.sysmem)
                  20001280    00000ff0     --HOLE--

.bss       0    20002270    00000089     UNINITIALIZED
                  20002270    00000054     lcd.obj (.bss:lastbuffer$3)
                  200022c4    00000018     open_interface.obj (.bss:firmware$2)
                  200022dc    00000004     (.common:_timeout_ticks)
                  200022e0    00000004     (.common:fallingEdge)
                  200022e4    00000004     (.common:isr_int_value)
                  200022e8    00000004     (.common:left_calibration_value)
                  200022ec    00000004     (.common:pulseLength)
                  200022f0    00000004     (.common:right_calibration_value)
                  200022f4    00000004     (.common:risingEdge)
                  200022f8    00000001     (.common:isRisingEdge)

.data      0    200022fc    00000052     UNINITIALIZED
                  200022fc    00000020     open_interface.obj (.data)
                  2000231c    0000000c     lab7_template.obj (.data)
                  20002328    00000008     rtsv7M4_T_le_v4SPD16_eabi.lib : _lock.c.obj (.data:$O1$$)
                  20002330    00000008                                   : memory.c.obj (.data:$O1$$)
                  20002338    00000008     uart-interrupt.obj (.data)
                  20002340    00000004     libcybotScan.lib : cyBot_Scan.obj (.data)
                  20002344    00000004     rtsv7M4_T_le_v4SPD16_eabi.lib : errno.c.obj (.data)
                  20002348    00000003     lab7_template.obj (.data:newLine)
                  2000234b    00000002     lab7_template.obj (.data:tab)
                  2000234d    00000001     Timer.obj (.data)

__llvm_prf_cnts 
*          0    20000000    00000000     UNINITIALIZED

MODULE SUMMARY

       Module                         code    ro data   rw data
       ------                         ----    -------   -------
    .\
       tm4c123gh6pm_startup_ccs.obj   12      620       0      
    +--+------------------------------+-------+---------+---------+
       Total:                         12      620       0      
                                                               
    .\Lab7 Code Files\
       open_interface.obj             3128    15        56     
       movement.obj                   952     0         0      
       lcd.obj                        824     8         84     
       lab7_template.obj              680     57        25     
       Timer.obj                      584     0         5      
       uart-interrupt.obj             444     0         8      
    +--+------------------------------+-------+---------+---------+
       Total:                         6612    80        178    
                                                               
    ../Lab7 Code Files/libcybotScan.lib
       cyBot_Scan.obj                 608     0         4      
       ping.obj                       492     0         13     
       servo.obj                      344     0         0      
       ir.obj                         280     0         4      
    +--+------------------------------+-------+---------+---------+
       Total:                         1724    0         21     
                                                               
    C:/ti/TivaWare_C_Series-2.2.0.295/driverlib/ccs/Debug/driverlib.lib
       interrupt.obj                  68      0         620    
       cpu.obj                        12      0         0      
    +--+------------------------------+-------+---------+---------+
       Total:                         80      0         620    
                                                               
    C:\ti\ccs1200\ccs\tools\compiler\ti-cgt-arm_20.2.6.LTS\lib\rtsv7M4_T_le_v4SPD16_eabi.lib
       _printfi.c.obj                 4851    0         0      
       memory.c.obj                   728     0         8      
       fd_add_t2.asm.obj              438     0         0      
       fd_div_t2.asm.obj              310     0         0      
       s_scalbn.c.obj                 272     0         0      
       fd_cmp_t2.asm.obj              268     0         0      
       ctype.c.obj                    0       257       0      
       fd_mul_t2.asm.obj              252     0         0      
       memcpy_t2.asm.obj              156     0         0      
       ull_div_t2.asm.obj             150     0         0      
       vsnprintf.c.obj                136     0         0      
       memset_t2.asm.obj              122     0         0      
       fd_tos_t2.asm.obj              110     0         0      
       copy_decompress_lzss.c.obj     104     0         0      
       s_frexp.c.obj                  100     0         0      
       sprintf.c.obj                  98      0         0      
       _ltoa.c.obj                    84      0         0      
       atoi.c.obj                     76      0         0      
       fd_toi_t2.asm.obj              72      0         0      
       autoinit.c.obj                 68      0         0      
       fs_tod_t2.asm.obj              56      0         0      
       boot_cortex_m.c.obj            52      0         0      
       i_tofd_t2.asm.obj              46      0         0      
       copy_zero_init.c.obj           28      0         0      
       memccpy.c.obj                  28      0         0      
       s_copysign.c.obj               26      0         0      
       strcmp.c.obj                   24      0         0      
       strchr.c.obj                   22      0         0      
       strcpy.c.obj                   20      0         0      
       strlen.c.obj                   20      0         0      
       wcslen.c.obj                   18      0         0      
       copy_decompress_none.c.obj     14      0         0      
       errno.c.obj                    8       0         4      
       _lock.c.obj                    2       0         8      
       exit.c.obj                     4       0         0      
       pre_init.c.obj                 4       0         0      
       div0.asm.obj                   2       0         0      
    +--+------------------------------+-------+---------+---------+
       Total:                         8769    257       20     
                                                               
       Heap:                          0       0         4096   
       Stack:                         0       0         4096   
       Linker Generated:              0       91        0      
    +--+------------------------------+-------+---------+---------+
       Grand Total:                   17197   1048      9031   


LINKER GENERATED COPY TABLES

__TI_cinit_table @ 00004740 records: 3, size/record: 8, table size: 24
	.data: load addr=000046f8, load size=00000027 bytes, run addr=200022fc, run size=00000052 bytes, compression=lzss
	.bss: load addr=00004730, load size=00000008 bytes, run addr=20002270, run size=00000089 bytes, compression=zero_init
	.vtable: load addr=00004738, load size=00000008 bytes, run addr=20000000, run size=0000026c bytes, compression=zero_init


LINKER GENERATED HANDLER TABLE

__TI_handler_table @ 00004720 records: 3, size/record: 4, table size: 12
	index: 0, handler: __TI_zero_init
	index: 1, handler: __TI_decompress_lzss
	index: 2, handler: __TI_decompress_none


GLOBAL SYMBOLS: SORTED ALPHABETICALLY BY Name 

address   name                          
-------   ----                          
00003635  ADC0SS0_Handler               
000045a1  C$$EXIT                       
00004569  CPUcpsie                      
00000bc3  GPIOF_Handler                 
0000453b  IntMasterEnable               
0000432d  IntRegister                   
00004575  ResetISR                      
00002a6d  TIMER3B_Handler               
00002e51  UART1_Handler                 
20001270  __STACK_END                   
00001000  __STACK_SIZE                  
20000470  __STACK_TOP                   
00001000  __SYSMEM_SIZE                 
00004740  __TI_CINIT_Base               
00004758  __TI_CINIT_Limit              
00004720  __TI_Handler_Table_Base       
0000472c  __TI_Handler_Table_Limit      
000041b9  __TI_auto_init_nobinit_nopinit
00003f5d  __TI_decompress_lzss          
0000455b  __TI_decompress_none          
0000407f  __TI_ltoa                     
ffffffff  __TI_pprof_out_hndl           
00000e8d  __TI_printfi                  
ffffffff  __TI_prof_data_size           
ffffffff  __TI_prof_data_start          
00000000  __TI_static_base__            
0000441d  __TI_zero_init_nomemset       
00003c89  __aeabi_cdcmpeq               
00003c89  __aeabi_cdcmple               
00003d0f  __aeabi_cdrcmple              
00003eef  __aeabi_d2f                   
00004171  __aeabi_d2iz                  
00002eff  __aeabi_dadd                  
00003341  __aeabi_ddiv                  
000038c5  __aeabi_dmul                  
00002ef5  __aeabi_dsub                  
0000458d  __aeabi_errno_addr            
000042f5  __aeabi_f2d                   
000043c5  __aeabi_i2d                   
000030ab  __aeabi_idiv0                 
000030ab  __aeabi_ldiv0                 
00003d95  __aeabi_memclr                
00003d95  __aeabi_memclr4               
00003d95  __aeabi_memclr8               
00003b57  __aeabi_memcpy                
00003b57  __aeabi_memcpy4               
00003b57  __aeabi_memcpy8               
00003d97  __aeabi_memset                
00003d97  __aeabi_memset4               
00003d97  __aeabi_memset8               
00003bf3  __aeabi_uldivmod              
ffffffff  __binit__                     
ffffffff  __c_args__                    
UNDEFED   __mpu_init                    
20000270  __stack                       
20000000  __start___llvm_prf_cnts       
20000000  __stop___llvm_prf_cnts        
00004361  _c_int00_noargs               
000045a4  _ctypes_                      
20002328  _lock                         
000018db  _nop                          
2000234d  _running                      
20001270  _sys_memory                   
UNDEFED   _system_post_cinit            
0000459d  _system_pre_init              
200022dc  _timeout_ticks                
2000232c  _unlock                       
000045a1  abort                         
000037c5  aligned_alloc                 
00004125  atoi                          
ffffffff  binit                         
00001aa9  bump                          
000042bd  calloc                        
20002338  command_byte                  
2000233c  command_flag                  
00004471  copysign                      
00004471  copysignl                     
000025ad  cyBOT_SERVO_cal               
0000253b  cyBOT_Scan                    
000024e3  cyBOT_init_Scan               
20002340  cyBOT_scan_features           
000024d5  cyBOT_scan_version            
0000205b  doScan                        
20002344  errno                         
200022e0  fallingEdge                   
20002324  finalAng                      
000039c1  free                          
00003fc5  frexp                         
00003fc5  frexpl                        
20000000  g_pfnRAMVectors               
00000000  g_pfnVectors                  
0000097f  go_charge                     
2000231c  hold                          
0000364b  ir_enableInterrupt            
0000362d  ir_getDistance                
00003605  ir_getValue                   
0000359d  ir_init                       
200022f8  isRisingEdge                  
200022e4  isr_int_value                 
0000454b  lcd_clear                     
00001e69  lcd_gotoLine                  
00001cd1  lcd_init                      
00001ecf  lcd_printf                    
00001d91  lcd_putc                      
00001dc9  lcd_puts                      
00001c95  lcd_reverseNibble             
00001de7  lcd_sendCommand               
00001e25  lcd_sendNibble                
00001e91  lcd_setCursorPos              
000036b5  ldexp                         
000036b5  ldexpl                        
200022e8  left_calibration_value        
00001fbd  main                          
00004595  malloc                        
000037c5  memalign                      
00004455  memccpy                       
00003b57  memcpy                        
00003d9d  memset                        
20002320  min                           
200022fc  motor_cal_factor_L            
20002300  motor_cal_factor_R            
0000194d  move_backward                 
000018dd  move_forward                  
20002348  newLine                       
0000026d  oi_alloc                      
00000aa9  oi_checkFirmware              
000002c7  oi_close                      
00000279  oi_free                       
00000ded  oi_getMotorCalibrationLeft    
00000e01  oi_getMotorCalibrationRight   
000002b1  oi_init                       
00000289  oi_init_noupdate              
00000915  oi_loadSong                   
000044bb  oi_parseInt                   
0000032b  oi_parsePacket                
0000096b  oi_play_song                  
0000084b  oi_setLeds                    
00000db1  oi_setMotorCalibration        
0000088f  oi_setWheels                  
00000b51  oi_shutoff_init               
0000098d  oi_uartInit                   
00000a31  oi_uartReceive                
00000a77  oi_uartSendBuff               
00000a15  oi_uartSendChar               
00000a59  oi_uartSendStr                
000002d9  oi_update                     
00002abf  ping_getDistance              
0000297d  ping_init                     
00002a03  ping_trigger                  
200022ec  pulseLength                   
200022f0  right_calibration_value       
200022f4  risingEdge                    
000036b5  scalbn                        
000036b5  scalbnl                       
000030ad  servo_init                    
0000313d  servo_move                    
0000319d  servo_setPWM                  
00003131  servo_stop                    
000041fd  sprintf                       
000044eb  strchr                        
000044d3  strcmp                        
00004501  strcpy                        
00004515  strlen                        
2000234b  tab                           
00002853  timer_getMicros               
000027fb  timer_getMillis               
00002735  timer_init                    
000027d7  timer_pause                   
000027e9  timer_resume                  
000027ad  timer_stop                    
000028ad  timer_waitMicros              
000028df  timer_waitMillis              
00001a2f  turn_left                     
000019b9  turn_right                    
00002d39  uart_interrupt_init           
00002e29  uart_nonblocking_receive      
00002e27  uart_receive                  
00002e03  uart_sendChar                 
00002e2b  uart_sendStr                  
0000423d  vsnprintf                     
00004529  wcslen                        


GLOBAL SYMBOLS: SORTED BY Symbol Address 

address   name                          
-------   ----                          
00000000  __TI_static_base__            
00000000  g_pfnVectors                  
0000026d  oi_alloc                      
00000279  oi_free                       
00000289  oi_init_noupdate              
000002b1  oi_init                       
000002c7  oi_close                      
000002d9  oi_update                     
0000032b  oi_parsePacket                
0000084b  oi_setLeds                    
0000088f  oi_setWheels                  
00000915  oi_loadSong                   
0000096b  oi_play_song                  
0000097f  go_charge                     
0000098d  oi_uartInit                   
00000a15  oi_uartSendChar               
00000a31  oi_uartReceive                
00000a59  oi_uartSendStr                
00000a77  oi_uartSendBuff               
00000aa9  oi_checkFirmware              
00000b51  oi_shutoff_init               
00000bc3  GPIOF_Handler                 
00000db1  oi_setMotorCalibration        
00000ded  oi_getMotorCalibrationLeft    
00000e01  oi_getMotorCalibrationRight   
00000e8d  __TI_printfi                  
00001000  __STACK_SIZE                  
00001000  __SYSMEM_SIZE                 
000018db  _nop                          
000018dd  move_forward                  
0000194d  move_backward                 
000019b9  turn_right                    
00001a2f  turn_left                     
00001aa9  bump                          
00001c95  lcd_reverseNibble             
00001cd1  lcd_init                      
00001d91  lcd_putc                      
00001dc9  lcd_puts                      
00001de7  lcd_sendCommand               
00001e25  lcd_sendNibble                
00001e69  lcd_gotoLine                  
00001e91  lcd_setCursorPos              
00001ecf  lcd_printf                    
00001fbd  main                          
0000205b  doScan                        
000024d5  cyBOT_scan_version            
000024e3  cyBOT_init_Scan               
0000253b  cyBOT_Scan                    
000025ad  cyBOT_SERVO_cal               
00002735  timer_init                    
000027ad  timer_stop                    
000027d7  timer_pause                   
000027e9  timer_resume                  
000027fb  timer_getMillis               
00002853  timer_getMicros               
000028ad  timer_waitMicros              
000028df  timer_waitMillis              
0000297d  ping_init                     
00002a03  ping_trigger                  
00002a6d  TIMER3B_Handler               
00002abf  ping_getDistance              
00002d39  uart_interrupt_init           
00002e03  uart_sendChar                 
00002e27  uart_receive                  
00002e29  uart_nonblocking_receive      
00002e2b  uart_sendStr                  
00002e51  UART1_Handler                 
00002ef5  __aeabi_dsub                  
00002eff  __aeabi_dadd                  
000030ab  __aeabi_idiv0                 
000030ab  __aeabi_ldiv0                 
000030ad  servo_init                    
00003131  servo_stop                    
0000313d  servo_move                    
0000319d  servo_setPWM                  
00003341  __aeabi_ddiv                  
0000359d  ir_init                       
00003605  ir_getValue                   
0000362d  ir_getDistance                
00003635  ADC0SS0_Handler               
0000364b  ir_enableInterrupt            
000036b5  ldexp                         
000036b5  ldexpl                        
000036b5  scalbn                        
000036b5  scalbnl                       
000037c5  aligned_alloc                 
000037c5  memalign                      
000038c5  __aeabi_dmul                  
000039c1  free                          
00003b57  __aeabi_memcpy                
00003b57  __aeabi_memcpy4               
00003b57  __aeabi_memcpy8               
00003b57  memcpy                        
00003bf3  __aeabi_uldivmod              
00003c89  __aeabi_cdcmpeq               
00003c89  __aeabi_cdcmple               
00003d0f  __aeabi_cdrcmple              
00003d95  __aeabi_memclr                
00003d95  __aeabi_memclr4               
00003d95  __aeabi_memclr8               
00003d97  __aeabi_memset                
00003d97  __aeabi_memset4               
00003d97  __aeabi_memset8               
00003d9d  memset                        
00003eef  __aeabi_d2f                   
00003f5d  __TI_decompress_lzss          
00003fc5  frexp                         
00003fc5  frexpl                        
0000407f  __TI_ltoa                     
00004125  atoi                          
00004171  __aeabi_d2iz                  
000041b9  __TI_auto_init_nobinit_nopinit
000041fd  sprintf                       
0000423d  vsnprintf                     
000042bd  calloc                        
000042f5  __aeabi_f2d                   
0000432d  IntRegister                   
00004361  _c_int00_noargs               
000043c5  __aeabi_i2d                   
0000441d  __TI_zero_init_nomemset       
00004455  memccpy                       
00004471  copysign                      
00004471  copysignl                     
000044bb  oi_parseInt                   
000044d3  strcmp                        
000044eb  strchr                        
00004501  strcpy                        
00004515  strlen                        
00004529  wcslen                        
0000453b  IntMasterEnable               
0000454b  lcd_clear                     
0000455b  __TI_decompress_none          
00004569  CPUcpsie                      
00004575  ResetISR                      
0000458d  __aeabi_errno_addr            
00004595  malloc                        
0000459d  _system_pre_init              
000045a1  C$$EXIT                       
000045a1  abort                         
000045a4  _ctypes_                      
00004720  __TI_Handler_Table_Base       
0000472c  __TI_Handler_Table_Limit      
00004740  __TI_CINIT_Base               
00004758  __TI_CINIT_Limit              
20000000  __start___llvm_prf_cnts       
20000000  __stop___llvm_prf_cnts        
20000000  g_pfnRAMVectors               
20000270  __stack                       
20000470  __STACK_TOP                   
20001270  __STACK_END                   
20001270  _sys_memory                   
200022dc  _timeout_ticks                
200022e0  fallingEdge                   
200022e4  isr_int_value                 
200022e8  left_calibration_value        
200022ec  pulseLength                   
200022f0  right_calibration_value       
200022f4  risingEdge                    
200022f8  isRisingEdge                  
200022fc  motor_cal_factor_L            
20002300  motor_cal_factor_R            
2000231c  hold                          
20002320  min                           
20002324  finalAng                      
20002328  _lock                         
2000232c  _unlock                       
20002338  command_byte                  
2000233c  command_flag                  
20002340  cyBOT_scan_features           
20002344  errno                         
20002348  newLine                       
2000234b  tab                           
2000234d  _running                      
ffffffff  __TI_pprof_out_hndl           
ffffffff  __TI_prof_data_size           
ffffffff  __TI_prof_data_start          
ffffffff  __binit__                     
ffffffff  __c_args__                    
ffffffff  binit                         
UNDEFED   __mpu_init                    
UNDEFED   _system_post_cinit            

[181 symbols]
