******************************************************************************
                  TI ARM Linker PC v20.2.6                     
******************************************************************************
>> Linked Wed Mar 29 13:57:40 2023

OUTPUT FILE NAME:   <Lab8.out>
ENTRY POINT SYMBOL: "_c_int00_noargs"  address: 00003f95


MEMORY CONFIGURATION

         name            origin    length      used     unused   attr    fill
----------------------  --------  ---------  --------  --------  ----  --------
  FLASH                 00000000   00040000  00004368  0003bc98  R  X
  SRAM                  20000000   00008000  00002336  00005cca  RW X


SEGMENT ALLOCATION MAP

run origin  load origin   length   init length attrs members
----------  ----------- ---------- ----------- ----- -------
00000000    00000000    00004368   00004368    r-x
  00000000    00000000    0000026c   0000026c    r-- .intvecs
  0000026c    0000026c    00003f8c   00003f8c    r-x .text
  000041f8    000041f8    00000118   00000118    r-- .const
  00004310    00004310    00000058   00000058    r-- .cinit
20000000    20000000    0000233d   00000000    rw-
  20000000    20000000    0000026c   00000000    rw- .vtable
  20000270    20000270    00001000   00000000    rw- .stack
  20001270    20001270    00001000   00000000    rw- .sysmem
  20002270    20002270    00000089   00000000    rw- .bss
  200022fc    200022fc    00000041   00000000    rw- .data


SECTION ALLOCATION MAP

 output                                  attributes/
section   page    origin      length       input sections
--------  ----  ----------  ----------   ----------------
.intvecs   0    00000000    0000026c     
                  00000000    0000026c     tm4c123gh6pm_startup_ccs.obj (.intvecs)

.text      0    0000026c    00003f8c     
                  0000026c    00000c20     open_interface.obj (.text)
                  00000e8c    00000a4e     rtsv7M4_T_le_v4SPD16_eabi.lib : _printfi.c.obj (.text:__TI_printfi)
                  000018da    00000002                                   : _lock.c.obj (.text:_nop)
                  000018dc    00000328     lcd.obj (.text)
                  00001c04    00000270     rtsv7M4_T_le_v4SPD16_eabi.lib : _printfi.c.obj (.text:_pconv_a)
                  00001e74    00000260     libcybotScan.lib : cyBot_Scan.obj (.text)
                  000020d4    00000248     Timer.obj (.text)
                  0000231c    000001ec     libcybotScan.lib : ping.obj (.text)
                  00002508    000001e8     uart-interrupt.obj (.text)
                  000026f0    000001d0     rtsv7M4_T_le_v4SPD16_eabi.lib : _printfi.c.obj (.text:_pconv_g)
                  000028c0    000001b6                                   : fd_add_t2.asm.obj (.text)
                  00002a76    00000002                                   : div0.asm.obj (.text)
                  00002a78    00000158     libcybotScan.lib : servo.obj (.text)
                  00002bd0    00000144     main.obj (.text)
                  00002d14    0000013c     rtsv7M4_T_le_v4SPD16_eabi.lib : _printfi.c.obj (.text:_pconv_e)
                  00002e50    00000136                                   : fd_div_t2.asm.obj (.text)
                  00002f86    00000002     --HOLE-- [fill = 0]
                  00002f88    00000124     adc.obj (.text)
                  000030ac    00000124     rtsv7M4_T_le_v4SPD16_eabi.lib : _printfi.c.obj (.text:fcvt)
                  000031d0    00000118     libcybotScan.lib : ir.obj (.text)
                  000032e8    00000110     rtsv7M4_T_le_v4SPD16_eabi.lib : s_scalbn.c.obj (.text:scalbn)
                  000033f8    00000100                                   : memory.c.obj (.text:aligned_alloc)
                  000034f8    000000fc                                   : fd_mul_t2.asm.obj (.text)
                  000035f4    000000e4                                   : memory.c.obj (.text:free)
                  000036d8    000000b1                                   : _printfi.c.obj (.text:_ltostr)
                  00003789    00000001     --HOLE-- [fill = 0]
                  0000378a    0000009c                                   : memcpy_t2.asm.obj (.text)
                  00003826    00000096                                   : ull_div_t2.asm.obj (.text)
                  000038bc    00000086                                   : fd_cmp_t2.asm.obj (.text:__aeabi_cdcmple)
                  00003942    00000086                                   : fd_cmp_t2.asm.obj (.text:__aeabi_cdrcmple)
                  000039c8    0000007a                                   : memset_t2.asm.obj (.text)
                  00003a42    00000002     --HOLE-- [fill = 0]
                  00003a44    00000070                                   : memory.c.obj (.text:split)
                  00003ab4    0000006e                                   : _printfi.c.obj (.text:_mcpy)
                  00003b22    0000006e                                   : fd_tos_t2.asm.obj (.text)
                  00003b90    00000068                                   : copy_decompress_lzss.c.obj (.text:decompress:lzss:__TI_decompress_lzss)
                  00003bf8    00000064                                   : s_frexp.c.obj (.text:frexp)
                  00003c5c    00000056                                   : _printfi.c.obj (.text:_pconv_f)
                  00003cb2    00000054                                   : _ltoa.c.obj (.text:__TI_ltoa)
                  00003d06    00000052                                   : _printfi.c.obj (.text:_ecpy)
                  00003d58    0000004c                                   : atoi.c.obj (.text:atoi)
                  00003da4    00000048                                   : fd_toi_t2.asm.obj (.text)
                  00003dec    00000044                                   : autoinit.c.obj (.text:__TI_auto_init_nobinit_nopinit:__TI_auto_init_nobinit_nopinit)
                  00003e30    00000040                                   : sprintf.c.obj (.text:sprintf)
                  00003e70    00000040                                   : vsnprintf.c.obj (.text:vsnprintf)
                  00003eb0    0000003e                                   : _printfi.c.obj (.text:_fcpy)
                  00003eee    00000002     --HOLE-- [fill = 0]
                  00003ef0    00000038                                   : memory.c.obj (.text:calloc)
                  00003f28    00000038                                   : fs_tod_t2.asm.obj (.text)
                  00003f60    00000034     driverlib.lib : interrupt.obj (.text:IntRegister)
                  00003f94    00000034     rtsv7M4_T_le_v4SPD16_eabi.lib : boot_cortex_m.c.obj (.text:_c_int00_noargs:_c_int00_noargs)
                  00003fc8    00000030                                   : vsnprintf.c.obj (.text:_outs)
                  00003ff8    0000002e                                   : i_tofd_t2.asm.obj (.text)
                  00004026    00000002     --HOLE-- [fill = 0]
                  00004028    00000028                                   : memory.c.obj (.text:free_list_insert)
                  00004050    00000020                                   : u_tofd_t2.asm.obj (.text)
                  00004070    0000001c                                   : copy_zero_init.c.obj (.text:decompress:ZI:__TI_zero_init_nomemset:__TI_zero_init_nomemset)
                  0000408c    0000001c                                   : memory.c.obj (.text:free_list_remove)
                  000040a8    0000001c                                   : memccpy.c.obj (.text:memccpy)
                  000040c4    0000001a                                   : s_copysign.c.obj (.text:copysign)
                  000040de    00000018                                   : vsnprintf.c.obj (.text:_outc)
                  000040f6    00000018                                   : sprintf.c.obj (.text:_outs)
                  0000410e    00000018     open_interface.obj (.text:oi_parseInt)
                  00004126    00000018     rtsv7M4_T_le_v4SPD16_eabi.lib : strcmp.c.obj (.text:strcmp)
                  0000413e    00000016                                   : strchr.c.obj (.text:strchr)
                  00004154    00000014                                   : strcpy.c.obj (.text:strcpy)
                  00004168    00000014                                   : strlen.c.obj (.text:strlen)
                  0000417c    00000012                                   : wcslen.c.obj (.text:wcslen)
                  0000418e    00000010     driverlib.lib : interrupt.obj (.text:IntMasterEnable)
                  0000419e    00000010     lcd.obj (.text:lcd_clear)
                  000041ae    0000000e     rtsv7M4_T_le_v4SPD16_eabi.lib : copy_decompress_none.c.obj (.text:decompress:none:__TI_decompress_none)
                  000041bc    0000000c     driverlib.lib : cpu.obj (.text:CPUcpsie)
                  000041c8    0000000c     tm4c123gh6pm_startup_ccs.obj (.text)
                  000041d4    0000000a     rtsv7M4_T_le_v4SPD16_eabi.lib : sprintf.c.obj (.text:_outc)
                  000041de    00000002     --HOLE-- [fill = 0]
                  000041e0    00000008                                   : errno.c.obj (.text:__aeabi_errno_addr)
                  000041e8    00000008                                   : memory.c.obj (.text:malloc)
                  000041f0    00000004                                   : pre_init.c.obj (.text:_system_pre_init)
                  000041f4    00000004                                   : exit.c.obj (.text:abort:abort)

.const     0    000041f8    00000118     
                  000041f8    00000101     rtsv7M4_T_le_v4SPD16_eabi.lib : ctype.c.obj (.const:.string:_ctypes_)
                  000042f9    0000000f     open_interface.obj (.const:.string:$P$T0$3)
                  00004308    00000004     lcd.obj (.const:.string:lineAddress$1)
                  0000430c    00000004     lcd.obj (.const:.string:lineAddresses$2)

.cinit     0    00004310    00000058     
                  00004310    0000001f     (.cinit..data.load) [load image, compression = lzss]
                  0000432f    00000001     --HOLE-- [fill = 0]
                  00004330    0000000c     (__TI_handler_table)
                  0000433c    00000004     --HOLE-- [fill = 0]
                  00004340    00000008     (.cinit..bss.load) [load image, compression = zero_init]
                  00004348    00000008     (.cinit..vtable.load) [load image, compression = zero_init]
                  00004350    00000018     (__TI_cinit_table)

.init_array 
*          0    00000000    00000000     UNINITIALIZED

.vtable    0    20000000    0000026c     UNINITIALIZED
                  20000000    0000026c     driverlib.lib : interrupt.obj (.vtable)

.stack     0    20000270    00001000     UNINITIALIZED
                  20000270    00000004     rtsv7M4_T_le_v4SPD16_eabi.lib : boot_cortex_m.c.obj (.stack)
                  20000274    00000ffc     --HOLE--

.sysmem    0    20001270    00001000     UNINITIALIZED
                  20001270    00000010     rtsv7M4_T_le_v4SPD16_eabi.lib : memory.c.obj (.sysmem)
                  20001280    00000ff0     --HOLE--

.bss       0    20002270    00000089     UNINITIALIZED
                  20002270    00000054     lcd.obj (.bss:lastbuffer$3)
                  200022c4    00000018     open_interface.obj (.bss:firmware$2)
                  200022dc    00000004     (.common:_timeout_ticks)
                  200022e0    00000004     (.common:fallingEdge)
                  200022e4    00000004     (.common:isr_int_value)
                  200022e8    00000004     (.common:left_calibration_value)
                  200022ec    00000004     (.common:pulseLength)
                  200022f0    00000004     (.common:right_calibration_value)
                  200022f4    00000004     (.common:risingEdge)
                  200022f8    00000001     (.common:isRisingEdge)

.data      0    200022fc    00000041     UNINITIALIZED
                  200022fc    00000020     open_interface.obj (.data)
                  2000231c    00000008     rtsv7M4_T_le_v4SPD16_eabi.lib : _lock.c.obj (.data:$O1$$)
                  20002324    00000008                                   : memory.c.obj (.data:$O1$$)
                  2000232c    00000008     uart-interrupt.obj (.data)
                  20002334    00000004     libcybotScan.lib : cyBot_Scan.obj (.data)
                  20002338    00000004     rtsv7M4_T_le_v4SPD16_eabi.lib : errno.c.obj (.data)
                  2000233c    00000001     Timer.obj (.data)

__llvm_prf_cnts 
*          0    20000000    00000000     UNINITIALIZED

MODULE SUMMARY

       Module                         code    ro data   rw data
       ------                         ----    -------   -------
    .\
       tm4c123gh6pm_startup_ccs.obj   12      620       0      
    +--+------------------------------+-------+---------+---------+
       Total:                         12      620       0      
                                                               
    .\Lab8 Code Files\
       open_interface.obj             3128    15        56     
       lcd.obj                        824     8         84     
       Timer.obj                      584     0         5      
       uart-interrupt.obj             488     0         8      
       main.obj                       324     0         8      
       adc.obj                        292     0         0      
    +--+------------------------------+-------+---------+---------+
       Total:                         5640    23        161    
                                                               
    ../Lab8 Code Files/libcybotScan.lib
       cyBot_Scan.obj                 608     0         4      
       ping.obj                       492     0         13     
       servo.obj                      344     0         0      
       ir.obj                         280     0         4      
    +--+------------------------------+-------+---------+---------+
       Total:                         1724    0         21     
                                                               
    C:/ti/TivaWare_C_Series-2.2.0.295/driverlib/ccs/Debug/driverlib.lib
       interrupt.obj                  68      0         620    
       cpu.obj                        12      0         0      
    +--+------------------------------+-------+---------+---------+
       Total:                         80      0         620    
                                                               
    C:\ti\ccs1200\ccs\tools\compiler\ti-cgt-arm_20.2.6.LTS\lib\rtsv7M4_T_le_v4SPD16_eabi.lib
       _printfi.c.obj                 4851    0         0      
       memory.c.obj                   728     0         8      
       fd_add_t2.asm.obj              438     0         0      
       fd_div_t2.asm.obj              310     0         0      
       s_scalbn.c.obj                 272     0         0      
       fd_cmp_t2.asm.obj              268     0         0      
       ctype.c.obj                    0       257       0      
       fd_mul_t2.asm.obj              252     0         0      
       memcpy_t2.asm.obj              156     0         0      
       ull_div_t2.asm.obj             150     0         0      
       vsnprintf.c.obj                136     0         0      
       memset_t2.asm.obj              122     0         0      
       fd_tos_t2.asm.obj              110     0         0      
       copy_decompress_lzss.c.obj     104     0         0      
       s_frexp.c.obj                  100     0         0      
       sprintf.c.obj                  98      0         0      
       _ltoa.c.obj                    84      0         0      
       atoi.c.obj                     76      0         0      
       fd_toi_t2.asm.obj              72      0         0      
       autoinit.c.obj                 68      0         0      
       fs_tod_t2.asm.obj              56      0         0      
       boot_cortex_m.c.obj            52      0         0      
       i_tofd_t2.asm.obj              46      0         0      
       u_tofd_t2.asm.obj              32      0         0      
       copy_zero_init.c.obj           28      0         0      
       memccpy.c.obj                  28      0         0      
       s_copysign.c.obj               26      0         0      
       strcmp.c.obj                   24      0         0      
       strchr.c.obj                   22      0         0      
       strcpy.c.obj                   20      0         0      
       strlen.c.obj                   20      0         0      
       wcslen.c.obj                   18      0         0      
       copy_decompress_none.c.obj     14      0         0      
       errno.c.obj                    8       0         4      
       _lock.c.obj                    2       0         8      
       exit.c.obj                     4       0         0      
       pre_init.c.obj                 4       0         0      
       div0.asm.obj                   2       0         0      
    +--+------------------------------+-------+---------+---------+
       Total:                         8801    257       20     
                                                               
       Heap:                          0       0         4096   
       Stack:                         0       0         4096   
       Linker Generated:              0       83        0      
    +--+------------------------------+-------+---------+---------+
       Grand Total:                   16257   983       9014   


LINKER GENERATED COPY TABLES

__TI_cinit_table @ 00004350 records: 3, size/record: 8, table size: 24
	.data: load addr=00004310, load size=0000001f bytes, run addr=200022fc, run size=00000041 bytes, compression=lzss
	.bss: load addr=00004340, load size=00000008 bytes, run addr=20002270, run size=00000089 bytes, compression=zero_init
	.vtable: load addr=00004348, load size=00000008 bytes, run addr=20000000, run size=0000026c bytes, compression=zero_init


LINKER GENERATED HANDLER TABLE

__TI_handler_table @ 00004330 records: 3, size/record: 4, table size: 12
	index: 0, handler: __TI_zero_init
	index: 1, handler: __TI_decompress_lzss
	index: 2, handler: __TI_decompress_none


GLOBAL SYMBOLS: SORTED ALPHABETICALLY BY Name 

address   name                          
-------   ----                          
00003269  ADC0SS0_Handler               
000041f5  C$$EXIT                       
000041bd  CPUcpsie                      
00000bc3  GPIOF_Handler                 
0000418f  IntMasterEnable               
00003f61  IntRegister                   
000041c9  ResetISR                      
0000240d  TIMER3B_Handler               
0000264d  UART1_Handler                 
20001270  __STACK_END                   
00001000  __STACK_SIZE                  
20000470  __STACK_TOP                   
00001000  __SYSMEM_SIZE                 
00004350  __TI_CINIT_Base               
00004368  __TI_CINIT_Limit              
00004330  __TI_Handler_Table_Base       
0000433c  __TI_Handler_Table_Limit      
00003ded  __TI_auto_init_nobinit_nopinit
00003b91  __TI_decompress_lzss          
000041af  __TI_decompress_none          
00003cb3  __TI_ltoa                     
ffffffff  __TI_pprof_out_hndl           
00000e8d  __TI_printfi                  
ffffffff  __TI_prof_data_size           
ffffffff  __TI_prof_data_start          
00000000  __TI_static_base__            
00004071  __TI_zero_init_nomemset       
000038bd  __aeabi_cdcmpeq               
000038bd  __aeabi_cdcmple               
00003943  __aeabi_cdrcmple              
00003b23  __aeabi_d2f                   
00003da5  __aeabi_d2iz                  
000028cb  __aeabi_dadd                  
00002e51  __aeabi_ddiv                  
000034f9  __aeabi_dmul                  
000028c1  __aeabi_dsub                  
000041e1  __aeabi_errno_addr            
00003f29  __aeabi_f2d                   
00003ff9  __aeabi_i2d                   
00002a77  __aeabi_idiv0                 
00002a77  __aeabi_ldiv0                 
000039c9  __aeabi_memclr                
000039c9  __aeabi_memclr4               
000039c9  __aeabi_memclr8               
0000378b  __aeabi_memcpy                
0000378b  __aeabi_memcpy4               
0000378b  __aeabi_memcpy8               
000039cb  __aeabi_memset                
000039cb  __aeabi_memset4               
000039cb  __aeabi_memset8               
00004051  __aeabi_ui2d                  
00003827  __aeabi_uldivmod              
ffffffff  __binit__                     
ffffffff  __c_args__                    
UNDEFED   __mpu_init                    
20000270  __stack                       
20000000  __start___llvm_prf_cnts       
20000000  __stop___llvm_prf_cnts        
00003f95  _c_int00_noargs               
000041f8  _ctypes_                      
2000231c  _lock                         
000018db  _nop                          
2000233c  _running                      
20001270  _sys_memory                   
UNDEFED   _system_post_cinit            
000041f1  _system_pre_init              
200022dc  _timeout_ticks                
20002320  _unlock                       
000041f5  abort                         
00002f89  adc_init                      
00003033  adc_read                      
000033f9  aligned_alloc                 
00003d59  atoi                          
ffffffff  binit                         
00003ef1  calloc                        
2000232c  command_byte                  
20002330  command_flag                  
000040c5  copysign                      
000040c5  copysignl                     
00001f4d  cyBOT_SERVO_cal               
00001edb  cyBOT_Scan                    
00001e83  cyBOT_init_Scan               
20002334  cyBOT_scan_features           
00001e75  cyBOT_scan_version            
20002338  errno                         
200022e0  fallingEdge                   
000035f5  free                          
00003bf9  frexp                         
00003bf9  frexpl                        
20000000  g_pfnRAMVectors               
00000000  g_pfnVectors                  
0000097f  go_charge                     
0000327f  ir_enableInterrupt            
00003261  ir_getDistance                
00003239  ir_getValue                   
000031d1  ir_init                       
200022f8  isRisingEdge                  
200022e4  isr_int_value                 
0000419f  lcd_clear                     
00001ab1  lcd_gotoLine                  
00001919  lcd_init                      
00001b17  lcd_printf                    
000019d9  lcd_putc                      
00001a11  lcd_puts                      
000018dd  lcd_reverseNibble             
00001a2f  lcd_sendCommand               
00001a6d  lcd_sendNibble                
00001ad9  lcd_setCursorPos              
000032e9  ldexp                         
000032e9  ldexpl                        
200022e8  left_calibration_value        
00002bd1  main                          
000041e9  malloc                        
000033f9  memalign                      
000040a9  memccpy                       
0000378b  memcpy                        
000039d1  memset                        
200022fc  motor_cal_factor_L            
20002300  motor_cal_factor_R            
0000026d  oi_alloc                      
00000aa9  oi_checkFirmware              
000002c7  oi_close                      
00000279  oi_free                       
00000ded  oi_getMotorCalibrationLeft    
00000e01  oi_getMotorCalibrationRight   
000002b1  oi_init                       
00000289  oi_init_noupdate              
00000915  oi_loadSong                   
0000410f  oi_parseInt                   
0000032b  oi_parsePacket                
0000096b  oi_play_song                  
0000084b  oi_setLeds                    
00000db1  oi_setMotorCalibration        
0000088f  oi_setWheels                  
00000b51  oi_shutoff_init               
0000098d  oi_uartInit                   
00000a31  oi_uartReceive                
00000a77  oi_uartSendBuff               
00000a15  oi_uartSendChar               
00000a59  oi_uartSendStr                
000002d9  oi_update                     
0000245f  ping_getDistance              
0000231d  ping_init                     
000023a3  ping_trigger                  
200022ec  pulseLength                   
200022f0  right_calibration_value       
200022f4  risingEdge                    
000032e9  scalbn                        
000032e9  scalbnl                       
00002a79  servo_init                    
00002b09  servo_move                    
00002b69  servo_setPWM                  
00002afd  servo_stop                    
00003e31  sprintf                       
0000413f  strchr                        
00004127  strcmp                        
00004155  strcpy                        
00004169  strlen                        
000021f3  timer_getMicros               
0000219b  timer_getMillis               
000020d5  timer_init                    
00002177  timer_pause                   
00002189  timer_resume                  
0000214d  timer_stop                    
0000224d  timer_waitMicros              
0000227f  timer_waitMillis              
00002509  uart_interrupt_init           
00002625  uart_nonblocking_receive      
000025f7  uart_receive                  
000025d3  uart_sendChar                 
00002627  uart_sendStr                  
00003e71  vsnprintf                     
0000417d  wcslen                        


GLOBAL SYMBOLS: SORTED BY Symbol Address 

address   name                          
-------   ----                          
00000000  __TI_static_base__            
00000000  g_pfnVectors                  
0000026d  oi_alloc                      
00000279  oi_free                       
00000289  oi_init_noupdate              
000002b1  oi_init                       
000002c7  oi_close                      
000002d9  oi_update                     
0000032b  oi_parsePacket                
0000084b  oi_setLeds                    
0000088f  oi_setWheels                  
00000915  oi_loadSong                   
0000096b  oi_play_song                  
0000097f  go_charge                     
0000098d  oi_uartInit                   
00000a15  oi_uartSendChar               
00000a31  oi_uartReceive                
00000a59  oi_uartSendStr                
00000a77  oi_uartSendBuff               
00000aa9  oi_checkFirmware              
00000b51  oi_shutoff_init               
00000bc3  GPIOF_Handler                 
00000db1  oi_setMotorCalibration        
00000ded  oi_getMotorCalibrationLeft    
00000e01  oi_getMotorCalibrationRight   
00000e8d  __TI_printfi                  
00001000  __STACK_SIZE                  
00001000  __SYSMEM_SIZE                 
000018db  _nop                          
000018dd  lcd_reverseNibble             
00001919  lcd_init                      
000019d9  lcd_putc                      
00001a11  lcd_puts                      
00001a2f  lcd_sendCommand               
00001a6d  lcd_sendNibble                
00001ab1  lcd_gotoLine                  
00001ad9  lcd_setCursorPos              
00001b17  lcd_printf                    
00001e75  cyBOT_scan_version            
00001e83  cyBOT_init_Scan               
00001edb  cyBOT_Scan                    
00001f4d  cyBOT_SERVO_cal               
000020d5  timer_init                    
0000214d  timer_stop                    
00002177  timer_pause                   
00002189  timer_resume                  
0000219b  timer_getMillis               
000021f3  timer_getMicros               
0000224d  timer_waitMicros              
0000227f  timer_waitMillis              
0000231d  ping_init                     
000023a3  ping_trigger                  
0000240d  TIMER3B_Handler               
0000245f  ping_getDistance              
00002509  uart_interrupt_init           
000025d3  uart_sendChar                 
000025f7  uart_receive                  
00002625  uart_nonblocking_receive      
00002627  uart_sendStr                  
0000264d  UART1_Handler                 
000028c1  __aeabi_dsub                  
000028cb  __aeabi_dadd                  
00002a77  __aeabi_idiv0                 
00002a77  __aeabi_ldiv0                 
00002a79  servo_init                    
00002afd  servo_stop                    
00002b09  servo_move                    
00002b69  servo_setPWM                  
00002bd1  main                          
00002e51  __aeabi_ddiv                  
00002f89  adc_init                      
00003033  adc_read                      
000031d1  ir_init                       
00003239  ir_getValue                   
00003261  ir_getDistance                
00003269  ADC0SS0_Handler               
0000327f  ir_enableInterrupt            
000032e9  ldexp                         
000032e9  ldexpl                        
000032e9  scalbn                        
000032e9  scalbnl                       
000033f9  aligned_alloc                 
000033f9  memalign                      
000034f9  __aeabi_dmul                  
000035f5  free                          
0000378b  __aeabi_memcpy                
0000378b  __aeabi_memcpy4               
0000378b  __aeabi_memcpy8               
0000378b  memcpy                        
00003827  __aeabi_uldivmod              
000038bd  __aeabi_cdcmpeq               
000038bd  __aeabi_cdcmple               
00003943  __aeabi_cdrcmple              
000039c9  __aeabi_memclr                
000039c9  __aeabi_memclr4               
000039c9  __aeabi_memclr8               
000039cb  __aeabi_memset                
000039cb  __aeabi_memset4               
000039cb  __aeabi_memset8               
000039d1  memset                        
00003b23  __aeabi_d2f                   
00003b91  __TI_decompress_lzss          
00003bf9  frexp                         
00003bf9  frexpl                        
00003cb3  __TI_ltoa                     
00003d59  atoi                          
00003da5  __aeabi_d2iz                  
00003ded  __TI_auto_init_nobinit_nopinit
00003e31  sprintf                       
00003e71  vsnprintf                     
00003ef1  calloc                        
00003f29  __aeabi_f2d                   
00003f61  IntRegister                   
00003f95  _c_int00_noargs               
00003ff9  __aeabi_i2d                   
00004051  __aeabi_ui2d                  
00004071  __TI_zero_init_nomemset       
000040a9  memccpy                       
000040c5  copysign                      
000040c5  copysignl                     
0000410f  oi_parseInt                   
00004127  strcmp                        
0000413f  strchr                        
00004155  strcpy                        
00004169  strlen                        
0000417d  wcslen                        
0000418f  IntMasterEnable               
0000419f  lcd_clear                     
000041af  __TI_decompress_none          
000041bd  CPUcpsie                      
000041c9  ResetISR                      
000041e1  __aeabi_errno_addr            
000041e9  malloc                        
000041f1  _system_pre_init              
000041f5  C$$EXIT                       
000041f5  abort                         
000041f8  _ctypes_                      
00004330  __TI_Handler_Table_Base       
0000433c  __TI_Handler_Table_Limit      
00004350  __TI_CINIT_Base               
00004368  __TI_CINIT_Limit              
20000000  __start___llvm_prf_cnts       
20000000  __stop___llvm_prf_cnts        
20000000  g_pfnRAMVectors               
20000270  __stack                       
20000470  __STACK_TOP                   
20001270  __STACK_END                   
20001270  _sys_memory                   
200022dc  _timeout_ticks                
200022e0  fallingEdge                   
200022e4  isr_int_value                 
200022e8  left_calibration_value        
200022ec  pulseLength                   
200022f0  right_calibration_value       
200022f4  risingEdge                    
200022f8  isRisingEdge                  
200022fc  motor_cal_factor_L            
20002300  motor_cal_factor_R            
2000231c  _lock                         
20002320  _unlock                       
2000232c  command_byte                  
20002330  command_flag                  
20002334  cyBOT_scan_features           
20002338  errno                         
2000233c  _running                      
ffffffff  __TI_pprof_out_hndl           
ffffffff  __TI_prof_data_size           
ffffffff  __TI_prof_data_start          
ffffffff  __binit__                     
ffffffff  __c_args__                    
ffffffff  binit                         
UNDEFED   __mpu_init                    
UNDEFED   _system_post_cinit            

[173 symbols]
