******************************************************************************
                  TI ARM Linker PC v20.2.6                     
******************************************************************************
>> Linked Wed Apr  5 13:46:26 2023

OUTPUT FILE NAME:   <Lab10.out>
ENTRY POINT SYMBOL: "_c_int00_noargs"  address: 0000273d


MEMORY CONFIGURATION

         name            origin    length      used     unused   attr    fill
----------------------  --------  ---------  --------  --------  ----  --------
  FLASH                 00000000   00040000  00002a45  0003d5bb  R  X
  SRAM                  20000000   00008000  000012cd  00006d33  RW X


SEGMENT ALLOCATION MAP

run origin  load origin   length   init length attrs members
----------  ----------- ---------- ----------- ----- -------
00000000    00000000    00002a48   00002a48    r-x
  00000000    00000000    0000026c   0000026c    r-- .intvecs
  0000026c    0000026c    00002690   00002690    r-x .text
  000028fc    000028fc    00000109   00000109    r-- .const
  00002a08    00002a08    00000040   00000040    r-- .cinit
20000000    20000000    000012d1   00000000    rw-
  20000000    20000000    0000026c   00000000    rw- .vtable
  20000270    20000270    00001000   00000000    rw- .stack
  20001270    20001270    00000058   00000000    rw- .bss
  200012c8    200012c8    00000009   00000000    rw- .data


SECTION ALLOCATION MAP

 output                                  attributes/
section   page    origin      length       input sections
--------  ----  ----------  ----------   ----------------
.intvecs   0    00000000    0000026c     
                  00000000    0000026c     tm4c123gh6pm_startup_ccs.obj (.intvecs)

.text      0    0000026c    00002690     
                  0000026c    00000a4e     rtsv7M4_T_le_v4SPD16_eabi.lib : _printfi.c.obj (.text:__TI_printfi)
                  00000cba    00000002                                   : div0.asm.obj (.text)
                  00000cbc    00000328     lcd.obj (.text)
                  00000fe4    00000270     rtsv7M4_T_le_v4SPD16_eabi.lib : _printfi.c.obj (.text:_pconv_a)
                  00001254    00000248     Timer.obj (.text)
                  0000149c    000001d0     rtsv7M4_T_le_v4SPD16_eabi.lib : _printfi.c.obj (.text:_pconv_g)
                  0000166c    000001b6                                   : fd_add_t2.asm.obj (.text)
                  00001822    00000002     --HOLE-- [fill = 0]
                  00001824    00000150     servo.obj (.text)
                  00001974    0000013c     rtsv7M4_T_le_v4SPD16_eabi.lib : _printfi.c.obj (.text:_pconv_e)
                  00001ab0    00000136                                   : fd_div_t2.asm.obj (.text)
                  00001be6    00000002     --HOLE-- [fill = 0]
                  00001be8    00000124                                   : _printfi.c.obj (.text:fcvt)
                  00001d0c    00000110                                   : s_scalbn.c.obj (.text:scalbn)
                  00001e1c    000000fc                                   : fd_mul_t2.asm.obj (.text)
                  00001f18    000000b1                                   : _printfi.c.obj (.text:_ltostr)
                  00001fc9    00000001     --HOLE-- [fill = 0]
                  00001fca    0000009c                                   : memcpy_t2.asm.obj (.text)
                  00002066    00000096                                   : ull_div_t2.asm.obj (.text)
                  000020fc    00000086                                   : fd_cmp_t2.asm.obj (.text:__aeabi_cdcmple)
                  00002182    00000086                                   : fd_cmp_t2.asm.obj (.text:__aeabi_cdrcmple)
                  00002208    0000007a                                   : memset_t2.asm.obj (.text)
                  00002282    0000006e                                   : _printfi.c.obj (.text:_mcpy)
                  000022f0    0000006e                                   : fd_tos_t2.asm.obj (.text)
                  0000235e    00000068                                   : copy_decompress_lzss.c.obj (.text:decompress:lzss:__TI_decompress_lzss)
                  000023c6    00000002     --HOLE-- [fill = 0]
                  000023c8    00000064                                   : s_frexp.c.obj (.text:frexp)
                  0000242c    00000056                                   : _printfi.c.obj (.text:_pconv_f)
                  00002482    00000054                                   : _ltoa.c.obj (.text:__TI_ltoa)
                  000024d6    00000052                                   : _printfi.c.obj (.text:_ecpy)
                  00002528    0000004e     main.obj (.text)
                  00002576    00000002     --HOLE-- [fill = 0]
                  00002578    0000004c     rtsv7M4_T_le_v4SPD16_eabi.lib : atoi.c.obj (.text:atoi)
                  000025c4    00000048                                   : fd_toi_t2.asm.obj (.text)
                  0000260c    00000044                                   : autoinit.c.obj (.text:__TI_auto_init_nobinit_nopinit:__TI_auto_init_nobinit_nopinit)
                  00002650    00000040                                   : vsnprintf.c.obj (.text:vsnprintf)
                  00002690    0000003e                                   : _printfi.c.obj (.text:_fcpy)
                  000026ce    00000038                                   : fs_tod_t2.asm.obj (.text)
                  00002706    00000002     --HOLE-- [fill = 0]
                  00002708    00000034     driverlib.lib : interrupt.obj (.text:IntRegister)
                  0000273c    00000034     rtsv7M4_T_le_v4SPD16_eabi.lib : boot_cortex_m.c.obj (.text:_c_int00_noargs:_c_int00_noargs)
                  00002770    00000030                                   : vsnprintf.c.obj (.text:_outs)
                  000027a0    0000002e                                   : i_tofd_t2.asm.obj (.text)
                  000027ce    00000020                                   : u_tofd_t2.asm.obj (.text)
                  000027ee    0000001c                                   : copy_zero_init.c.obj (.text:decompress:ZI:__TI_zero_init_nomemset:__TI_zero_init_nomemset)
                  0000280a    0000001c                                   : memccpy.c.obj (.text:memccpy)
                  00002826    0000001a                                   : s_copysign.c.obj (.text:copysign)
                  00002840    00000018                                   : vsnprintf.c.obj (.text:_outc)
                  00002858    00000018                                   : strcmp.c.obj (.text:strcmp)
                  00002870    00000016                                   : strchr.c.obj (.text:strchr)
                  00002886    00000014                                   : strcpy.c.obj (.text:strcpy)
                  0000289a    00000014                                   : strlen.c.obj (.text:strlen)
                  000028ae    00000012                                   : wcslen.c.obj (.text:wcslen)
                  000028c0    00000010     lcd.obj (.text:lcd_clear)
                  000028d0    0000000e     rtsv7M4_T_le_v4SPD16_eabi.lib : copy_decompress_none.c.obj (.text:decompress:none:__TI_decompress_none)
                  000028de    0000000c     tm4c123gh6pm_startup_ccs.obj (.text)
                  000028ea    00000002     --HOLE-- [fill = 0]
                  000028ec    00000008     rtsv7M4_T_le_v4SPD16_eabi.lib : errno.c.obj (.text:__aeabi_errno_addr)
                  000028f4    00000004                                   : pre_init.c.obj (.text:_system_pre_init)
                  000028f8    00000004                                   : exit.c.obj (.text:abort:abort)

.const     0    000028fc    00000109     
                  000028fc    00000101     rtsv7M4_T_le_v4SPD16_eabi.lib : ctype.c.obj (.const:.string:_ctypes_)
                  000029fd    00000004     lcd.obj (.const:.string:lineAddress$1)
                  00002a01    00000004     lcd.obj (.const:.string:lineAddresses$2)

.cinit     0    00002a08    00000040     
                  00002a08    0000000c     (__TI_handler_table)
                  00002a14    0000000b     (.cinit..data.load) [load image, compression = lzss]
                  00002a1f    00000001     --HOLE-- [fill = 0]
                  00002a20    00000008     (.cinit..bss.load) [load image, compression = zero_init]
                  00002a28    00000008     (.cinit..vtable.load) [load image, compression = zero_init]
                  00002a30    00000018     (__TI_cinit_table)

.init_array 
*          0    00000000    00000000     UNINITIALIZED

.vtable    0    20000000    0000026c     UNINITIALIZED
                  20000000    0000026c     driverlib.lib : interrupt.obj (.vtable)

.bss       0    20001270    00000058     UNINITIALIZED
                  20001270    00000054     lcd.obj (.bss:lastbuffer$3)
                  200012c4    00000004     (.common:_timeout_ticks)

.data      0    200012c8    00000009     UNINITIALIZED
                  200012c8    00000004     rtsv7M4_T_le_v4SPD16_eabi.lib : errno.c.obj (.data)
                  200012cc    00000004     servo.obj (.data)
                  200012d0    00000001     Timer.obj (.data)

.stack     0    20000270    00001000     UNINITIALIZED
                  20000270    00000004     rtsv7M4_T_le_v4SPD16_eabi.lib : boot_cortex_m.c.obj (.stack)
                  20000274    00000ffc     --HOLE--

__llvm_prf_cnts 
*          0    20000000    00000000     UNINITIALIZED

MODULE SUMMARY

       Module                         code   ro data   rw data
       ------                         ----   -------   -------
    .\
       tm4c123gh6pm_startup_ccs.obj   12     620       0      
    +--+------------------------------+------+---------+---------+
       Total:                         12     620       0      
                                                              
    .\Lab10 Code Files\
       lcd.obj                        824    8         84     
       Timer.obj                      584    0         5      
       servo.obj                      336    0         4      
       main.obj                       78     0         0      
    +--+------------------------------+------+---------+---------+
       Total:                         1822   8         93     
                                                              
    C:/ti/TivaWare_C_Series-2.2.0.295/driverlib/ccs/Debug/driverlib.lib
       interrupt.obj                  52     0         620    
    +--+------------------------------+------+---------+---------+
       Total:                         52     0         620    
                                                              
    C:\ti\ccs1200\ccs\tools\compiler\ti-cgt-arm_20.2.6.LTS\lib\rtsv7M4_T_le_v4SPD16_eabi.lib
       _printfi.c.obj                 4851   0         0      
       fd_add_t2.asm.obj              438    0         0      
       fd_div_t2.asm.obj              310    0         0      
       s_scalbn.c.obj                 272    0         0      
       fd_cmp_t2.asm.obj              268    0         0      
       ctype.c.obj                    0      257       0      
       fd_mul_t2.asm.obj              252    0         0      
       memcpy_t2.asm.obj              156    0         0      
       ull_div_t2.asm.obj             150    0         0      
       vsnprintf.c.obj                136    0         0      
       memset_t2.asm.obj              122    0         0      
       fd_tos_t2.asm.obj              110    0         0      
       copy_decompress_lzss.c.obj     104    0         0      
       s_frexp.c.obj                  100    0         0      
       _ltoa.c.obj                    84     0         0      
       atoi.c.obj                     76     0         0      
       fd_toi_t2.asm.obj              72     0         0      
       autoinit.c.obj                 68     0         0      
       fs_tod_t2.asm.obj              56     0         0      
       boot_cortex_m.c.obj            52     0         0      
       i_tofd_t2.asm.obj              46     0         0      
       u_tofd_t2.asm.obj              32     0         0      
       copy_zero_init.c.obj           28     0         0      
       memccpy.c.obj                  28     0         0      
       s_copysign.c.obj               26     0         0      
       strcmp.c.obj                   24     0         0      
       strchr.c.obj                   22     0         0      
       strcpy.c.obj                   20     0         0      
       strlen.c.obj                   20     0         0      
       wcslen.c.obj                   18     0         0      
       copy_decompress_none.c.obj     14     0         0      
       errno.c.obj                    8      0         4      
       exit.c.obj                     4      0         0      
       pre_init.c.obj                 4      0         0      
       div0.asm.obj                   2      0         0      
    +--+------------------------------+------+---------+---------+
       Total:                         7973   257       4      
                                                              
       Stack:                         0      0         4096   
       Linker Generated:              0      63        0      
    +--+------------------------------+------+---------+---------+
       Grand Total:                   9859   948       4813   


LINKER GENERATED COPY TABLES

__TI_cinit_table @ 00002a30 records: 3, size/record: 8, table size: 24
	.data: load addr=00002a14, load size=0000000b bytes, run addr=200012c8, run size=00000009 bytes, compression=lzss
	.bss: load addr=00002a20, load size=00000008 bytes, run addr=20001270, run size=00000058 bytes, compression=zero_init
	.vtable: load addr=00002a28, load size=00000008 bytes, run addr=20000000, run size=0000026c bytes, compression=zero_init


LINKER GENERATED HANDLER TABLE

__TI_handler_table @ 00002a08 records: 3, size/record: 4, table size: 12
	index: 0, handler: __TI_zero_init
	index: 1, handler: __TI_decompress_lzss
	index: 2, handler: __TI_decompress_none


GLOBAL SYMBOLS: SORTED ALPHABETICALLY BY Name 

address   name                          
-------   ----                          
000028f9  C$$EXIT                       
00002709  IntRegister                   
000028df  ResetISR                      
20001270  __STACK_END                   
00001000  __STACK_SIZE                  
20000470  __STACK_TOP                   
00002a30  __TI_CINIT_Base               
00002a48  __TI_CINIT_Limit              
00002a08  __TI_Handler_Table_Base       
00002a14  __TI_Handler_Table_Limit      
0000260d  __TI_auto_init_nobinit_nopinit
0000235f  __TI_decompress_lzss          
000028d1  __TI_decompress_none          
00002483  __TI_ltoa                     
ffffffff  __TI_pprof_out_hndl           
0000026d  __TI_printfi                  
ffffffff  __TI_prof_data_size           
ffffffff  __TI_prof_data_start          
00000000  __TI_static_base__            
000027ef  __TI_zero_init_nomemset       
000020fd  __aeabi_cdcmpeq               
000020fd  __aeabi_cdcmple               
00002183  __aeabi_cdrcmple              
000022f1  __aeabi_d2f                   
000025c5  __aeabi_d2iz                  
00001677  __aeabi_dadd                  
00001ab1  __aeabi_ddiv                  
00001e1d  __aeabi_dmul                  
0000166d  __aeabi_dsub                  
000028ed  __aeabi_errno_addr            
000026cf  __aeabi_f2d                   
000027a1  __aeabi_i2d                   
00000cbb  __aeabi_idiv0                 
00000cbb  __aeabi_ldiv0                 
00002209  __aeabi_memclr                
00002209  __aeabi_memclr4               
00002209  __aeabi_memclr8               
00001fcb  __aeabi_memcpy                
00001fcb  __aeabi_memcpy4               
00001fcb  __aeabi_memcpy8               
0000220b  __aeabi_memset                
0000220b  __aeabi_memset4               
0000220b  __aeabi_memset8               
000027cf  __aeabi_ui2d                  
00002067  __aeabi_uldivmod              
ffffffff  __binit__                     
ffffffff  __c_args__                    
UNDEFED   __mpu_init                    
20000270  __stack                       
20000000  __start___llvm_prf_cnts       
20000000  __stop___llvm_prf_cnts        
0000273d  _c_int00_noargs               
000028fc  _ctypes_                      
200012d0  _running                      
UNDEFED   _system_post_cinit            
000028f5  _system_pre_init              
200012c4  _timeout_ticks                
000028f9  abort                         
00002579  atoi                          
ffffffff  binit                         
00002827  copysign                      
00002827  copysignl                     
200012c8  errno                         
000023c9  frexp                         
000023c9  frexpl                        
20000000  g_pfnRAMVectors               
00000000  g_pfnVectors                  
000028c1  lcd_clear                     
00000e91  lcd_gotoLine                  
00000cf9  lcd_init                      
00000ef7  lcd_printf                    
00000db9  lcd_putc                      
00000df1  lcd_puts                      
00000cbd  lcd_reverseNibble             
00000e0f  lcd_sendCommand               
00000e4d  lcd_sendNibble                
00000eb9  lcd_setCursorPos              
00001d0d  ldexp                         
00001d0d  ldexpl                        
00002529  main                          
0000280b  memccpy                       
00001fcb  memcpy                        
00002211  memset                        
200012cc  pwm_period                    
00001d0d  scalbn                        
00001d0d  scalbnl                       
00001825  servo_init                    
000018a7  servo_move                    
00002871  strchr                        
00002859  strcmp                        
00002887  strcpy                        
0000289b  strlen                        
00001373  timer_getMicros               
0000131b  timer_getMillis               
00001255  timer_init                    
000012f7  timer_pause                   
00001309  timer_resume                  
000012cd  timer_stop                    
000013cd  timer_waitMicros              
000013ff  timer_waitMillis              
00002651  vsnprintf                     
000028af  wcslen                        


GLOBAL SYMBOLS: SORTED BY Symbol Address 

address   name                          
-------   ----                          
00000000  __TI_static_base__            
00000000  g_pfnVectors                  
0000026d  __TI_printfi                  
00000cbb  __aeabi_idiv0                 
00000cbb  __aeabi_ldiv0                 
00000cbd  lcd_reverseNibble             
00000cf9  lcd_init                      
00000db9  lcd_putc                      
00000df1  lcd_puts                      
00000e0f  lcd_sendCommand               
00000e4d  lcd_sendNibble                
00000e91  lcd_gotoLine                  
00000eb9  lcd_setCursorPos              
00000ef7  lcd_printf                    
00001000  __STACK_SIZE                  
00001255  timer_init                    
000012cd  timer_stop                    
000012f7  timer_pause                   
00001309  timer_resume                  
0000131b  timer_getMillis               
00001373  timer_getMicros               
000013cd  timer_waitMicros              
000013ff  timer_waitMillis              
0000166d  __aeabi_dsub                  
00001677  __aeabi_dadd                  
00001825  servo_init                    
000018a7  servo_move                    
00001ab1  __aeabi_ddiv                  
00001d0d  ldexp                         
00001d0d  ldexpl                        
00001d0d  scalbn                        
00001d0d  scalbnl                       
00001e1d  __aeabi_dmul                  
00001fcb  __aeabi_memcpy                
00001fcb  __aeabi_memcpy4               
00001fcb  __aeabi_memcpy8               
00001fcb  memcpy                        
00002067  __aeabi_uldivmod              
000020fd  __aeabi_cdcmpeq               
000020fd  __aeabi_cdcmple               
00002183  __aeabi_cdrcmple              
00002209  __aeabi_memclr                
00002209  __aeabi_memclr4               
00002209  __aeabi_memclr8               
0000220b  __aeabi_memset                
0000220b  __aeabi_memset4               
0000220b  __aeabi_memset8               
00002211  memset                        
000022f1  __aeabi_d2f                   
0000235f  __TI_decompress_lzss          
000023c9  frexp                         
000023c9  frexpl                        
00002483  __TI_ltoa                     
00002529  main                          
00002579  atoi                          
000025c5  __aeabi_d2iz                  
0000260d  __TI_auto_init_nobinit_nopinit
00002651  vsnprintf                     
000026cf  __aeabi_f2d                   
00002709  IntRegister                   
0000273d  _c_int00_noargs               
000027a1  __aeabi_i2d                   
000027cf  __aeabi_ui2d                  
000027ef  __TI_zero_init_nomemset       
0000280b  memccpy                       
00002827  copysign                      
00002827  copysignl                     
00002859  strcmp                        
00002871  strchr                        
00002887  strcpy                        
0000289b  strlen                        
000028af  wcslen                        
000028c1  lcd_clear                     
000028d1  __TI_decompress_none          
000028df  ResetISR                      
000028ed  __aeabi_errno_addr            
000028f5  _system_pre_init              
000028f9  C$$EXIT                       
000028f9  abort                         
000028fc  _ctypes_                      
00002a08  __TI_Handler_Table_Base       
00002a14  __TI_Handler_Table_Limit      
00002a30  __TI_CINIT_Base               
00002a48  __TI_CINIT_Limit              
20000000  __start___llvm_prf_cnts       
20000000  __stop___llvm_prf_cnts        
20000000  g_pfnRAMVectors               
20000270  __stack                       
20000470  __STACK_TOP                   
20001270  __STACK_END                   
200012c4  _timeout_ticks                
200012c8  errno                         
200012cc  pwm_period                    
200012d0  _running                      
ffffffff  __TI_pprof_out_hndl           
ffffffff  __TI_prof_data_size           
ffffffff  __TI_prof_data_start          
ffffffff  __binit__                     
ffffffff  __c_args__                    
ffffffff  binit                         
UNDEFED   __mpu_init                    
UNDEFED   _system_post_cinit            

[102 symbols]
