******************************************************************************
                  TI ARM Linker PC v20.2.6                     
******************************************************************************
>> Linked Wed Apr  5 10:43:06 2023

OUTPUT FILE NAME:   <Lab9.out>
ENTRY POINT SYMBOL: "_c_int00_noargs"  address: 00002aad


MEMORY CONFIGURATION

         name            origin    length      used     unused   attr    fill
----------------------  --------  ---------  --------  --------  ----  --------
  FLASH                 00000000   00040000  00002de1  0003d21f  R  X
  SRAM                  20000000   00008000  000012e4  00006d1c  RW X


SEGMENT ALLOCATION MAP

run origin  load origin   length   init length attrs members
----------  ----------- ---------- ----------- ----- -------
00000000    00000000    00002de8   00002de8    r-x
  00000000    00000000    0000026c   0000026c    r-- .intvecs
  0000026c    0000026c    00002a1c   00002a1c    r-x .text
  00002c88    00002c88    00000109   00000109    r-- .const
  00002d98    00002d98    00000050   00000050    r-- .cinit
20000000    20000000    000012e8   00000000    rw-
  20000000    20000000    0000026c   00000000    rw- .vtable
  20000270    20000270    00001000   00000000    rw- .stack
  20001270    20001270    00000058   00000000    rw- .bss
  200012c8    200012c8    00000020   00000000    rw- .data


SECTION ALLOCATION MAP

 output                                  attributes/
section   page    origin      length       input sections
--------  ----  ----------  ----------   ----------------
.intvecs   0    00000000    0000026c     
                  00000000    0000026c     tm4c123gh6pm_startup_ccs.obj (.intvecs)

.text      0    0000026c    00002a1c     
                  0000026c    00000a4e     rtsv7M4_T_le_v4SPD16_eabi.lib : _printfi.c.obj (.text:__TI_printfi)
                  00000cba    00000002                                   : div0.asm.obj (.text)
                  00000cbc    00000328     lcd.obj (.text)
                  00000fe4    00000304     ping_template.obj (.text)
                  000012e8    00000270     rtsv7M4_T_le_v4SPD16_eabi.lib : _printfi.c.obj (.text:_pconv_a)
                  00001558    00000248     Timer.obj (.text)
                  000017a0    000001e8     uart-interrupt.obj (.text)
                  00001988    000001d0     rtsv7M4_T_le_v4SPD16_eabi.lib : _printfi.c.obj (.text:_pconv_g)
                  00001b58    000001b6                                   : fd_add_t2.asm.obj (.text)
                  00001d0e    00000002     --HOLE-- [fill = 0]
                  00001d10    0000013c                                   : _printfi.c.obj (.text:_pconv_e)
                  00001e4c    00000136                                   : fd_div_t2.asm.obj (.text)
                  00001f82    00000002     --HOLE-- [fill = 0]
                  00001f84    00000124                                   : _printfi.c.obj (.text:fcvt)
                  000020a8    00000110                                   : s_scalbn.c.obj (.text:scalbn)
                  000021b8    000000fc                                   : fd_mul_t2.asm.obj (.text)
                  000022b4    000000b1                                   : _printfi.c.obj (.text:_ltostr)
                  00002365    00000001     --HOLE-- [fill = 0]
                  00002366    0000009c                                   : memcpy_t2.asm.obj (.text)
                  00002402    00000096                                   : ull_div_t2.asm.obj (.text)
                  00002498    00000086                                   : fd_cmp_t2.asm.obj (.text:__aeabi_cdcmple)
                  0000251e    00000086                                   : fd_cmp_t2.asm.obj (.text:__aeabi_cdrcmple)
                  000025a4    0000007a                                   : memset_t2.asm.obj (.text)
                  0000261e    0000006e                                   : _printfi.c.obj (.text:_mcpy)
                  0000268c    00000068                                   : copy_decompress_lzss.c.obj (.text:decompress:lzss:__TI_decompress_lzss)
                  000026f4    00000064                                   : s_frexp.c.obj (.text:frexp)
                  00002758    00000056                                   : _printfi.c.obj (.text:_pconv_f)
                  000027ae    00000054                                   : _ltoa.c.obj (.text:__TI_ltoa)
                  00002802    00000052                                   : _printfi.c.obj (.text:_ecpy)
                  00002854    00000052     lab9_template.obj (.text)
                  000028a6    00000002     --HOLE-- [fill = 0]
                  000028a8    0000004c     rtsv7M4_T_le_v4SPD16_eabi.lib : atoi.c.obj (.text:atoi)
                  000028f4    00000048                                   : fd_toi_t2.asm.obj (.text)
                  0000293c    00000044                                   : autoinit.c.obj (.text:__TI_auto_init_nobinit_nopinit:__TI_auto_init_nobinit_nopinit)
                  00002980    00000040                                   : sprintf.c.obj (.text:sprintf)
                  000029c0    00000040                                   : vsnprintf.c.obj (.text:vsnprintf)
                  00002a00    0000003e                                   : _printfi.c.obj (.text:_fcpy)
                  00002a3e    00000038                                   : fs_tod_t2.asm.obj (.text)
                  00002a76    00000002     --HOLE-- [fill = 0]
                  00002a78    00000034     driverlib.lib : interrupt.obj (.text:IntRegister)
                  00002aac    00000034     rtsv7M4_T_le_v4SPD16_eabi.lib : boot_cortex_m.c.obj (.text:_c_int00_noargs:_c_int00_noargs)
                  00002ae0    00000030                                   : vsnprintf.c.obj (.text:_outs)
                  00002b10    0000002e                                   : i_tofd_t2.asm.obj (.text)
                  00002b3e    0000001c                                   : copy_zero_init.c.obj (.text:decompress:ZI:__TI_zero_init_nomemset:__TI_zero_init_nomemset)
                  00002b5a    0000001c                                   : memccpy.c.obj (.text:memccpy)
                  00002b76    0000001a                                   : s_copysign.c.obj (.text:copysign)
                  00002b90    00000018                                   : vsnprintf.c.obj (.text:_outc)
                  00002ba8    00000018                                   : sprintf.c.obj (.text:_outs)
                  00002bc0    00000018                                   : strcmp.c.obj (.text:strcmp)
                  00002bd8    00000016                                   : strchr.c.obj (.text:strchr)
                  00002bee    00000014                                   : strcpy.c.obj (.text:strcpy)
                  00002c02    00000014                                   : strlen.c.obj (.text:strlen)
                  00002c16    00000012                                   : wcslen.c.obj (.text:wcslen)
                  00002c28    00000010     driverlib.lib : interrupt.obj (.text:IntMasterEnable)
                  00002c38    00000010     lcd.obj (.text:lcd_clear)
                  00002c48    0000000e     rtsv7M4_T_le_v4SPD16_eabi.lib : copy_decompress_none.c.obj (.text:decompress:none:__TI_decompress_none)
                  00002c56    0000000c     driverlib.lib : cpu.obj (.text:CPUcpsie)
                  00002c62    0000000c     tm4c123gh6pm_startup_ccs.obj (.text)
                  00002c6e    0000000a     rtsv7M4_T_le_v4SPD16_eabi.lib : sprintf.c.obj (.text:_outc)
                  00002c78    00000008                                   : errno.c.obj (.text:__aeabi_errno_addr)
                  00002c80    00000004                                   : pre_init.c.obj (.text:_system_pre_init)
                  00002c84    00000004                                   : exit.c.obj (.text:abort:abort)

.const     0    00002c88    00000109     
                  00002c88    00000101     rtsv7M4_T_le_v4SPD16_eabi.lib : ctype.c.obj (.const:.string:_ctypes_)
                  00002d89    00000004     lcd.obj (.const:.string:lineAddress$1)
                  00002d8d    00000004     lcd.obj (.const:.string:lineAddresses$2)

.cinit     0    00002d98    00000050     
                  00002d98    00000015     (.cinit..data.load) [load image, compression = lzss]
                  00002dad    00000003     --HOLE-- [fill = 0]
                  00002db0    0000000c     (__TI_handler_table)
                  00002dbc    00000004     --HOLE-- [fill = 0]
                  00002dc0    00000008     (.cinit..bss.load) [load image, compression = zero_init]
                  00002dc8    00000008     (.cinit..vtable.load) [load image, compression = zero_init]
                  00002dd0    00000018     (__TI_cinit_table)

.init_array 
*          0    00000000    00000000     UNINITIALIZED

.vtable    0    20000000    0000026c     UNINITIALIZED
                  20000000    0000026c     driverlib.lib : interrupt.obj (.vtable)

.bss       0    20001270    00000058     UNINITIALIZED
                  20001270    00000054     lcd.obj (.bss:lastbuffer$3)
                  200012c4    00000004     (.common:_timeout_ticks)

.data      0    200012c8    00000020     UNINITIALIZED
                  200012c8    00000011     ping_template.obj (.data)
                  200012d9    00000001     Timer.obj (.data)
                  200012da    00000002     --HOLE--
                  200012dc    00000008     uart-interrupt.obj (.data)
                  200012e4    00000004     rtsv7M4_T_le_v4SPD16_eabi.lib : errno.c.obj (.data)

.stack     0    20000270    00001000     UNINITIALIZED
                  20000270    00000004     rtsv7M4_T_le_v4SPD16_eabi.lib : boot_cortex_m.c.obj (.stack)
                  20000274    00000ffc     --HOLE--

__llvm_prf_cnts 
*          0    20000000    00000000     UNINITIALIZED

MODULE SUMMARY

       Module                         code    ro data   rw data
       ------                         ----    -------   -------
    .\
       tm4c123gh6pm_startup_ccs.obj   12      620       0      
    +--+------------------------------+-------+---------+---------+
       Total:                         12      620       0      
                                                               
    .\Lab9 Code Files\
       lcd.obj                        824     8         84     
       ping_template.obj              772     0         17     
       Timer.obj                      584     0         5      
       uart-interrupt.obj             488     0         8      
       lab9_template.obj              82      0         0      
    +--+------------------------------+-------+---------+---------+
       Total:                         2750    8         114    
                                                               
    C:/ti/TivaWare_C_Series-2.2.0.295/driverlib/ccs/Debug/driverlib.lib
       interrupt.obj                  68      0         620    
       cpu.obj                        12      0         0      
    +--+------------------------------+-------+---------+---------+
       Total:                         80      0         620    
                                                               
    C:\ti\ccs1200\ccs\tools\compiler\ti-cgt-arm_20.2.6.LTS\lib\rtsv7M4_T_le_v4SPD16_eabi.lib
       _printfi.c.obj                 4851    0         0      
       fd_add_t2.asm.obj              438     0         0      
       fd_div_t2.asm.obj              310     0         0      
       s_scalbn.c.obj                 272     0         0      
       fd_cmp_t2.asm.obj              268     0         0      
       ctype.c.obj                    0       257       0      
       fd_mul_t2.asm.obj              252     0         0      
       memcpy_t2.asm.obj              156     0         0      
       ull_div_t2.asm.obj             150     0         0      
       vsnprintf.c.obj                136     0         0      
       memset_t2.asm.obj              122     0         0      
       copy_decompress_lzss.c.obj     104     0         0      
       s_frexp.c.obj                  100     0         0      
       sprintf.c.obj                  98      0         0      
       _ltoa.c.obj                    84      0         0      
       atoi.c.obj                     76      0         0      
       fd_toi_t2.asm.obj              72      0         0      
       autoinit.c.obj                 68      0         0      
       fs_tod_t2.asm.obj              56      0         0      
       boot_cortex_m.c.obj            52      0         0      
       i_tofd_t2.asm.obj              46      0         0      
       copy_zero_init.c.obj           28      0         0      
       memccpy.c.obj                  28      0         0      
       s_copysign.c.obj               26      0         0      
       strcmp.c.obj                   24      0         0      
       strchr.c.obj                   22      0         0      
       strcpy.c.obj                   20      0         0      
       strlen.c.obj                   20      0         0      
       wcslen.c.obj                   18      0         0      
       copy_decompress_none.c.obj     14      0         0      
       errno.c.obj                    8       0         4      
       exit.c.obj                     4       0         0      
       pre_init.c.obj                 4       0         0      
       div0.asm.obj                   2       0         0      
    +--+------------------------------+-------+---------+---------+
       Total:                         7929    257       4      
                                                               
       Stack:                         0       0         4096   
       Linker Generated:              0       73        0      
    +--+------------------------------+-------+---------+---------+
       Grand Total:                   10771   958       4834   


LINKER GENERATED COPY TABLES

__TI_cinit_table @ 00002dd0 records: 3, size/record: 8, table size: 24
	.data: load addr=00002d98, load size=00000015 bytes, run addr=200012c8, run size=00000020 bytes, compression=lzss
	.bss: load addr=00002dc0, load size=00000008 bytes, run addr=20001270, run size=00000058 bytes, compression=zero_init
	.vtable: load addr=00002dc8, load size=00000008 bytes, run addr=20000000, run size=0000026c bytes, compression=zero_init


LINKER GENERATED HANDLER TABLE

__TI_handler_table @ 00002db0 records: 3, size/record: 4, table size: 12
	index: 0, handler: __TI_zero_init
	index: 1, handler: __TI_decompress_lzss
	index: 2, handler: __TI_decompress_none


GLOBAL SYMBOLS: SORTED ALPHABETICALLY BY Name 

address   name                          
-------   ----                          
00002c85  C$$EXIT                       
00002c57  CPUcpsie                      
200012cc  END_TIME                      
00002c29  IntMasterEnable               
00002a79  IntRegister                   
00002c63  ResetISR                      
200012c8  START_TIME                    
200012d0  STATE                         
00001127  TIMER3B_Handler               
000018e5  UART1_Handler                 
20001270  __STACK_END                   
00001000  __STACK_SIZE                  
20000470  __STACK_TOP                   
00002dd0  __TI_CINIT_Base               
00002de8  __TI_CINIT_Limit              
00002db0  __TI_Handler_Table_Base       
00002dbc  __TI_Handler_Table_Limit      
0000293d  __TI_auto_init_nobinit_nopinit
0000268d  __TI_decompress_lzss          
00002c49  __TI_decompress_none          
000027af  __TI_ltoa                     
ffffffff  __TI_pprof_out_hndl           
0000026d  __TI_printfi                  
ffffffff  __TI_prof_data_size           
ffffffff  __TI_prof_data_start          
00000000  __TI_static_base__            
00002b3f  __TI_zero_init_nomemset       
00002499  __aeabi_cdcmpeq               
00002499  __aeabi_cdcmple               
0000251f  __aeabi_cdrcmple              
000028f5  __aeabi_d2iz                  
00001b63  __aeabi_dadd                  
00001e4d  __aeabi_ddiv                  
000021b9  __aeabi_dmul                  
00001b59  __aeabi_dsub                  
00002c79  __aeabi_errno_addr            
00002a3f  __aeabi_f2d                   
00002b11  __aeabi_i2d                   
00000cbb  __aeabi_idiv0                 
00000cbb  __aeabi_ldiv0                 
000025a5  __aeabi_memclr                
000025a5  __aeabi_memclr4               
000025a5  __aeabi_memclr8               
00002367  __aeabi_memcpy                
00002367  __aeabi_memcpy4               
00002367  __aeabi_memcpy8               
000025a7  __aeabi_memset                
000025a7  __aeabi_memset4               
000025a7  __aeabi_memset8               
00002403  __aeabi_uldivmod              
ffffffff  __binit__                     
ffffffff  __c_args__                    
UNDEFED   __mpu_init                    
20000270  __stack                       
20000000  __start___llvm_prf_cnts       
20000000  __stop___llvm_prf_cnts        
00002aad  _c_int00_noargs               
00002c88  _ctypes_                      
200012d9  _running                      
UNDEFED   _system_post_cinit            
00002c81  _system_pre_init              
200012c4  _timeout_ticks                
00002c85  abort                         
000028a9  atoi                          
ffffffff  binit                         
200012dc  command_byte                  
200012e0  command_flag                  
00002b77  copysign                      
00002b77  copysignl                     
200012d4  count                         
200012e4  errno                         
000026f5  frexp                         
000026f5  frexpl                        
20000000  g_pfnRAMVectors               
00000000  g_pfnVectors                  
200012d8  intflag                       
00002c39  lcd_clear                     
00000e91  lcd_gotoLine                  
00000cf9  lcd_init                      
00000ef7  lcd_printf                    
00000db9  lcd_putc                      
00000df1  lcd_puts                      
00000cbd  lcd_reverseNibble             
00000e0f  lcd_sendCommand               
00000e4d  lcd_sendNibble                
00000eb9  lcd_setCursorPos              
000020a9  ldexp                         
000020a9  ldexpl                        
00002855  main                          
00002b5b  memccpy                       
00002367  memcpy                        
000025ad  memset                        
00001167  ping_getDistance              
00000fe5  ping_init                     
0000109b  ping_trigger                  
000020a9  scalbn                        
000020a9  scalbnl                       
00002981  sprintf                       
00002bd9  strchr                        
00002bc1  strcmp                        
00002bef  strcpy                        
00002c03  strlen                        
00001677  timer_getMicros               
0000161f  timer_getMillis               
00001559  timer_init                    
000015fb  timer_pause                   
0000160d  timer_resume                  
000015d1  timer_stop                    
000016d1  timer_waitMicros              
00001703  timer_waitMillis              
000017a1  uart_interrupt_init           
000018bd  uart_nonblocking_receive      
0000188f  uart_receive                  
0000186b  uart_sendChar                 
000018bf  uart_sendStr                  
000029c1  vsnprintf                     
00002c17  wcslen                        


GLOBAL SYMBOLS: SORTED BY Symbol Address 

address   name                          
-------   ----                          
00000000  __TI_static_base__            
00000000  g_pfnVectors                  
0000026d  __TI_printfi                  
00000cbb  __aeabi_idiv0                 
00000cbb  __aeabi_ldiv0                 
00000cbd  lcd_reverseNibble             
00000cf9  lcd_init                      
00000db9  lcd_putc                      
00000df1  lcd_puts                      
00000e0f  lcd_sendCommand               
00000e4d  lcd_sendNibble                
00000e91  lcd_gotoLine                  
00000eb9  lcd_setCursorPos              
00000ef7  lcd_printf                    
00000fe5  ping_init                     
00001000  __STACK_SIZE                  
0000109b  ping_trigger                  
00001127  TIMER3B_Handler               
00001167  ping_getDistance              
00001559  timer_init                    
000015d1  timer_stop                    
000015fb  timer_pause                   
0000160d  timer_resume                  
0000161f  timer_getMillis               
00001677  timer_getMicros               
000016d1  timer_waitMicros              
00001703  timer_waitMillis              
000017a1  uart_interrupt_init           
0000186b  uart_sendChar                 
0000188f  uart_receive                  
000018bd  uart_nonblocking_receive      
000018bf  uart_sendStr                  
000018e5  UART1_Handler                 
00001b59  __aeabi_dsub                  
00001b63  __aeabi_dadd                  
00001e4d  __aeabi_ddiv                  
000020a9  ldexp                         
000020a9  ldexpl                        
000020a9  scalbn                        
000020a9  scalbnl                       
000021b9  __aeabi_dmul                  
00002367  __aeabi_memcpy                
00002367  __aeabi_memcpy4               
00002367  __aeabi_memcpy8               
00002367  memcpy                        
00002403  __aeabi_uldivmod              
00002499  __aeabi_cdcmpeq               
00002499  __aeabi_cdcmple               
0000251f  __aeabi_cdrcmple              
000025a5  __aeabi_memclr                
000025a5  __aeabi_memclr4               
000025a5  __aeabi_memclr8               
000025a7  __aeabi_memset                
000025a7  __aeabi_memset4               
000025a7  __aeabi_memset8               
000025ad  memset                        
0000268d  __TI_decompress_lzss          
000026f5  frexp                         
000026f5  frexpl                        
000027af  __TI_ltoa                     
00002855  main                          
000028a9  atoi                          
000028f5  __aeabi_d2iz                  
0000293d  __TI_auto_init_nobinit_nopinit
00002981  sprintf                       
000029c1  vsnprintf                     
00002a3f  __aeabi_f2d                   
00002a79  IntRegister                   
00002aad  _c_int00_noargs               
00002b11  __aeabi_i2d                   
00002b3f  __TI_zero_init_nomemset       
00002b5b  memccpy                       
00002b77  copysign                      
00002b77  copysignl                     
00002bc1  strcmp                        
00002bd9  strchr                        
00002bef  strcpy                        
00002c03  strlen                        
00002c17  wcslen                        
00002c29  IntMasterEnable               
00002c39  lcd_clear                     
00002c49  __TI_decompress_none          
00002c57  CPUcpsie                      
00002c63  ResetISR                      
00002c79  __aeabi_errno_addr            
00002c81  _system_pre_init              
00002c85  C$$EXIT                       
00002c85  abort                         
00002c88  _ctypes_                      
00002db0  __TI_Handler_Table_Base       
00002dbc  __TI_Handler_Table_Limit      
00002dd0  __TI_CINIT_Base               
00002de8  __TI_CINIT_Limit              
20000000  __start___llvm_prf_cnts       
20000000  __stop___llvm_prf_cnts        
20000000  g_pfnRAMVectors               
20000270  __stack                       
20000470  __STACK_TOP                   
20001270  __STACK_END                   
200012c4  _timeout_ticks                
200012c8  START_TIME                    
200012cc  END_TIME                      
200012d0  STATE                         
200012d4  count                         
200012d8  intflag                       
200012d9  _running                      
200012dc  command_byte                  
200012e0  command_flag                  
200012e4  errno                         
ffffffff  __TI_pprof_out_hndl           
ffffffff  __TI_prof_data_size           
ffffffff  __TI_prof_data_start          
ffffffff  __binit__                     
ffffffff  __c_args__                    
ffffffff  binit                         
UNDEFED   __mpu_init                    
UNDEFED   _system_post_cinit            

[117 symbols]
