******************************************************************************
                  TI ARM Linker PC v20.2.6                     
******************************************************************************
>> Linked Wed Mar  1 11:48:34 2023

OUTPUT FILE NAME:   <Lab5.out>
ENTRY POINT SYMBOL: "_c_int00_noargs"  address: 00002a01


MEMORY CONFIGURATION

         name            origin    length      used     unused   attr    fill
----------------------  --------  ---------  --------  --------  ----  --------
  FLASH                 00000000   00040000  00002d1e  0003d2e2  R  X
  SRAM                  20000000   00008000  00001301  00006cff  RW X


SEGMENT ALLOCATION MAP

run origin  load origin   length   init length attrs members
----------  ----------- ---------- ----------- ----- -------
00000000    00000000    00002d20   00002d20    r-x
  00000000    00000000    0000026c   0000026c    r-- .intvecs
  0000026c    0000026c    00002954   00002954    r-x .text
  00002bc0    00002bc0    0000011e   0000011e    r-- .const
  00002ce0    00002ce0    00000040   00000040    r-- .cinit
20000000    20000000    00001305   00000000    rw-
  20000000    20000000    0000026c   00000000    rw- .vtable
  20000270    20000270    00001000   00000000    rw- .stack
  20001270    20001270    0000008c   00000000    rw- .bss
  200012fc    200012fc    00000009   00000000    rw- .data


SECTION ALLOCATION MAP

 output                                  attributes/
section   page    origin      length       input sections
--------  ----  ----------  ----------   ----------------
.intvecs   0    00000000    0000026c     
                  00000000    0000026c     tm4c123gh6pm_startup_ccs.obj (.intvecs)

.text      0    0000026c    00002954     
                  0000026c    00000a4e     rtsv7M4_T_le_v4SPD16_eabi.lib : _printfi.c.obj (.text:__TI_printfi)
                  00000cba    00000002                                   : div0.asm.obj (.text)
                  00000cbc    00000328     lcd.obj (.text)
                  00000fe4    000002a8     libcybotUART.lib : uart.obj (.text)
                  0000128c    00000270     rtsv7M4_T_le_v4SPD16_eabi.lib : _printfi.c.obj (.text:_pconv_a)
                  000014fc    00000248     Timer.obj (.text)
                  00001744    000001d0     rtsv7M4_T_le_v4SPD16_eabi.lib : _printfi.c.obj (.text:_pconv_g)
                  00001914    000001b6                                   : fd_add_t2.asm.obj (.text)
                  00001aca    00000002     --HOLE-- [fill = 0]
                  00001acc    0000015c     uart.obj (.text)
                  00001c28    0000013c     rtsv7M4_T_le_v4SPD16_eabi.lib : _printfi.c.obj (.text:_pconv_e)
                  00001d64    00000136                                   : fd_div_t2.asm.obj (.text)
                  00001e9a    00000002     --HOLE-- [fill = 0]
                  00001e9c    00000124                                   : _printfi.c.obj (.text:fcvt)
                  00001fc0    00000110                                   : s_scalbn.c.obj (.text:scalbn)
                  000020d0    000000fc                                   : fd_mul_t2.asm.obj (.text)
                  000021cc    000000c8     lab5_template.obj (.text)
                  00002294    000000b1     rtsv7M4_T_le_v4SPD16_eabi.lib : _printfi.c.obj (.text:_ltostr)
                  00002345    00000001     --HOLE-- [fill = 0]
                  00002346    0000009c                                   : memcpy_t2.asm.obj (.text)
                  000023e2    00000096                                   : ull_div_t2.asm.obj (.text)
                  00002478    00000086                                   : fd_cmp_t2.asm.obj (.text:__aeabi_cdcmple)
                  000024fe    00000086                                   : fd_cmp_t2.asm.obj (.text:__aeabi_cdrcmple)
                  00002584    0000007a                                   : memset_t2.asm.obj (.text)
                  000025fe    0000006e                                   : _printfi.c.obj (.text:_mcpy)
                  0000266c    00000068                                   : copy_decompress_lzss.c.obj (.text:decompress:lzss:__TI_decompress_lzss)
                  000026d4    00000064                                   : s_frexp.c.obj (.text:frexp)
                  00002738    00000056                                   : _printfi.c.obj (.text:_pconv_f)
                  0000278e    00000054                                   : _ltoa.c.obj (.text:__TI_ltoa)
                  000027e2    00000052                                   : _printfi.c.obj (.text:_ecpy)
                  00002834    0000004c                                   : atoi.c.obj (.text:atoi)
                  00002880    00000048                                   : fd_toi_t2.asm.obj (.text)
                  000028c8    00000044                                   : autoinit.c.obj (.text:__TI_auto_init_nobinit_nopinit:__TI_auto_init_nobinit_nopinit)
                  0000290c    00000040                                   : sprintf.c.obj (.text:sprintf)
                  0000294c    00000040                                   : vsnprintf.c.obj (.text:vsnprintf)
                  0000298c    0000003e                                   : _printfi.c.obj (.text:_fcpy)
                  000029ca    00000002     --HOLE-- [fill = 0]
                  000029cc    00000034     driverlib.lib : interrupt.obj (.text:IntRegister)
                  00002a00    00000034     rtsv7M4_T_le_v4SPD16_eabi.lib : boot_cortex_m.c.obj (.text:_c_int00_noargs:_c_int00_noargs)
                  00002a34    00000030                                   : vsnprintf.c.obj (.text:_outs)
                  00002a64    0000002e                                   : i_tofd_t2.asm.obj (.text)
                  00002a92    0000001c                                   : copy_zero_init.c.obj (.text:decompress:ZI:__TI_zero_init_nomemset:__TI_zero_init_nomemset)
                  00002aae    0000001c                                   : memccpy.c.obj (.text:memccpy)
                  00002aca    0000001a                                   : s_copysign.c.obj (.text:copysign)
                  00002ae4    00000018                                   : vsnprintf.c.obj (.text:_outc)
                  00002afc    00000018                                   : sprintf.c.obj (.text:_outs)
                  00002b14    00000018                                   : strcmp.c.obj (.text:strcmp)
                  00002b2c    00000016                                   : strchr.c.obj (.text:strchr)
                  00002b42    00000014                                   : strcpy.c.obj (.text:strcpy)
                  00002b56    00000014                                   : strlen.c.obj (.text:strlen)
                  00002b6a    00000012                                   : wcslen.c.obj (.text:wcslen)
                  00002b7c    00000010     lcd.obj (.text:lcd_clear)
                  00002b8c    0000000e     rtsv7M4_T_le_v4SPD16_eabi.lib : copy_decompress_none.c.obj (.text:decompress:none:__TI_decompress_none)
                  00002b9a    0000000c     tm4c123gh6pm_startup_ccs.obj (.text)
                  00002ba6    0000000a     rtsv7M4_T_le_v4SPD16_eabi.lib : sprintf.c.obj (.text:_outc)
                  00002bb0    00000008                                   : errno.c.obj (.text:__aeabi_errno_addr)
                  00002bb8    00000004                                   : pre_init.c.obj (.text:_system_pre_init)
                  00002bbc    00000004                                   : exit.c.obj (.text:abort:abort)

.const     0    00002bc0    0000011e     
                  00002bc0    00000101     rtsv7M4_T_le_v4SPD16_eabi.lib : ctype.c.obj (.const:.string:_ctypes_)
                  00002cc1    00000015     lab5_template.obj (.const:.string:$P$T0$1)
                  00002cd6    00000004     lcd.obj (.const:.string:lineAddress$1)
                  00002cda    00000004     lcd.obj (.const:.string:lineAddresses$2)

.cinit     0    00002ce0    00000040     
                  00002ce0    0000000c     (__TI_handler_table)
                  00002cec    00000004     --HOLE-- [fill = 0]
                  00002cf0    00000008     (.cinit..bss.load) [load image, compression = zero_init]
                  00002cf8    00000008     (.cinit..vtable.load) [load image, compression = zero_init]
                  00002d00    00000007     (.cinit..data.load) [load image, compression = lzss]
                  00002d07    00000001     --HOLE-- [fill = 0]
                  00002d08    00000018     (__TI_cinit_table)

.init_array 
*          0    00000000    00000000     UNINITIALIZED

.vtable    0    20000000    0000026c     UNINITIALIZED
                  20000000    0000026c     driverlib.lib : interrupt.obj (.vtable)

.bss       0    20001270    0000008c     UNINITIALIZED
                  20001270    00000054     lcd.obj (.bss:lastbuffer$3)
                  200012c4    00000034     (.common:isr_char_buffer)
                  200012f8    00000004     (.common:_timeout_ticks)

.data      0    200012fc    00000009     UNINITIALIZED
                  200012fc    00000004     libcybotUART.lib : uart.obj (.data)
                  20001300    00000004     rtsv7M4_T_le_v4SPD16_eabi.lib : errno.c.obj (.data)
                  20001304    00000001     Timer.obj (.data)

.stack     0    20000270    00001000     UNINITIALIZED
                  20000270    00000004     rtsv7M4_T_le_v4SPD16_eabi.lib : boot_cortex_m.c.obj (.stack)
                  20000274    00000ffc     --HOLE--

__llvm_prf_cnts 
*          0    20000000    00000000     UNINITIALIZED

MODULE SUMMARY

       Module                         code    ro data   rw data
       ------                         ----    -------   -------
    .\
       tm4c123gh6pm_startup_ccs.obj   12      620       0      
    +--+------------------------------+-------+---------+---------+
       Total:                         12      620       0      
                                                               
    .\Lab5 Code Files\
       lcd.obj                        824     8         84     
       Timer.obj                      584     0         5      
       uart.obj                       348     0         0      
       lab5_template.obj              200     21        0      
    +--+------------------------------+-------+---------+---------+
       Total:                         1956    29        89     
                                                               
    ../Lab5 Code Files/libcybotUART.lib
       uart.obj                       680     0         56     
    +--+------------------------------+-------+---------+---------+
       Total:                         680     0         56     
                                                               
    C:/ti/TivaWare_C_Series-2.2.0.295/driverlib/ccs/Debug/driverlib.lib
       interrupt.obj                  52      0         620    
    +--+------------------------------+-------+---------+---------+
       Total:                         52      0         620    
                                                               
    C:\ti\ccs1200\ccs\tools\compiler\ti-cgt-arm_20.2.6.LTS\lib\rtsv7M4_T_le_v4SPD16_eabi.lib
       _printfi.c.obj                 4851    0         0      
       fd_add_t2.asm.obj              438     0         0      
       fd_div_t2.asm.obj              310     0         0      
       s_scalbn.c.obj                 272     0         0      
       fd_cmp_t2.asm.obj              268     0         0      
       ctype.c.obj                    0       257       0      
       fd_mul_t2.asm.obj              252     0         0      
       memcpy_t2.asm.obj              156     0         0      
       ull_div_t2.asm.obj             150     0         0      
       vsnprintf.c.obj                136     0         0      
       memset_t2.asm.obj              122     0         0      
       copy_decompress_lzss.c.obj     104     0         0      
       s_frexp.c.obj                  100     0         0      
       sprintf.c.obj                  98      0         0      
       _ltoa.c.obj                    84      0         0      
       atoi.c.obj                     76      0         0      
       fd_toi_t2.asm.obj              72      0         0      
       autoinit.c.obj                 68      0         0      
       boot_cortex_m.c.obj            52      0         0      
       i_tofd_t2.asm.obj              46      0         0      
       copy_zero_init.c.obj           28      0         0      
       memccpy.c.obj                  28      0         0      
       s_copysign.c.obj               26      0         0      
       strcmp.c.obj                   24      0         0      
       strchr.c.obj                   22      0         0      
       strcpy.c.obj                   20      0         0      
       strlen.c.obj                   20      0         0      
       wcslen.c.obj                   18      0         0      
       copy_decompress_none.c.obj     14      0         0      
       errno.c.obj                    8       0         4      
       exit.c.obj                     4       0         0      
       pre_init.c.obj                 4       0         0      
       div0.asm.obj                   2       0         0      
    +--+------------------------------+-------+---------+---------+
       Total:                         7873    257       4      
                                                               
       Stack:                         0       0         4096   
       Linker Generated:              0       59        0      
    +--+------------------------------+-------+---------+---------+
       Grand Total:                   10573   965       4865   


LINKER GENERATED COPY TABLES

__TI_cinit_table @ 00002d08 records: 3, size/record: 8, table size: 24
	.bss: load addr=00002cf0, load size=00000008 bytes, run addr=20001270, run size=0000008c bytes, compression=zero_init
	.vtable: load addr=00002cf8, load size=00000008 bytes, run addr=20000000, run size=0000026c bytes, compression=zero_init
	.data: load addr=00002d00, load size=00000007 bytes, run addr=200012fc, run size=00000009 bytes, compression=lzss


LINKER GENERATED HANDLER TABLE

__TI_handler_table @ 00002ce0 records: 3, size/record: 4, table size: 12
	index: 0, handler: __TI_zero_init
	index: 1, handler: __TI_decompress_lzss
	index: 2, handler: __TI_decompress_none


GLOBAL SYMBOLS: SORTED ALPHABETICALLY BY Name 

address   name                          
-------   ----                          
00002bbd  C$$EXIT                       
000029cd  IntRegister                   
00002b9b  ResetISR                      
20001270  __STACK_END                   
00001000  __STACK_SIZE                  
20000470  __STACK_TOP                   
00002d08  __TI_CINIT_Base               
00002d20  __TI_CINIT_Limit              
00002ce0  __TI_Handler_Table_Base       
00002cec  __TI_Handler_Table_Limit      
000028c9  __TI_auto_init_nobinit_nopinit
0000266d  __TI_decompress_lzss          
00002b8d  __TI_decompress_none          
0000278f  __TI_ltoa                     
ffffffff  __TI_pprof_out_hndl           
0000026d  __TI_printfi                  
ffffffff  __TI_prof_data_size           
ffffffff  __TI_prof_data_start          
00000000  __TI_static_base__            
00002a93  __TI_zero_init_nomemset       
00002479  __aeabi_cdcmpeq               
00002479  __aeabi_cdcmple               
000024ff  __aeabi_cdrcmple              
00002881  __aeabi_d2iz                  
0000191f  __aeabi_dadd                  
00001d65  __aeabi_ddiv                  
000020d1  __aeabi_dmul                  
00001915  __aeabi_dsub                  
00002bb1  __aeabi_errno_addr            
00002a65  __aeabi_i2d                   
00000cbb  __aeabi_idiv0                 
00000cbb  __aeabi_ldiv0                 
00002585  __aeabi_memclr                
00002585  __aeabi_memclr4               
00002585  __aeabi_memclr8               
00002347  __aeabi_memcpy                
00002347  __aeabi_memcpy4               
00002347  __aeabi_memcpy8               
00002587  __aeabi_memset                
00002587  __aeabi_memset4               
00002587  __aeabi_memset8               
000023e3  __aeabi_uldivmod              
ffffffff  __binit__                     
ffffffff  __c_args__                    
UNDEFED   __mpu_init                    
20000270  __stack                       
20000000  __start___llvm_prf_cnts       
20000000  __stop___llvm_prf_cnts        
00002a01  _c_int00_noargs               
00002bc0  _ctypes_                      
20001304  _running                      
UNDEFED   _system_post_cinit            
00002bb9  _system_pre_init              
200012f8  _timeout_ticks                
00002bbd  abort                         
00002835  atoi                          
ffffffff  binit                         
00002acb  copysign                      
00002acb  copysignl                     
00001231  cyBot_UART1_Handler           
00001223  cyBot_getByte_blocking        
00001203  cyBot_getByte_nonblocking     
00000fe5  cyBot_sendByte                
000011e9  cyBot_uart_flush              
00001153  cyBot_uart_init               
000010f3  cyBot_uart_init_PHJ_first_half
0000109b  cyBot_uart_init_clean         
00001023  cyBot_uart_init_last_half     
0000100b  cyBot_uart_sendBuffer         
00000ff1  cyBot_uart_sendStr            
20001300  errno                         
000026d5  frexp                         
000026d5  frexpl                        
20000000  g_pfnRAMVectors               
00000000  g_pfnVectors                  
200012c4  isr_char_buffer               
200012fc  isr_counter                   
00002b7d  lcd_clear                     
00000e91  lcd_gotoLine                  
00000cf9  lcd_init                      
00000ef7  lcd_printf                    
00000db9  lcd_putc                      
00000df1  lcd_puts                      
00000cbd  lcd_reverseNibble             
00000e0f  lcd_sendCommand               
00000e4d  lcd_sendNibble                
00000eb9  lcd_setCursorPos              
00001fc1  ldexp                         
00001fc1  ldexpl                        
000021cd  main                          
00002aaf  memccpy                       
00002347  memcpy                        
0000258d  memset                        
00001fc1  scalbn                        
00001fc1  scalbnl                       
0000290d  sprintf                       
00002b2d  strchr                        
00002b15  strcmp                        
00002b43  strcpy                        
00002b57  strlen                        
0000161b  timer_getMicros               
000015c3  timer_getMillis               
000014fd  timer_init                    
0000159f  timer_pause                   
000015b1  timer_resume                  
00001575  timer_stop                    
00001675  timer_waitMicros              
000016a7  timer_waitMillis              
00001acd  uart_init                     
00001b8f  uart_receive                  
00001b6b  uart_sendChar                 
00001bbd  uart_sendStr                  
0000294d  vsnprintf                     
00002b6b  wcslen                        


GLOBAL SYMBOLS: SORTED BY Symbol Address 

address   name                          
-------   ----                          
00000000  __TI_static_base__            
00000000  g_pfnVectors                  
0000026d  __TI_printfi                  
00000cbb  __aeabi_idiv0                 
00000cbb  __aeabi_ldiv0                 
00000cbd  lcd_reverseNibble             
00000cf9  lcd_init                      
00000db9  lcd_putc                      
00000df1  lcd_puts                      
00000e0f  lcd_sendCommand               
00000e4d  lcd_sendNibble                
00000e91  lcd_gotoLine                  
00000eb9  lcd_setCursorPos              
00000ef7  lcd_printf                    
00000fe5  cyBot_sendByte                
00000ff1  cyBot_uart_sendStr            
00001000  __STACK_SIZE                  
0000100b  cyBot_uart_sendBuffer         
00001023  cyBot_uart_init_last_half     
0000109b  cyBot_uart_init_clean         
000010f3  cyBot_uart_init_PHJ_first_half
00001153  cyBot_uart_init               
000011e9  cyBot_uart_flush              
00001203  cyBot_getByte_nonblocking     
00001223  cyBot_getByte_blocking        
00001231  cyBot_UART1_Handler           
000014fd  timer_init                    
00001575  timer_stop                    
0000159f  timer_pause                   
000015b1  timer_resume                  
000015c3  timer_getMillis               
0000161b  timer_getMicros               
00001675  timer_waitMicros              
000016a7  timer_waitMillis              
00001915  __aeabi_dsub                  
0000191f  __aeabi_dadd                  
00001acd  uart_init                     
00001b6b  uart_sendChar                 
00001b8f  uart_receive                  
00001bbd  uart_sendStr                  
00001d65  __aeabi_ddiv                  
00001fc1  ldexp                         
00001fc1  ldexpl                        
00001fc1  scalbn                        
00001fc1  scalbnl                       
000020d1  __aeabi_dmul                  
000021cd  main                          
00002347  __aeabi_memcpy                
00002347  __aeabi_memcpy4               
00002347  __aeabi_memcpy8               
00002347  memcpy                        
000023e3  __aeabi_uldivmod              
00002479  __aeabi_cdcmpeq               
00002479  __aeabi_cdcmple               
000024ff  __aeabi_cdrcmple              
00002585  __aeabi_memclr                
00002585  __aeabi_memclr4               
00002585  __aeabi_memclr8               
00002587  __aeabi_memset                
00002587  __aeabi_memset4               
00002587  __aeabi_memset8               
0000258d  memset                        
0000266d  __TI_decompress_lzss          
000026d5  frexp                         
000026d5  frexpl                        
0000278f  __TI_ltoa                     
00002835  atoi                          
00002881  __aeabi_d2iz                  
000028c9  __TI_auto_init_nobinit_nopinit
0000290d  sprintf                       
0000294d  vsnprintf                     
000029cd  IntRegister                   
00002a01  _c_int00_noargs               
00002a65  __aeabi_i2d                   
00002a93  __TI_zero_init_nomemset       
00002aaf  memccpy                       
00002acb  copysign                      
00002acb  copysignl                     
00002b15  strcmp                        
00002b2d  strchr                        
00002b43  strcpy                        
00002b57  strlen                        
00002b6b  wcslen                        
00002b7d  lcd_clear                     
00002b8d  __TI_decompress_none          
00002b9b  ResetISR                      
00002bb1  __aeabi_errno_addr            
00002bb9  _system_pre_init              
00002bbd  C$$EXIT                       
00002bbd  abort                         
00002bc0  _ctypes_                      
00002ce0  __TI_Handler_Table_Base       
00002cec  __TI_Handler_Table_Limit      
00002d08  __TI_CINIT_Base               
00002d20  __TI_CINIT_Limit              
20000000  __start___llvm_prf_cnts       
20000000  __stop___llvm_prf_cnts        
20000000  g_pfnRAMVectors               
20000270  __stack                       
20000470  __STACK_TOP                   
20001270  __STACK_END                   
200012c4  isr_char_buffer               
200012f8  _timeout_ticks                
200012fc  isr_counter                   
20001300  errno                         
20001304  _running                      
ffffffff  __TI_pprof_out_hndl           
ffffffff  __TI_prof_data_size           
ffffffff  __TI_prof_data_start          
ffffffff  __binit__                     
ffffffff  __c_args__                    
ffffffff  binit                         
UNDEFED   __mpu_init                    
UNDEFED   _system_post_cinit            

[114 symbols]
