******************************************************************************
                  TI ARM Linker PC v20.2.6                     
******************************************************************************
>> Linked Fri Mar 24 11:42:33 2023

OUTPUT FILE NAME:   <Lab7.out>
ENTRY POINT SYMBOL: "_c_int00_noargs"  address: 000054b5


MEMORY CONFIGURATION

         name            origin    length      used     unused   attr    fill
----------------------  --------  ---------  --------  --------  ----  --------
  FLASH                 00000000   00040000  00005a53  0003a5ad  R  X
  SRAM                  20000000   00008000  00002686  0000597a  RW X


SEGMENT ALLOCATION MAP

run origin  load origin   length   init length attrs members
----------  ----------- ---------- ----------- ----- -------
00000000    00000000    00005a58   00005a58    r-x
  00000000    00000000    0000026c   0000026c    r-- .intvecs
  0000026c    0000026c    0000549c   0000549c    r-x .text
  00005708    00005708    000002f3   000002f3    r-- .const
  00005a00    00005a00    00000058   00000058    r-- .cinit
20000000    20000000    0000268d   00000000    rw-
  20000000    20000000    0000026c   00000000    rw- .vtable
  20000270    20000270    00001000   00000000    rw- .stack
  20001270    20001270    00001000   00000000    rw- .sysmem
  20002270    20002270    000003d1   00000000    rw- .bss
  20002644    20002644    00000049   00000000    rw- .data


SECTION ALLOCATION MAP

 output                                  attributes/
section   page    origin      length       input sections
--------  ----  ----------  ----------   ----------------
.intvecs   0    00000000    0000026c     
                  00000000    0000026c     tm4c123gh6pm_startup_ccs.obj (.intvecs)

.text      0    0000026c    0000549c     
                  0000026c    00000c20     open_interface.obj (.text)
                  00000e8c    00000a4e     rtsv7M4_T_le_v4SPD16_eabi.lib : _printfi.c.obj (.text:__TI_printfi)
                  000018da    00000002                                   : _lock.c.obj (.text:_nop)
                  000018dc    00000738                                   : k_rem_pio2.c.obj (.text:__kernel_rem_pio2)
                  00002014    00000508                                   : s_tan.c.obj (.text:tan)
                  0000251c    000003d4     lab7_template.obj (.text)
                  000028f0    00000328     lcd.obj (.text)
                  00002c18    00000324     movement.obj (.text)
                  00002f3c    0000031c     rtsv7M4_T_le_v4SPD16_eabi.lib : k_tan.c.obj (.text:__kernel_tan)
                  00003258    00000270                                   : _printfi.c.obj (.text:_pconv_a)
                  000034c8    00000260     libcybotScan.lib : cyBot_Scan.obj (.text)
                  00003728    00000248     Timer.obj (.text)
                  00003970    00000224     uart-interrupt.obj (.text)
                  00003b94    000001ec     libcybotScan.lib : ping.obj (.text)
                  00003d80    000001d0     rtsv7M4_T_le_v4SPD16_eabi.lib : _printfi.c.obj (.text:_pconv_g)
                  00003f50    000001b6                                   : fd_add_t2.asm.obj (.text)
                  00004106    00000002                                   : div0.asm.obj (.text)
                  00004108    00000158     libcybotScan.lib : servo.obj (.text)
                  00004260    0000013c     rtsv7M4_T_le_v4SPD16_eabi.lib : _printfi.c.obj (.text:_pconv_e)
                  0000439c    00000136                                   : fd_div_t2.asm.obj (.text)
                  000044d2    00000002     --HOLE-- [fill = 0]
                  000044d4    00000124                                   : _printfi.c.obj (.text:fcvt)
                  000045f8    00000118     libcybotScan.lib : ir.obj (.text)
                  00004710    00000110     rtsv7M4_T_le_v4SPD16_eabi.lib : s_scalbn.c.obj (.text:scalbn)
                  00004820    00000100                                   : memory.c.obj (.text:aligned_alloc)
                  00004920    000000fc                                   : fd_mul_t2.asm.obj (.text)
                  00004a1c    000000f8                                   : s_floor.c.obj (.text:floor)
                  00004b14    000000e4                                   : memory.c.obj (.text:free)
                  00004bf8    000000b1                                   : _printfi.c.obj (.text:_ltostr)
                  00004ca9    00000001     --HOLE-- [fill = 0]
                  00004caa    0000009c                                   : memcpy_t2.asm.obj (.text)
                  00004d46    00000096                                   : ull_div_t2.asm.obj (.text)
                  00004ddc    00000086                                   : fd_cmp_t2.asm.obj (.text:__aeabi_cdcmple)
                  00004e62    00000086                                   : fd_cmp_t2.asm.obj (.text:__aeabi_cdrcmple)
                  00004ee8    0000007a                                   : memset_t2.asm.obj (.text)
                  00004f62    00000002     --HOLE-- [fill = 0]
                  00004f64    00000070                                   : memory.c.obj (.text:split)
                  00004fd4    0000006e                                   : _printfi.c.obj (.text:_mcpy)
                  00005042    0000006e                                   : fd_tos_t2.asm.obj (.text)
                  000050b0    00000068                                   : copy_decompress_lzss.c.obj (.text:decompress:lzss:__TI_decompress_lzss)
                  00005118    00000064                                   : s_frexp.c.obj (.text:frexp)
                  0000517c    00000056                                   : _printfi.c.obj (.text:_pconv_f)
                  000051d2    00000054                                   : _ltoa.c.obj (.text:__TI_ltoa)
                  00005226    00000052                                   : _printfi.c.obj (.text:_ecpy)
                  00005278    0000004c                                   : atoi.c.obj (.text:atoi)
                  000052c4    00000048                                   : fd_toi_t2.asm.obj (.text)
                  0000530c    00000044                                   : autoinit.c.obj (.text:__TI_auto_init_nobinit_nopinit:__TI_auto_init_nobinit_nopinit)
                  00005350    00000040                                   : sprintf.c.obj (.text:sprintf)
                  00005390    00000040                                   : vsnprintf.c.obj (.text:vsnprintf)
                  000053d0    0000003e                                   : _printfi.c.obj (.text:_fcpy)
                  0000540e    00000002     --HOLE-- [fill = 0]
                  00005410    00000038                                   : memory.c.obj (.text:calloc)
                  00005448    00000038                                   : fs_tod_t2.asm.obj (.text)
                  00005480    00000034     driverlib.lib : interrupt.obj (.text:IntRegister)
                  000054b4    00000034     rtsv7M4_T_le_v4SPD16_eabi.lib : boot_cortex_m.c.obj (.text:_c_int00_noargs:_c_int00_noargs)
                  000054e8    00000030                                   : vsnprintf.c.obj (.text:_outs)
                  00005518    0000002e                                   : i_tofd_t2.asm.obj (.text)
                  00005546    00000002     --HOLE-- [fill = 0]
                  00005548    00000028                                   : memory.c.obj (.text:free_list_insert)
                  00005570    00000020                                   : u_tofd_t2.asm.obj (.text)
                  00005590    0000001c                                   : memory.c.obj (.text:free_list_remove)
                  000055ac    0000001c                                   : memccpy.c.obj (.text:memccpy)
                  000055c8    0000001a                                   : s_copysign.c.obj (.text:copysign)
                  000055e2    00000018                                   : vsnprintf.c.obj (.text:_outc)
                  000055fa    00000018                                   : sprintf.c.obj (.text:_outs)
                  00005612    00000018     open_interface.obj (.text:oi_parseInt)
                  0000562a    00000018     rtsv7M4_T_le_v4SPD16_eabi.lib : strcmp.c.obj (.text:strcmp)
                  00005642    00000016                                   : strchr.c.obj (.text:strchr)
                  00005658    00000014                                   : strcpy.c.obj (.text:strcpy)
                  0000566c    00000014                                   : strlen.c.obj (.text:strlen)
                  00005680    00000012                                   : wcslen.c.obj (.text:wcslen)
                  00005692    00000010     driverlib.lib : interrupt.obj (.text:IntMasterEnable)
                  000056a2    00000010     lcd.obj (.text:lcd_clear)
                  000056b2    0000000e     rtsv7M4_T_le_v4SPD16_eabi.lib : copy_decompress_none.c.obj (.text:decompress:none:__TI_decompress_none)
                  000056c0    0000000c     driverlib.lib : cpu.obj (.text:CPUcpsie)
                  000056cc    0000000c     rtsv7M4_T_le_v4SPD16_eabi.lib : copy_zero_init.c.obj (.text:decompress:ZI:__TI_zero_init)
                  000056d8    0000000c     tm4c123gh6pm_startup_ccs.obj (.text)
                  000056e4    0000000a     rtsv7M4_T_le_v4SPD16_eabi.lib : sprintf.c.obj (.text:_outc)
                  000056ee    00000002     --HOLE-- [fill = 0]
                  000056f0    00000008                                   : errno.c.obj (.text:__aeabi_errno_addr)
                  000056f8    00000008                                   : memory.c.obj (.text:malloc)
                  00005700    00000004                                   : pre_init.c.obj (.text:_system_pre_init)
                  00005704    00000004                                   : exit.c.obj (.text:abort:abort)

.const     0    00005708    000002f3     
                  00005708    00000158     rtsv7M4_T_le_v4SPD16_eabi.lib : k_rem_pio2.c.obj (.const:$O1$$)
                  00005860    00000101                                   : ctype.c.obj (.const:.string:_ctypes_)
                  00005961    00000004     lcd.obj (.const:.string:lineAddress$1)
                  00005965    00000003     --HOLE-- [fill = 0]
                  00005968    00000080     rtsv7M4_T_le_v4SPD16_eabi.lib : k_tan.c.obj (.const:xxx)
                  000059e8    0000000f     open_interface.obj (.const:.string:$P$T0$3)
                  000059f7    00000004     lcd.obj (.const:.string:lineAddresses$2)

.cinit     0    00005a00    00000058     
                  00005a00    0000001f     (.cinit..data.load) [load image, compression = lzss]
                  00005a1f    00000001     --HOLE-- [fill = 0]
                  00005a20    0000000c     (__TI_handler_table)
                  00005a2c    00000004     --HOLE-- [fill = 0]
                  00005a30    00000008     (.cinit..bss.load) [load image, compression = zero_init]
                  00005a38    00000008     (.cinit..vtable.load) [load image, compression = zero_init]
                  00005a40    00000018     (__TI_cinit_table)

.init_array 
*          0    00000000    00000000     UNINITIALIZED

.vtable    0    20000000    0000026c     UNINITIALIZED
                  20000000    0000026c     driverlib.lib : interrupt.obj (.vtable)

.stack     0    20000270    00001000     UNINITIALIZED
                  20000270    00000004     rtsv7M4_T_le_v4SPD16_eabi.lib : boot_cortex_m.c.obj (.stack)
                  20000274    00000ffc     --HOLE--

.sysmem    0    20001270    00001000     UNINITIALIZED
                  20001270    00000010     rtsv7M4_T_le_v4SPD16_eabi.lib : memory.c.obj (.sysmem)
                  20001280    00000ff0     --HOLE--

.bss       0    20002270    000003d1     UNINITIALIZED
                  20002270    000002d0     (.common:array)
                  20002540    00000054     lcd.obj (.bss:lastbuffer$3)
                  20002594    00000028     (.common:ang)
                  200025bc    00000028     (.common:dist)
                  200025e4    00000028     (.common:widths)
                  2000260c    00000018     open_interface.obj (.bss:firmware$2)
                  20002624    00000004     (.common:_timeout_ticks)
                  20002628    00000004     (.common:fallingEdge)
                  2000262c    00000004     (.common:isr_int_value)
                  20002630    00000004     (.common:left_calibration_value)
                  20002634    00000004     (.common:pulseLength)
                  20002638    00000004     (.common:right_calibration_value)
                  2000263c    00000004     (.common:risingEdge)
                  20002640    00000001     (.common:isRisingEdge)

.data      0    20002644    00000049     UNINITIALIZED
                  20002644    00000020     open_interface.obj (.data)
                  20002664    00000008     rtsv7M4_T_le_v4SPD16_eabi.lib : _lock.c.obj (.data:$O1$$)
                  2000266c    00000008                                   : memory.c.obj (.data:$O1$$)
                  20002674    00000008     lab7_template.obj (.data)
                  2000267c    00000008     uart-interrupt.obj (.data)
                  20002684    00000004     libcybotScan.lib : cyBot_Scan.obj (.data)
                  20002688    00000004     rtsv7M4_T_le_v4SPD16_eabi.lib : errno.c.obj (.data)
                  2000268c    00000001     Timer.obj (.data)

__llvm_prf_cnts 
*          0    20000000    00000000     UNINITIALIZED

MODULE SUMMARY

       Module                         code    ro data   rw data
       ------                         ----    -------   -------
    .\
       tm4c123gh6pm_startup_ccs.obj   12      620       0      
    +--+------------------------------+-------+---------+---------+
       Total:                         12      620       0      
                                                               
    .\Lab7 Code Files\
       open_interface.obj             3128    15        56     
       lab7_template.obj              980     0         856    
       lcd.obj                        824     8         84     
       movement.obj                   804     0         0      
       Timer.obj                      584     0         5      
       uart-interrupt.obj             548     0         8      
    +--+------------------------------+-------+---------+---------+
       Total:                         6868    23        1009   
                                                               
    ../Lab7 Code Files/libcybotScan.lib
       cyBot_Scan.obj                 608     0         4      
       ping.obj                       492     0         13     
       servo.obj                      344     0         0      
       ir.obj                         280     0         4      
    +--+------------------------------+-------+---------+---------+
       Total:                         1724    0         21     
                                                               
    C:/ti/TivaWare_C_Series-2.2.0.295/driverlib/ccs/Debug/driverlib.lib
       interrupt.obj                  68      0         620    
       cpu.obj                        12      0         0      
    +--+------------------------------+-------+---------+---------+
       Total:                         80      0         620    
                                                               
    C:\ti\ccs1200\ccs\tools\compiler\ti-cgt-arm_20.2.6.LTS\lib\rtsv7M4_T_le_v4SPD16_eabi.lib
       _printfi.c.obj                 4851    0         0      
       k_rem_pio2.c.obj               1848    344       0      
       s_tan.c.obj                    1288    0         0      
       k_tan.c.obj                    796     128       0      
       memory.c.obj                   728     0         8      
       fd_add_t2.asm.obj              438     0         0      
       fd_div_t2.asm.obj              310     0         0      
       s_scalbn.c.obj                 272     0         0      
       fd_cmp_t2.asm.obj              268     0         0      
       ctype.c.obj                    0       257       0      
       fd_mul_t2.asm.obj              252     0         0      
       s_floor.c.obj                  248     0         0      
       memcpy_t2.asm.obj              156     0         0      
       ull_div_t2.asm.obj             150     0         0      
       vsnprintf.c.obj                136     0         0      
       memset_t2.asm.obj              122     0         0      
       fd_tos_t2.asm.obj              110     0         0      
       copy_decompress_lzss.c.obj     104     0         0      
       s_frexp.c.obj                  100     0         0      
       sprintf.c.obj                  98      0         0      
       _ltoa.c.obj                    84      0         0      
       atoi.c.obj                     76      0         0      
       fd_toi_t2.asm.obj              72      0         0      
       autoinit.c.obj                 68      0         0      
       fs_tod_t2.asm.obj              56      0         0      
       boot_cortex_m.c.obj            52      0         0      
       i_tofd_t2.asm.obj              46      0         0      
       u_tofd_t2.asm.obj              32      0         0      
       memccpy.c.obj                  28      0         0      
       s_copysign.c.obj               26      0         0      
       strcmp.c.obj                   24      0         0      
       strchr.c.obj                   22      0         0      
       strcpy.c.obj                   20      0         0      
       strlen.c.obj                   20      0         0      
       wcslen.c.obj                   18      0         0      
       copy_decompress_none.c.obj     14      0         0      
       copy_zero_init.c.obj           12      0         0      
       errno.c.obj                    8       0         4      
       _lock.c.obj                    2       0         8      
       exit.c.obj                     4       0         0      
       pre_init.c.obj                 4       0         0      
       div0.asm.obj                   2       0         0      
    +--+------------------------------+-------+---------+---------+
       Total:                         12965   729       20     
                                                               
       Heap:                          0       0         4096   
       Stack:                         0       0         4096   
       Linker Generated:              0       83        0      
    +--+------------------------------+-------+---------+---------+
       Grand Total:                   21649   1455      9862   


LINKER GENERATED COPY TABLES

__TI_cinit_table @ 00005a40 records: 3, size/record: 8, table size: 24
	.data: load addr=00005a00, load size=0000001f bytes, run addr=20002644, run size=00000049 bytes, compression=lzss
	.bss: load addr=00005a30, load size=00000008 bytes, run addr=20002270, run size=000003d1 bytes, compression=zero_init
	.vtable: load addr=00005a38, load size=00000008 bytes, run addr=20000000, run size=0000026c bytes, compression=zero_init


LINKER GENERATED HANDLER TABLE

__TI_handler_table @ 00005a20 records: 3, size/record: 4, table size: 12
	index: 0, handler: __TI_zero_init
	index: 1, handler: __TI_decompress_lzss
	index: 2, handler: __TI_decompress_none


GLOBAL SYMBOLS: SORTED ALPHABETICALLY BY Name 

address   name                          
-------   ----                          
00004691  ADC0SS0_Handler               
00005705  C$$EXIT                       
000056c1  CPUcpsie                      
00000bc3  GPIOF_Handler                 
00005693  IntMasterEnable               
00005481  IntRegister                   
000056d9  ResetISR                      
00003c85  TIMER3B_Handler               
00003acf  UART1_Handler                 
20001270  __STACK_END                   
00001000  __STACK_SIZE                  
20000470  __STACK_TOP                   
00001000  __SYSMEM_SIZE                 
00005a40  __TI_CINIT_Base               
00005a58  __TI_CINIT_Limit              
00005a20  __TI_Handler_Table_Base       
00005a2c  __TI_Handler_Table_Limit      
0000530d  __TI_auto_init_nobinit_nopinit
000050b1  __TI_decompress_lzss          
000056b3  __TI_decompress_none          
000051d3  __TI_ltoa                     
ffffffff  __TI_pprof_out_hndl           
00000e8d  __TI_printfi                  
ffffffff  __TI_prof_data_size           
ffffffff  __TI_prof_data_start          
00000000  __TI_static_base__            
000056cd  __TI_zero_init                
00004ddd  __aeabi_cdcmpeq               
00004ddd  __aeabi_cdcmple               
00004e63  __aeabi_cdrcmple              
00005043  __aeabi_d2f                   
000052c5  __aeabi_d2iz                  
00003f5b  __aeabi_dadd                  
0000439d  __aeabi_ddiv                  
00004921  __aeabi_dmul                  
00003f51  __aeabi_dsub                  
000056f1  __aeabi_errno_addr            
00005449  __aeabi_f2d                   
00005519  __aeabi_i2d                   
00004107  __aeabi_idiv0                 
00004107  __aeabi_ldiv0                 
00004ee9  __aeabi_memclr                
00004ee9  __aeabi_memclr4               
00004ee9  __aeabi_memclr8               
00004cab  __aeabi_memcpy                
00004cab  __aeabi_memcpy4               
00004cab  __aeabi_memcpy8               
00004eeb  __aeabi_memset                
00004eeb  __aeabi_memset4               
00004eeb  __aeabi_memset8               
00005571  __aeabi_ui2d                  
00004d47  __aeabi_uldivmod              
ffffffff  __binit__                     
ffffffff  __c_args__                    
000018dd  __kernel_rem_pio2             
00002f3d  __kernel_tan                  
UNDEFED   __mpu_init                    
20000270  __stack                       
20000000  __start___llvm_prf_cnts       
20000000  __stop___llvm_prf_cnts        
000054b5  _c_int00_noargs               
00005860  _ctypes_                      
20002664  _lock                         
000018db  _nop                          
2000268c  _running                      
20001270  _sys_memory                   
UNDEFED   _system_post_cinit            
00005701  _system_pre_init              
20002624  _timeout_ticks                
20002668  _unlock                       
00005705  abort                         
00004821  aligned_alloc                 
20002594  ang                           
20002270  array                         
00005279  atoi                          
ffffffff  binit                         
00005411  calloc                        
2000267c  command_byte                  
20002680  command_flag                  
000055c9  copysign                      
000055c9  copysignl                     
000035a1  cyBOT_SERVO_cal               
0000352f  cyBOT_Scan                    
000034d7  cyBOT_init_Scan               
20002684  cyBOT_scan_features           
000034c9  cyBOT_scan_version            
200025bc  dist                          
0000256f  doScan                        
20002688  errno                         
20002628  fallingEdge                   
000027e5  findSmallestObject            
00004a1d  floor                         
00004a1d  floorl                        
00004b15  free                          
00005119  frexp                         
00005119  frexpl                        
20000000  g_pfnRAMVectors               
00000000  g_pfnVectors                  
0000097f  go_charge                     
000046a7  ir_enableInterrupt            
00004689  ir_getDistance                
00004661  ir_getValue                   
000045f9  ir_init                       
20002640  isRisingEdge                  
2000262c  isr_int_value                 
000056a3  lcd_clear                     
00002ac5  lcd_gotoLine                  
0000292d  lcd_init                      
00002b2b  lcd_printf                    
000029ed  lcd_putc                      
00002a25  lcd_puts                      
000028f1  lcd_reverseNibble             
00002a43  lcd_sendCommand               
00002a81  lcd_sendNibble                
00002aed  lcd_setCursorPos              
00004711  ldexp                         
00004711  ldexpl                        
20002630  left_calibration_value        
0000251d  main                          
000056f9  malloc                        
00004821  memalign                      
000055ad  memccpy                       
00004cab  memcpy                        
00004ef1  memset                        
20002678  midPoint                      
20002644  motor_cal_factor_L            
20002648  motor_cal_factor_R            
00002e07  move_around                   
00002ce1  move_backwards                
00002c19  move_forward                  
20002674  object                        
0000026d  oi_alloc                      
00000aa9  oi_checkFirmware              
000002c7  oi_close                      
00000279  oi_free                       
00000ded  oi_getMotorCalibrationLeft    
00000e01  oi_getMotorCalibrationRight   
000002b1  oi_init                       
00000289  oi_init_noupdate              
00000915  oi_loadSong                   
00005613  oi_parseInt                   
0000032b  oi_parsePacket                
0000096b  oi_play_song                  
0000084b  oi_setLeds                    
00000db1  oi_setMotorCalibration        
0000088f  oi_setWheels                  
00000b51  oi_shutoff_init               
0000098d  oi_uartInit                   
00000a31  oi_uartReceive                
00000a77  oi_uartSendBuff               
00000a15  oi_uartSendChar               
00000a59  oi_uartSendStr                
000002d9  oi_update                     
00003cd7  ping_getDistance              
00003b95  ping_init                     
00003c1b  ping_trigger                  
20002634  pulseLength                   
20002638  right_calibration_value       
2000263c  risingEdge                    
00004711  scalbn                        
00004711  scalbnl                       
00004109  servo_init                    
00004199  servo_move                    
000041f9  servo_setPWM                  
0000418d  servo_stop                    
00005351  sprintf                       
00005643  strchr                        
0000562b  strcmp                        
00005659  strcpy                        
0000566d  strlen                        
00002015  tan                           
00002015  tanl                          
00003847  timer_getMicros               
000037ef  timer_getMillis               
00003729  timer_init                    
000037cb  timer_pause                   
000037dd  timer_resume                  
000037a1  timer_stop                    
000038a1  timer_waitMicros              
000038d3  timer_waitMillis              
00002d51  turn                          
00003971  uart_interrupt_init           
00003a4d  uart_receive                  
00003a7b  uart_receive_nonblocking      
00003a29  uart_sendChar                 
00003aa9  uart_sendStr                  
00005391  vsnprintf                     
00005681  wcslen                        
200025e4  widths                        


GLOBAL SYMBOLS: SORTED BY Symbol Address 

address   name                          
-------   ----                          
00000000  __TI_static_base__            
00000000  g_pfnVectors                  
0000026d  oi_alloc                      
00000279  oi_free                       
00000289  oi_init_noupdate              
000002b1  oi_init                       
000002c7  oi_close                      
000002d9  oi_update                     
0000032b  oi_parsePacket                
0000084b  oi_setLeds                    
0000088f  oi_setWheels                  
00000915  oi_loadSong                   
0000096b  oi_play_song                  
0000097f  go_charge                     
0000098d  oi_uartInit                   
00000a15  oi_uartSendChar               
00000a31  oi_uartReceive                
00000a59  oi_uartSendStr                
00000a77  oi_uartSendBuff               
00000aa9  oi_checkFirmware              
00000b51  oi_shutoff_init               
00000bc3  GPIOF_Handler                 
00000db1  oi_setMotorCalibration        
00000ded  oi_getMotorCalibrationLeft    
00000e01  oi_getMotorCalibrationRight   
00000e8d  __TI_printfi                  
00001000  __STACK_SIZE                  
00001000  __SYSMEM_SIZE                 
000018db  _nop                          
000018dd  __kernel_rem_pio2             
00002015  tan                           
00002015  tanl                          
0000251d  main                          
0000256f  doScan                        
000027e5  findSmallestObject            
000028f1  lcd_reverseNibble             
0000292d  lcd_init                      
000029ed  lcd_putc                      
00002a25  lcd_puts                      
00002a43  lcd_sendCommand               
00002a81  lcd_sendNibble                
00002ac5  lcd_gotoLine                  
00002aed  lcd_setCursorPos              
00002b2b  lcd_printf                    
00002c19  move_forward                  
00002ce1  move_backwards                
00002d51  turn                          
00002e07  move_around                   
00002f3d  __kernel_tan                  
000034c9  cyBOT_scan_version            
000034d7  cyBOT_init_Scan               
0000352f  cyBOT_Scan                    
000035a1  cyBOT_SERVO_cal               
00003729  timer_init                    
000037a1  timer_stop                    
000037cb  timer_pause                   
000037dd  timer_resume                  
000037ef  timer_getMillis               
00003847  timer_getMicros               
000038a1  timer_waitMicros              
000038d3  timer_waitMillis              
00003971  uart_interrupt_init           
00003a29  uart_sendChar                 
00003a4d  uart_receive                  
00003a7b  uart_receive_nonblocking      
00003aa9  uart_sendStr                  
00003acf  UART1_Handler                 
00003b95  ping_init                     
00003c1b  ping_trigger                  
00003c85  TIMER3B_Handler               
00003cd7  ping_getDistance              
00003f51  __aeabi_dsub                  
00003f5b  __aeabi_dadd                  
00004107  __aeabi_idiv0                 
00004107  __aeabi_ldiv0                 
00004109  servo_init                    
0000418d  servo_stop                    
00004199  servo_move                    
000041f9  servo_setPWM                  
0000439d  __aeabi_ddiv                  
000045f9  ir_init                       
00004661  ir_getValue                   
00004689  ir_getDistance                
00004691  ADC0SS0_Handler               
000046a7  ir_enableInterrupt            
00004711  ldexp                         
00004711  ldexpl                        
00004711  scalbn                        
00004711  scalbnl                       
00004821  aligned_alloc                 
00004821  memalign                      
00004921  __aeabi_dmul                  
00004a1d  floor                         
00004a1d  floorl                        
00004b15  free                          
00004cab  __aeabi_memcpy                
00004cab  __aeabi_memcpy4               
00004cab  __aeabi_memcpy8               
00004cab  memcpy                        
00004d47  __aeabi_uldivmod              
00004ddd  __aeabi_cdcmpeq               
00004ddd  __aeabi_cdcmple               
00004e63  __aeabi_cdrcmple              
00004ee9  __aeabi_memclr                
00004ee9  __aeabi_memclr4               
00004ee9  __aeabi_memclr8               
00004eeb  __aeabi_memset                
00004eeb  __aeabi_memset4               
00004eeb  __aeabi_memset8               
00004ef1  memset                        
00005043  __aeabi_d2f                   
000050b1  __TI_decompress_lzss          
00005119  frexp                         
00005119  frexpl                        
000051d3  __TI_ltoa                     
00005279  atoi                          
000052c5  __aeabi_d2iz                  
0000530d  __TI_auto_init_nobinit_nopinit
00005351  sprintf                       
00005391  vsnprintf                     
00005411  calloc                        
00005449  __aeabi_f2d                   
00005481  IntRegister                   
000054b5  _c_int00_noargs               
00005519  __aeabi_i2d                   
00005571  __aeabi_ui2d                  
000055ad  memccpy                       
000055c9  copysign                      
000055c9  copysignl                     
00005613  oi_parseInt                   
0000562b  strcmp                        
00005643  strchr                        
00005659  strcpy                        
0000566d  strlen                        
00005681  wcslen                        
00005693  IntMasterEnable               
000056a3  lcd_clear                     
000056b3  __TI_decompress_none          
000056c1  CPUcpsie                      
000056cd  __TI_zero_init                
000056d9  ResetISR                      
000056f1  __aeabi_errno_addr            
000056f9  malloc                        
00005701  _system_pre_init              
00005705  C$$EXIT                       
00005705  abort                         
00005860  _ctypes_                      
00005a20  __TI_Handler_Table_Base       
00005a2c  __TI_Handler_Table_Limit      
00005a40  __TI_CINIT_Base               
00005a58  __TI_CINIT_Limit              
20000000  __start___llvm_prf_cnts       
20000000  __stop___llvm_prf_cnts        
20000000  g_pfnRAMVectors               
20000270  __stack                       
20000470  __STACK_TOP                   
20001270  __STACK_END                   
20001270  _sys_memory                   
20002270  array                         
20002594  ang                           
200025bc  dist                          
200025e4  widths                        
20002624  _timeout_ticks                
20002628  fallingEdge                   
2000262c  isr_int_value                 
20002630  left_calibration_value        
20002634  pulseLength                   
20002638  right_calibration_value       
2000263c  risingEdge                    
20002640  isRisingEdge                  
20002644  motor_cal_factor_L            
20002648  motor_cal_factor_R            
20002664  _lock                         
20002668  _unlock                       
20002674  object                        
20002678  midPoint                      
2000267c  command_byte                  
20002680  command_flag                  
20002684  cyBOT_scan_features           
20002688  errno                         
2000268c  _running                      
ffffffff  __TI_pprof_out_hndl           
ffffffff  __TI_prof_data_size           
ffffffff  __TI_prof_data_start          
ffffffff  __binit__                     
ffffffff  __c_args__                    
ffffffff  binit                         
UNDEFED   __mpu_init                    
UNDEFED   _system_post_cinit            

[189 symbols]
